x86_64, INDICATIVE ONLY -- not a result, do not quote (EXPERIMENTS.md 'Measurement platforms').
The reference-device run is bincv-cpp/results/corner_benchmark_pi4.log and is the one X-18 records.

binCV T3.7 -- corner response: sliding against a covariance call per position
frame 640x480, word uint32_t, one column of sliding state, no caller scratch

  working set, identical for both variants:
    four one-bit derivative planes      153600 B
    float response map                 1228800 B
    caller scratch                          0 B  (two stack accumulators)
    TOTAL                              1382400 B

  block  variant          ns/frame   ns/pixel   spread vs.slide allocs
  3      sliding          11889093     38.701   55.88%        -      0
  3      recompute        14089009     45.863   17.04%    1.19x      0
  3      recompute-col    14399927     46.875   21.46%    1.21x      0
         -> incremental effect (sliding vs recompute-col)   1.21x, traversal effect (recompute vs recompute-col)   1.02x
  7      sliding          24684529     80.353   33.76%        -      0
  7      recompute        30796244    100.248   51.04%    1.25x      0
  7      recompute-col    32462794    105.673   18.21%    1.32x      0
         -> incremental effect (sliding vs recompute-col)   1.32x, traversal effect (recompute vs recompute-col)   1.05x
  15     sliding          44997601    146.477   63.23%        -      0
  15     recompute        84721241    275.785   43.25%    1.88x      0
  15     recompute-col    73834276    240.346   13.15%    1.64x      0
         -> incremental effect (sliding vs recompute-col)   1.64x, traversal effect (recompute vs recompute-col)   0.87x
  31     sliding         111029575    361.424   55.81%        -      0
  31     recompute       201602386    656.258   10.22%    1.82x      0
  31     recompute-col   211299828    687.825   31.42%    1.90x      0
         -> incremental effect (sliding vs recompute-col)   1.90x, traversal effect (recompute vs recompute-col)   1.05x

  the `allocs` column is `operator new` calls -- plain AND C++17 over-aligned --
  counted around ONE call of each variant. Zero is what no scratch means.
  sink 623
