T2.2 logic kernels vs OpenCV -- bitwiseAnd / bitwiseOr / bitwiseXor / bitwiseNot
================================================================================

DENOMINATOR (ARCHITECTURE 10.3): cv::bitwise_and / _or / _xor / _not on the SAME
binary content stored as CV_8U {0,255} -- what a user runs today without binCV.
Verified per size, per operation: both sides produce the same set-pixel count
before anything is timed, and a disagreement now SKIPS that size and exits
non-zero rather than printing a table beneath a warning.

WHICH OpenCV, AND WHY THE QUESTION IS PART OF THE RESULT
--------------------------------------------------------------------------------
Two OpenCV 4.x installs on this machine, both configured Release, both dispatching
the same instruction sets. cv::bitwise_and / _or / _xor agree between them within
run-to-run noise. cv::bitwise_not DOES NOT: it runs at ~105 GB/s in the distro
4.5.4 build and ~32 GB/s in the locally built 4.8.0-dev one, a 3.3x gap in the
denominator alone.

Both sets of numbers are below. **The 4.5.4 column is the reported result**,
because it is the faster denominator and therefore the conservative one, and
because it is the package a user gets by installing OpenCV rather than building
it. The earlier version of this log reported 18-20x for bitwiseNot; that figure
was a property of one local OpenCV build and is WITHDRAWN. Against a denominator
that dispatches properly, bitwiseNot is 5.5x -- see READING IT point 3, which is
the least flattering number in this file and the most informative.

PLATFORM -- NOT AUTHORITATIVE for micro-decisions (EXPERIMENTS.md, "Measurement
platforms"). x86_64 desktop under WSL2, which can indicate a large algorithmic
effect but cannot close E-1/E-2/E-3.

  CPU        AMD Ryzen 5 5600X, 6 cores / 12 threads
             L1d 32 KiB per core, L2 512 KiB per core, L3 32 MiB shared
  Kernel     Linux 5.15.167.4-microsoft-standard-WSL2 x86_64
  Compiler   g++ (Ubuntu 11.4.0-1ubuntu1~22.04) 11.4.0, -O3 (CMAKE_BUILD_TYPE=Release)
  OpenCV     REPORTED: 4.5.4 (distro), Baseline SSE SSE2, dispatch SSE4_1..AVX512_SKX
             ALSO RUN:  4.8.0-dev (/usr/local), Baseline SSE SSE2 SSE3, same dispatch
  Threads    cv::getNumThreads() = 1 in every run below. taskset to a single core
             leaves OpenCV one thread whatever its default would have been; an
             earlier version of this header recorded the UNPINNED default (12)
             while every raw run underneath it printed 1.
  Pinning    taskset -c 3; three whole runs per denominator, medians reported
  Governor   not available under WSL2; no thermal state is observable here either,
             which is one more reason this platform cannot close an experiment

REPRODUCE
  cmake -S bincv-cpp -B bincv-cpp/build -DCMAKE_BUILD_TYPE=Release
  cmake --build bincv-cpp/build --target logic_benchmark -j
  taskset -c 3 ./bincv-cpp/build/benchmark/logic_benchmark

  The build picks up whichever OpenCV CMake finds. To pin the denominator
  explicitly, build the one file by hand:
    g++ -O3 -DNDEBUG -std=gnu++17 -DBINCV_WITH_OPENCV \
        -Ibincv-cpp/benchmark -Ibincv-cpp/include -isystem /usr/include/opencv4 \
        bincv-cpp/benchmark/logic_benchmark.cpp -o lb -lopencv_core
  The binary prints its OpenCV version AND that build's baseline/dispatch lines,
  so a reader can tell which denominator produced any given table.

METHOD, and the five validity hazards it answers (EXPERIMENTS.md, "Verify the
benchmark measures something") -- the full argument is in the header comment of
bincv-cpp/benchmark/logic_benchmark.cpp:
  - every timed iteration folds destination words into a `volatile` sink, and each
    result's popcount is printed, so a deleted loop would be visible twice
  - inputs rotate through four distinct random pairs, so nothing is foldable and
    no iteration can reuse the previous answer
  - a one-read-one-write word-copy loop at the same footprint is the physical
    bound. It is NOISY and now says so: it prints its slowest batch alongside its
    fastest, and the gap is large (e.g. 143.04 GB/s best against 55.05 GB/s worst
    at 38400 B). A row above 1.5x the fastest batch is flagged IMPLAUSIBLE; none
    is. The old threshold was 4x, which against a 100-140 GB/s probe needed
    400-560 GB/s to fire and could only ever have caught total elimination.
  - std::memcpy is printed for context and is NOT the bound: 133 GB/s at 38400 B,
    ~8 GB/s at 307200 B and 131072 B, then back UP to 21-28 GB/s at 33 MB. It is
    not monotonic in size, so the "glibc switches to non-temporal stores above
    ~128 KB" story that used to be told about it here does not fit the data and
    has been withdrawn as an explanation. The swing is real; its cause is not
    established, and a primitive that swings 16x across the sizes under test
    cannot bound them either way.
  - batch length is calibrated to ~20 ms per batch; the reported time is the
    MINIMUM over 9 batches, i.e. the run least disturbed by the scheduler

--------------------------------------------------------------------------------
RESULT -- median of three runs, denominator OpenCV 4.5.4. The "vs OpenCV" column
is the printed OpenCV median divided by the printed binCV median on the same row's
operation, so a reader can verify every entry by dividing the two columns to its
left. (It could not before: the old table's ratio column was an independent median
of per-run ratios and did not divide its own ns/pixel columns.)

640x480      buffer: binCV 38400 B, OpenCV CV_8U 307200 B (8.0x smaller)
             BOTH SIDES CACHE-RESIDENT -- the GB/s column here is cache bandwidth

  OPERATION    IMPLEMENTATION    ns/pixel      GB/s   vs OpenCV
  bitwiseAnd   binCV uint32       0.00297     126.4       9.42x
  bitwiseAnd   binCV uint64       0.00354     105.9       7.90x
  bitwiseAnd   OpenCV CV_8U       0.02798     107.2       1.00x
  bitwiseOr    binCV uint32       0.00351     106.7       8.16x
  bitwiseOr    binCV uint64       0.00280     133.9      10.23x
  bitwiseOr    OpenCV CV_8U       0.02865     104.7       1.00x
  bitwiseXor   binCV uint32       0.00355     105.5       7.86x
  bitwiseXor   binCV uint64       0.00367     102.3       7.60x
  bitwiseXor   OpenCV CV_8U       0.02790     107.5       1.00x
  bitwiseNot   binCV uint32       0.00345      72.5       5.50x
  bitwiseNot   binCV uint64       0.00350      71.4       5.42x
  bitwiseNot   OpenCV CV_8U       0.01898     105.4       1.00x

1024x1024    buffer: binCV 131072 B, OpenCV CV_8U 1048576 B (8.0x smaller)
             BOTH SIDES CACHE-RESIDENT

  OPERATION    IMPLEMENTATION    ns/pixel      GB/s   vs OpenCV
  bitwiseAnd   binCV uint32       0.00308     121.7       9.26x
  bitwiseAnd   binCV uint64       0.00375     100.1       7.60x
  bitwiseAnd   OpenCV CV_8U       0.02851     105.2       1.00x
  bitwiseOr    binCV uint32       0.00365     102.9       8.07x
  bitwiseOr    binCV uint64       0.00302     124.0       9.76x
  bitwiseOr    OpenCV CV_8U       0.02947     101.8       1.00x
  bitwiseXor   binCV uint32       0.00359     104.3       8.08x
  bitwiseXor   binCV uint64       0.00361     103.8       8.03x
  bitwiseXor   OpenCV CV_8U       0.02899     103.5       1.00x
  bitwiseNot   binCV uint32       0.00347      72.1       5.61x
  bitwiseNot   binCV uint64       0.00355      70.4       5.49x
  bitwiseNot   OpenCV CV_8U       0.01948     102.7       1.00x

8192x4096    buffer: binCV 4194304 B, OpenCV CV_8U 33554432 B (8.0x smaller)
             WORKING SET binCV 12.6 MB (fits the 32 MiB L3), OpenCV 100 MB (does
             NOT) -- the two sides are at DIFFERENT levels of the hierarchy here,
             and that, not the traffic ratio, is what sets the numbers below

  OPERATION    IMPLEMENTATION    ns/pixel      GB/s   vs OpenCV
  bitwiseAnd   binCV uint32       0.01096      34.2      15.01x
  bitwiseAnd   binCV uint64       0.00973      38.5      16.91x
  bitwiseAnd   OpenCV CV_8U       0.16450      18.2       1.00x
  bitwiseOr    binCV uint32       0.01004      37.4      20.79x
  bitwiseOr    binCV uint64       0.00984      38.1      21.21x
  bitwiseOr    OpenCV CV_8U       0.20875      14.4       1.00x
  bitwiseXor   binCV uint32       0.01023      36.7      17.09x
  bitwiseXor   binCV uint64       0.01184      31.7      14.77x
  bitwiseXor   OpenCV CV_8U       0.17485      17.2       1.00x
  bitwiseNot   binCV uint32       0.00603      41.5      18.40x
  bitwiseNot   binCV uint64       0.00577      43.4      19.23x
  bitwiseNot   OpenCV CV_8U       0.11095      18.0       1.00x

THE SAME RUNS AGAINST OpenCV 4.8.0-dev, for the denominator comparison only.
Only bitwiseNot moves; the binary operations are the same numbers.

  640x480      bitwiseNot OpenCV CV_8U  0.06264 ns/px   31.9 GB/s -> binCV 18.10x
  1024x1024    bitwiseNot OpenCV CV_8U  0.06352 ns/px   31.5 GB/s -> binCV 18.25x
  8192x4096    bitwiseNot OpenCV CV_8U  0.08330 ns/px   24.0 GB/s -> binCV 14.77x
  (bitwiseAnd 640x480: 0.02768 against 4.5.4's 0.02798 -- within noise)

--------------------------------------------------------------------------------
READING IT

1. binCV wins on the binary operations, by ROUGHLY THE COMPRESSION RATIO, and the
   mechanism is visible in the GB/s column: on AND / OR / XOR at the two
   cache-resident sizes both sides move memory at about the same rate -- 101-108
   GB/s for OpenCV, 100-134 GB/s for binCV -- so both are bandwidth-bound and
   binCV's advantage is that it touches an eighth of the bytes. The win is the
   data model, not a cleverer inner loop, which also says where binCV will NOT
   win: anything not bandwidth-bound. (bitwiseNot does NOT follow this pattern --
   see point 3, which is where the two sides' GB/s stop matching.)

2. QUOTE ONE RATIO FOR AND / OR / XOR, WITH ITS SPREAD, NOT THREE. Across the six
   binCV rows at each cache-resident size the ratio is **7.6-10.2x, median ~8.1x**.
   The differences BETWEEN the three operations are not real: they are one shared
   loop that differs in a single instruction (`pand` / `por` / `pxor` in otherwise
   identical vectorized code), and the fast and slow clusters swap between word
   types and between runs -- uint32 leads on AND in one run and trails it in the
   next. An earlier version of this log reported 8.0x / 10.1x / 8.1x as three
   per-operation results; they were code-placement noise. Note also that a ratio
   ABOVE 8.0x has no mechanism behind it and should be read as the top of the
   noise band, not as evidence of something extra.

3. bitwiseNot IS THE WEAK RESULT, and it is weak in binCV's own kernel. Against
   the 4.5.4 denominator it is **5.5x, below the 8x traffic ratio**. The reason is
   in the GB/s column: cv::bitwise_not manages ~105 GB/s while binCV's bitwiseNot
   manages ~72, so the representation wins 8x and the kernel gives a third of it
   back. It is the one row here where binCV is slower per byte than OpenCV, and
   the honest reading is that the unary kernel has headroom the binary ones do
   not. Nothing has been tuned to hide this; the number is reported as measured.
   (The 18x against the locally built 4.8.0-dev is that build's problem, not a
   binCV result. See the denominator section at the top.)

4. FOOTPRINT DECIDES THE RATIO ONCE THE SIDES STOP SHARING A CACHE LEVEL. At
   8192x4096 the ratio is 14.8-21.2x, roughly double the traffic ratio, because
   OpenCV's 100 MB working set goes to DRAM and binCV's 12.6 MB stays in L3. That
   is a real advantage of the representation and it is bigger than 8x, but it is
   NOT the same claim as points 1-2 and must not be averaged with them: it is
   contingent on the frame size and the cache. A VIO frontend at 640x480 sits in
   the first regime; a multi-megapixel one may sit in the second.

5. WORD WIDTH IS NOT SETTLED HERE. uint64 leads uint32 on some rows and trails on
   others, and the run-to-run spread within one word type is as large as the
   difference between them. That question is E-2, its decision rule is written in
   TASKS.md T2.9, and it closes on the reference device -- not on this one, and
   not as a side observation of another benchmark.

6. WHAT IS NOT MEASURED HERE: peak working-set footprint end to end
   (ARCHITECTURE 10.4). The per-buffer 8x above is supporting evidence, not the
   headline number, and the headline number is Phase 4's (E-5). Neither is a cold
   frame straight from a sensor: every buffer here is warm from the previous
   iteration, and the 8192x4096 size is the closest this file gets to the
   DRAM-bound case a real frontend sees.

================================================================================
RAW OUTPUT -- three consecutive runs per denominator, taskset -c 3.
Every run exited 0 (RUNEXIT lines are the shell's, not the benchmark's output).
================================================================================
#### DENOMINATOR: OpenCV 4.5.4 (distro) ####
########## RUN 1 ##########
=== Benchmark Config ===
Width: 640, Height: 480, Iterations: 100, DType: uint8, Sparsity: 1

T2.2 logic kernels vs OpenCV on the same binary content as CV_8U
(ARCHITECTURE 10.3: the denominator is what a user runs today without binCV)
OpenCV 4.5.4, cv::getNumThreads() = 1; binCV is single-threaded
  OpenCV build:    Configuration:               Release
  OpenCV build:    Baseline:                    SSE SSE2
  OpenCV build:    Dispatched code generation:  SSE4_1 SSE4_2 FP16 AVX AVX2 AVX512_SKX

================ 640 x 480 (307200 pixels) ================
  footprint per buffer: binCV uint32 38400 B, binCV uint64 38400 B, OpenCV CV_8U 307200 B  (8.0x)
  bitwiseAnd   set pixels: binCV    76512   OpenCV    76512   agree
  bitwiseOr    set pixels: binCV   230224   OpenCV   230224   agree
  bitwiseXor   set pixels: binCV   153712   OpenCV   153712   agree
  bitwiseNot   set pixels: binCV   153774   OpenCV   153774   agree
  physical bound (1 read + 1 write word copy, fastest batch; worst in parentheses):
    38400 B buffer 143.04 GB/s (55.05)   307200 B buffer 113.56 GB/s (73.38)
  std::memcpy at the same footprints (context only, NOT the bound, and not monotonic in size): 133.58 GB/s, 8.15 GB/s
  working set per call: binCV 115200 B, OpenCV 921600 B (three buffers)
[BENCH] bitwiseAnd             binCV uint32        0.00272 ns/px    137.94 GB/s
[BENCH] bitwiseAnd             binCV uint64        0.00357 ns/px    104.97 GB/s
[BENCH] bitwiseAnd             OpenCV CV_8U        0.02798 ns/px    107.24 GB/s
[BENCH] bitwiseOr              binCV uint32        0.00350 ns/px    107.25 GB/s
[BENCH] bitwiseOr              binCV uint64        0.00271 ns/px    138.61 GB/s
[BENCH] bitwiseOr              OpenCV CV_8U        0.02865 ns/px    104.72 GB/s
[BENCH] bitwiseXor             binCV uint32        0.00352 ns/px    106.66 GB/s
[BENCH] bitwiseXor             binCV uint64        0.00351 ns/px    106.74 GB/s
[BENCH] bitwiseXor             OpenCV CV_8U        0.02790 ns/px    107.51 GB/s
[BENCH] bitwiseNot             binCV uint32        0.00345 ns/px     72.48 GB/s
[BENCH] bitwiseNot             binCV uint64        0.00350 ns/px     71.35 GB/s
[BENCH] bitwiseNot             OpenCV CV_8U        0.01898 ns/px    105.37 GB/s

  OP           IMPLEMENTATION       ns/pixel       GB/s    vs OpenCV
  ---------------------------------------------------------------------
  bitwiseAnd   binCV uint32          0.00272     137.94       10.29x
  bitwiseAnd   binCV uint64          0.00357     104.97        7.83x
  bitwiseAnd   OpenCV CV_8U          0.02798     107.24        1.00x
  bitwiseOr    binCV uint32          0.00350     107.25        8.19x
  bitwiseOr    binCV uint64          0.00271     138.61       10.59x
  bitwiseOr    OpenCV CV_8U          0.02865     104.72        1.00x
  bitwiseXor   binCV uint32          0.00352     106.66        7.94x
  bitwiseXor   binCV uint64          0.00351     106.74        7.94x
  bitwiseXor   OpenCV CV_8U          0.02790     107.51        1.00x
  bitwiseNot   binCV uint32          0.00345      72.48        5.50x
  bitwiseNot   binCV uint64          0.00350      71.35        5.42x
  bitwiseNot   OpenCV CV_8U          0.01898     105.37        1.00x
  ratio > 1 means binCV is faster. sink=9670303324776608522

================ 1024 x 1024 (1048576 pixels) ================
  footprint per buffer: binCV uint32 131072 B, binCV uint64 131072 B, OpenCV CV_8U 1048576 B  (8.0x)
  bitwiseAnd   set pixels: binCV   261799   OpenCV   261799   agree
  bitwiseOr    set pixels: binCV   787067   OpenCV   787067   agree
  bitwiseXor   set pixels: binCV   525268   OpenCV   525268   agree
  bitwiseNot   set pixels: binCV   523860   OpenCV   523860   agree
  physical bound (1 read + 1 write word copy, fastest batch; worst in parentheses):
    131072 B buffer 131.32 GB/s (49.25)   1048576 B buffer 105.82 GB/s (63.79)
  std::memcpy at the same footprints (context only, NOT the bound, and not monotonic in size): 8.66 GB/s, 6.30 GB/s
  working set per call: binCV 393216 B, OpenCV 3145728 B (three buffers)
[BENCH] bitwiseAnd             binCV uint32        0.00347 ns/px    107.98 GB/s
[BENCH] bitwiseAnd             binCV uint64        0.00375 ns/px    100.13 GB/s
[BENCH] bitwiseAnd             OpenCV CV_8U        0.02851 ns/px    105.22 GB/s
[BENCH] bitwiseOr              binCV uint32        0.00396 ns/px     94.69 GB/s
[BENCH] bitwiseOr              binCV uint64        0.00305 ns/px    122.76 GB/s
[BENCH] bitwiseOr              OpenCV CV_8U        0.02947 ns/px    101.78 GB/s
[BENCH] bitwiseXor             binCV uint32        0.00358 ns/px    104.61 GB/s
[BENCH] bitwiseXor             binCV uint64        0.00360 ns/px    104.20 GB/s
[BENCH] bitwiseXor             OpenCV CV_8U        0.02911 ns/px    103.07 GB/s
[BENCH] bitwiseNot             binCV uint32        0.00347 ns/px     72.08 GB/s
[BENCH] bitwiseNot             binCV uint64        0.00359 ns/px     69.61 GB/s
[BENCH] bitwiseNot             OpenCV CV_8U        0.01948 ns/px    102.65 GB/s

  OP           IMPLEMENTATION       ns/pixel       GB/s    vs OpenCV
  ---------------------------------------------------------------------
  bitwiseAnd   binCV uint32          0.00347     107.98        8.21x
  bitwiseAnd   binCV uint64          0.00375     100.13        7.61x
  bitwiseAnd   OpenCV CV_8U          0.02851     105.22        1.00x
  bitwiseOr    binCV uint32          0.00396      94.69        7.44x
  bitwiseOr    binCV uint64          0.00305     122.76        9.65x
  bitwiseOr    OpenCV CV_8U          0.02947     101.78        1.00x
  bitwiseXor   binCV uint32          0.00358     104.61        8.12x
  bitwiseXor   binCV uint64          0.00360     104.20        8.09x
  bitwiseXor   OpenCV CV_8U          0.02911     103.07        1.00x
  bitwiseNot   binCV uint32          0.00347      72.08        5.62x
  bitwiseNot   binCV uint64          0.00359      69.61        5.43x
  bitwiseNot   OpenCV CV_8U          0.01948     102.65        1.00x
  ratio > 1 means binCV is faster. sink=15915101174183726051

================ 8192 x 4096 (33554432 pixels) ================
  footprint per buffer: binCV uint32 4194304 B, binCV uint64 4194304 B, OpenCV CV_8U 33554432 B  (8.0x)
  bitwiseAnd   set pixels: binCV  8389345   OpenCV  8389345   agree
  bitwiseOr    set pixels: binCV 25165591   OpenCV 25165591   agree
  bitwiseXor   set pixels: binCV 16776246   OpenCV 16776246   agree
  bitwiseNot   set pixels: binCV 16778496   OpenCV 16778496   agree
  physical bound (1 read + 1 write word copy, fastest batch; worst in parentheses):
    4194304 B buffer 96.48 GB/s (49.31)   33554432 B buffer 14.98 GB/s (6.48)
  std::memcpy at the same footprints (context only, NOT the bound, and not monotonic in size): 7.01 GB/s, 28.19 GB/s
  working set per call: binCV 12582912 B, OpenCV 100663296 B (three buffers)
[BENCH] bitwiseAnd             binCV uint32        0.01102 ns/px     34.04 GB/s
[BENCH] bitwiseAnd             binCV uint64        0.00973 ns/px     38.54 GB/s
[BENCH] bitwiseAnd             OpenCV CV_8U        0.15656 ns/px     19.16 GB/s
[BENCH] bitwiseOr              binCV uint32        0.01062 ns/px     35.30 GB/s
[BENCH] bitwiseOr              binCV uint64        0.00972 ns/px     38.60 GB/s
[BENCH] bitwiseOr              OpenCV CV_8U        0.15826 ns/px     18.96 GB/s
[BENCH] bitwiseXor             binCV uint32        0.01087 ns/px     34.50 GB/s
[BENCH] bitwiseXor             binCV uint64        0.01160 ns/px     32.33 GB/s
[BENCH] bitwiseXor             OpenCV CV_8U        0.14815 ns/px     20.25 GB/s
[BENCH] bitwiseNot             binCV uint32        0.00507 ns/px     49.30 GB/s
[BENCH] bitwiseNot             binCV uint64        0.00533 ns/px     46.88 GB/s
[BENCH] bitwiseNot             OpenCV CV_8U        0.09652 ns/px     20.72 GB/s

  OP           IMPLEMENTATION       ns/pixel       GB/s    vs OpenCV
  ---------------------------------------------------------------------
  bitwiseAnd   binCV uint32          0.01102      34.04       14.21x
  bitwiseAnd   binCV uint64          0.00973      38.54       16.09x
  bitwiseAnd   OpenCV CV_8U          0.15656      19.16        1.00x
  bitwiseOr    binCV uint32          0.01062      35.30       14.90x
  bitwiseOr    binCV uint64          0.00972      38.60       16.29x
  bitwiseOr    OpenCV CV_8U          0.15826      18.96        1.00x
  bitwiseXor   binCV uint32          0.01087      34.50       13.63x
  bitwiseXor   binCV uint64          0.01160      32.33       12.77x
  bitwiseXor   OpenCV CV_8U          0.14815      20.25        1.00x
  bitwiseNot   binCV uint32          0.00507      49.30       19.03x
  bitwiseNot   binCV uint64          0.00533      46.88       18.10x
  bitwiseNot   OpenCV CV_8U          0.09652      20.72        1.00x
  ratio > 1 means binCV is faster. sink=15372915954085395205
RUNEXIT=0
########## RUN 2 ##########
=== Benchmark Config ===
Width: 640, Height: 480, Iterations: 100, DType: uint8, Sparsity: 1

T2.2 logic kernels vs OpenCV on the same binary content as CV_8U
(ARCHITECTURE 10.3: the denominator is what a user runs today without binCV)
OpenCV 4.5.4, cv::getNumThreads() = 1; binCV is single-threaded
  OpenCV build:    Configuration:               Release
  OpenCV build:    Baseline:                    SSE SSE2
  OpenCV build:    Dispatched code generation:  SSE4_1 SSE4_2 FP16 AVX AVX2 AVX512_SKX

================ 640 x 480 (307200 pixels) ================
  footprint per buffer: binCV uint32 38400 B, binCV uint64 38400 B, OpenCV CV_8U 307200 B  (8.0x)
  bitwiseAnd   set pixels: binCV    76512   OpenCV    76512   agree
  bitwiseOr    set pixels: binCV   230224   OpenCV   230224   agree
  bitwiseXor   set pixels: binCV   153712   OpenCV   153712   agree
  bitwiseNot   set pixels: binCV   153774   OpenCV   153774   agree
  physical bound (1 read + 1 write word copy, fastest batch; worst in parentheses):
    38400 B buffer 142.06 GB/s (58.41)   307200 B buffer 108.99 GB/s (57.33)
  std::memcpy at the same footprints (context only, NOT the bound, and not monotonic in size): 132.96 GB/s, 8.24 GB/s
  working set per call: binCV 115200 B, OpenCV 921600 B (three buffers)
[BENCH] bitwiseAnd             binCV uint32        0.00297 ns/px    126.40 GB/s
[BENCH] bitwiseAnd             binCV uint64        0.00352 ns/px    106.45 GB/s
[BENCH] bitwiseAnd             OpenCV CV_8U        0.02776 ns/px    108.05 GB/s
[BENCH] bitwiseOr              binCV uint32        0.00407 ns/px     92.22 GB/s
[BENCH] bitwiseOr              binCV uint64        0.00284 ns/px    132.27 GB/s
[BENCH] bitwiseOr              OpenCV CV_8U        0.02764 ns/px    108.55 GB/s
[BENCH] bitwiseXor             binCV uint32        0.00355 ns/px    105.53 GB/s
[BENCH] bitwiseXor             binCV uint64        0.00367 ns/px    102.30 GB/s
[BENCH] bitwiseXor             OpenCV CV_8U        0.02796 ns/px    107.31 GB/s
[BENCH] bitwiseNot             binCV uint32        0.00344 ns/px     72.78 GB/s
[BENCH] bitwiseNot             binCV uint64        0.00360 ns/px     69.39 GB/s
[BENCH] bitwiseNot             OpenCV CV_8U        0.01833 ns/px    109.12 GB/s

  OP           IMPLEMENTATION       ns/pixel       GB/s    vs OpenCV
  ---------------------------------------------------------------------
  bitwiseAnd   binCV uint32          0.00297     126.40        9.36x
  bitwiseAnd   binCV uint64          0.00352     106.45        7.88x
  bitwiseAnd   OpenCV CV_8U          0.02776     108.05        1.00x
  bitwiseOr    binCV uint32          0.00407      92.22        6.80x
  bitwiseOr    binCV uint64          0.00284     132.27        9.75x
  bitwiseOr    OpenCV CV_8U          0.02764     108.55        1.00x
  bitwiseXor   binCV uint32          0.00355     105.53        7.87x
  bitwiseXor   binCV uint64          0.00367     102.30        7.63x
  bitwiseXor   OpenCV CV_8U          0.02796     107.31        1.00x
  bitwiseNot   binCV uint32          0.00344      72.78        5.34x
  bitwiseNot   binCV uint64          0.00360      69.39        5.09x
  bitwiseNot   OpenCV CV_8U          0.01833     109.12        1.00x
  ratio > 1 means binCV is faster. sink=9672084871289576752

================ 1024 x 1024 (1048576 pixels) ================
  footprint per buffer: binCV uint32 131072 B, binCV uint64 131072 B, OpenCV CV_8U 1048576 B  (8.0x)
  bitwiseAnd   set pixels: binCV   261799   OpenCV   261799   agree
  bitwiseOr    set pixels: binCV   787067   OpenCV   787067   agree
  bitwiseXor   set pixels: binCV   525268   OpenCV   525268   agree
  bitwiseNot   set pixels: binCV   523860   OpenCV   523860   agree
  physical bound (1 read + 1 write word copy, fastest batch; worst in parentheses):
    131072 B buffer 135.54 GB/s (39.61)   1048576 B buffer 112.55 GB/s (49.83)
  std::memcpy at the same footprints (context only, NOT the bound, and not monotonic in size): 8.67 GB/s, 7.26 GB/s
  working set per call: binCV 393216 B, OpenCV 3145728 B (three buffers)
[BENCH] bitwiseAnd             binCV uint32        0.00308 ns/px    121.73 GB/s
[BENCH] bitwiseAnd             binCV uint64        0.00365 ns/px    102.72 GB/s
[BENCH] bitwiseAnd             OpenCV CV_8U        0.02846 ns/px    105.43 GB/s
[BENCH] bitwiseOr              binCV uint32        0.00360 ns/px    104.30 GB/s
[BENCH] bitwiseOr              binCV uint64        0.00302 ns/px    124.04 GB/s
[BENCH] bitwiseOr              OpenCV CV_8U        0.03059 ns/px     98.06 GB/s
[BENCH] bitwiseXor             binCV uint32        0.00359 ns/px    104.33 GB/s
[BENCH] bitwiseXor             binCV uint64        0.00362 ns/px    103.72 GB/s
[BENCH] bitwiseXor             OpenCV CV_8U        0.02883 ns/px    104.06 GB/s
[BENCH] bitwiseNot             binCV uint32        0.00347 ns/px     72.08 GB/s
[BENCH] bitwiseNot             binCV uint64        0.00355 ns/px     70.40 GB/s
[BENCH] bitwiseNot             OpenCV CV_8U        0.02038 ns/px     98.14 GB/s

  OP           IMPLEMENTATION       ns/pixel       GB/s    vs OpenCV
  ---------------------------------------------------------------------
  bitwiseAnd   binCV uint32          0.00308     121.73        9.24x
  bitwiseAnd   binCV uint64          0.00365     102.72        7.79x
  bitwiseAnd   OpenCV CV_8U          0.02846     105.43        1.00x
  bitwiseOr    binCV uint32          0.00360     104.30        8.51x
  bitwiseOr    binCV uint64          0.00302     124.04       10.12x
  bitwiseOr    OpenCV CV_8U          0.03059      98.06        1.00x
  bitwiseXor   binCV uint32          0.00359     104.33        8.02x
  bitwiseXor   binCV uint64          0.00362     103.72        7.97x
  bitwiseXor   OpenCV CV_8U          0.02883     104.06        1.00x
  bitwiseNot   binCV uint32          0.00347      72.08        5.88x
  bitwiseNot   binCV uint64          0.00355      70.40        5.74x
  bitwiseNot   OpenCV CV_8U          0.02038      98.14        1.00x
  ratio > 1 means binCV is faster. sink=5699988487328532650

================ 8192 x 4096 (33554432 pixels) ================
  footprint per buffer: binCV uint32 4194304 B, binCV uint64 4194304 B, OpenCV CV_8U 33554432 B  (8.0x)
  bitwiseAnd   set pixels: binCV  8389345   OpenCV  8389345   agree
  bitwiseOr    set pixels: binCV 25165591   OpenCV 25165591   agree
  bitwiseXor   set pixels: binCV 16776246   OpenCV 16776246   agree
  bitwiseNot   set pixels: binCV 16778496   OpenCV 16778496   agree
  physical bound (1 read + 1 write word copy, fastest batch; worst in parentheses):
    4194304 B buffer 108.21 GB/s (60.86)   33554432 B buffer 17.09 GB/s (7.66)
  std::memcpy at the same footprints (context only, NOT the bound, and not monotonic in size): 8.62 GB/s, 25.73 GB/s
  working set per call: binCV 12582912 B, OpenCV 100663296 B (three buffers)
[BENCH] bitwiseAnd             binCV uint32        0.01079 ns/px     34.76 GB/s
[BENCH] bitwiseAnd             binCV uint64        0.01259 ns/px     29.78 GB/s
[BENCH] bitwiseAnd             OpenCV CV_8U        0.19536 ns/px     15.36 GB/s
[BENCH] bitwiseOr              binCV uint32        0.01004 ns/px     37.36 GB/s
[BENCH] bitwiseOr              binCV uint64        0.00984 ns/px     38.13 GB/s
[BENCH] bitwiseOr              OpenCV CV_8U        0.20875 ns/px     14.37 GB/s
[BENCH] bitwiseXor             binCV uint32        0.01006 ns/px     37.28 GB/s
[BENCH] bitwiseXor             binCV uint64        0.01268 ns/px     29.58 GB/s
[BENCH] bitwiseXor             OpenCV CV_8U        0.19642 ns/px     15.27 GB/s
[BENCH] bitwiseNot             binCV uint32        0.00731 ns/px     34.20 GB/s
[BENCH] bitwiseNot             binCV uint64        0.00685 ns/px     36.52 GB/s
[BENCH] bitwiseNot             OpenCV CV_8U        0.11095 ns/px     18.03 GB/s

  OP           IMPLEMENTATION       ns/pixel       GB/s    vs OpenCV
  ---------------------------------------------------------------------
  bitwiseAnd   binCV uint32          0.01079      34.76       18.11x
  bitwiseAnd   binCV uint64          0.01259      29.78       15.52x
  bitwiseAnd   OpenCV CV_8U          0.19536      15.36        1.00x
  bitwiseOr    binCV uint32          0.01004      37.36       20.80x
  bitwiseOr    binCV uint64          0.00984      38.13       21.22x
  bitwiseOr    OpenCV CV_8U          0.20875      14.37        1.00x
  bitwiseXor   binCV uint32          0.01006      37.28       19.53x
  bitwiseXor   binCV uint64          0.01268      29.58       15.49x
  bitwiseXor   OpenCV CV_8U          0.19642      15.27        1.00x
  bitwiseNot   binCV uint32          0.00731      34.20       15.18x
  bitwiseNot   binCV uint64          0.00685      36.52       16.21x
  bitwiseNot   OpenCV CV_8U          0.11095      18.03        1.00x
  ratio > 1 means binCV is faster. sink=8883080324406697882
RUNEXIT=0
########## RUN 3 ##########
=== Benchmark Config ===
Width: 640, Height: 480, Iterations: 100, DType: uint8, Sparsity: 1

T2.2 logic kernels vs OpenCV on the same binary content as CV_8U
(ARCHITECTURE 10.3: the denominator is what a user runs today without binCV)
OpenCV 4.5.4, cv::getNumThreads() = 1; binCV is single-threaded
  OpenCV build:    Configuration:               Release
  OpenCV build:    Baseline:                    SSE SSE2
  OpenCV build:    Dispatched code generation:  SSE4_1 SSE4_2 FP16 AVX AVX2 AVX512_SKX

================ 640 x 480 (307200 pixels) ================
  footprint per buffer: binCV uint32 38400 B, binCV uint64 38400 B, OpenCV CV_8U 307200 B  (8.0x)
  bitwiseAnd   set pixels: binCV    76512   OpenCV    76512   agree
  bitwiseOr    set pixels: binCV   230224   OpenCV   230224   agree
  bitwiseXor   set pixels: binCV   153712   OpenCV   153712   agree
  bitwiseNot   set pixels: binCV   153774   OpenCV   153774   agree
  physical bound (1 read + 1 write word copy, fastest batch; worst in parentheses):
    38400 B buffer 143.40 GB/s (56.08)   307200 B buffer 116.89 GB/s (48.32)
  std::memcpy at the same footprints (context only, NOT the bound, and not monotonic in size): 118.52 GB/s, 8.31 GB/s
  working set per call: binCV 115200 B, OpenCV 921600 B (three buffers)
[BENCH] bitwiseAnd             binCV uint32        0.00377 ns/px     99.42 GB/s
[BENCH] bitwiseAnd             binCV uint64        0.00354 ns/px    105.86 GB/s
[BENCH] bitwiseAnd             OpenCV CV_8U        0.02988 ns/px    100.41 GB/s
[BENCH] bitwiseOr              binCV uint32        0.00351 ns/px    106.74 GB/s
[BENCH] bitwiseOr              binCV uint64        0.00280 ns/px    133.90 GB/s
[BENCH] bitwiseOr              OpenCV CV_8U        0.02980 ns/px    100.66 GB/s
[BENCH] bitwiseXor             binCV uint32        0.00358 ns/px    104.67 GB/s
[BENCH] bitwiseXor             binCV uint64        0.00395 ns/px     94.93 GB/s
[BENCH] bitwiseXor             OpenCV CV_8U        0.02788 ns/px    107.62 GB/s
[BENCH] bitwiseNot             binCV uint32        0.00350 ns/px     71.49 GB/s
[BENCH] bitwiseNot             binCV uint64        0.00348 ns/px     71.90 GB/s
[BENCH] bitwiseNot             OpenCV CV_8U        0.02082 ns/px     96.08 GB/s

  OP           IMPLEMENTATION       ns/pixel       GB/s    vs OpenCV
  ---------------------------------------------------------------------
  bitwiseAnd   binCV uint32          0.00377      99.42        7.92x
  bitwiseAnd   binCV uint64          0.00354     105.86        8.43x
  bitwiseAnd   OpenCV CV_8U          0.02988     100.41        1.00x
  bitwiseOr    binCV uint32          0.00351     106.74        8.48x
  bitwiseOr    binCV uint64          0.00280     133.90       10.64x
  bitwiseOr    OpenCV CV_8U          0.02980     100.66        1.00x
  bitwiseXor   binCV uint32          0.00358     104.67        7.78x
  bitwiseXor   binCV uint64          0.00395      94.93        7.06x
  bitwiseXor   OpenCV CV_8U          0.02788     107.62        1.00x
  bitwiseNot   binCV uint32          0.00350      71.49        5.95x
  bitwiseNot   binCV uint64          0.00348      71.90        5.99x
  bitwiseNot   OpenCV CV_8U          0.02082      96.08        1.00x
  ratio > 1 means binCV is faster. sink=10997995781332250759

================ 1024 x 1024 (1048576 pixels) ================
  footprint per buffer: binCV uint32 131072 B, binCV uint64 131072 B, OpenCV CV_8U 1048576 B  (8.0x)
  bitwiseAnd   set pixels: binCV   261799   OpenCV   261799   agree
  bitwiseOr    set pixels: binCV   787067   OpenCV   787067   agree
  bitwiseXor   set pixels: binCV   525268   OpenCV   525268   agree
  bitwiseNot   set pixels: binCV   523860   OpenCV   523860   agree
  physical bound (1 read + 1 write word copy, fastest batch; worst in parentheses):
    131072 B buffer 130.29 GB/s (82.08)   1048576 B buffer 107.97 GB/s (63.54)
  std::memcpy at the same footprints (context only, NOT the bound, and not monotonic in size): 8.41 GB/s, 7.88 GB/s
  working set per call: binCV 393216 B, OpenCV 3145728 B (three buffers)
[BENCH] bitwiseAnd             binCV uint32        0.00305 ns/px    123.14 GB/s
[BENCH] bitwiseAnd             binCV uint64        0.00689 ns/px     54.45 GB/s
[BENCH] bitwiseAnd             OpenCV CV_8U        0.02951 ns/px    101.67 GB/s
[BENCH] bitwiseOr              binCV uint32        0.00365 ns/px    102.86 GB/s
[BENCH] bitwiseOr              binCV uint64        0.00301 ns/px    124.45 GB/s
[BENCH] bitwiseOr              OpenCV CV_8U        0.02870 ns/px    104.52 GB/s
[BENCH] bitwiseXor             binCV uint32        0.00394 ns/px     95.12 GB/s
[BENCH] bitwiseXor             binCV uint64        0.00361 ns/px    103.83 GB/s
[BENCH] bitwiseXor             OpenCV CV_8U        0.02899 ns/px    103.47 GB/s
[BENCH] bitwiseNot             binCV uint32        0.00367 ns/px     68.13 GB/s
[BENCH] bitwiseNot             binCV uint64        0.00353 ns/px     70.90 GB/s
[BENCH] bitwiseNot             OpenCV CV_8U        0.01841 ns/px    108.64 GB/s

  OP           IMPLEMENTATION       ns/pixel       GB/s    vs OpenCV
  ---------------------------------------------------------------------
  bitwiseAnd   binCV uint32          0.00305     123.14        9.69x
  bitwiseAnd   binCV uint64          0.00689      54.45        4.28x
  bitwiseAnd   OpenCV CV_8U          0.02951     101.67        1.00x
  bitwiseOr    binCV uint32          0.00365     102.86        7.87x
  bitwiseOr    binCV uint64          0.00301     124.45        9.53x
  bitwiseOr    OpenCV CV_8U          0.02870     104.52        1.00x
  bitwiseXor   binCV uint32          0.00394      95.12        7.35x
  bitwiseXor   binCV uint64          0.00361     103.83        8.03x
  bitwiseXor   OpenCV CV_8U          0.02899     103.47        1.00x
  bitwiseNot   binCV uint32          0.00367      68.13        5.02x
  bitwiseNot   binCV uint64          0.00353      70.90        5.22x
  bitwiseNot   OpenCV CV_8U          0.01841     108.64        1.00x
  ratio > 1 means binCV is faster. sink=11713559576978575073

================ 8192 x 4096 (33554432 pixels) ================
  footprint per buffer: binCV uint32 4194304 B, binCV uint64 4194304 B, OpenCV CV_8U 33554432 B  (8.0x)
  bitwiseAnd   set pixels: binCV  8389345   OpenCV  8389345   agree
  bitwiseOr    set pixels: binCV 25165591   OpenCV 25165591   agree
  bitwiseXor   set pixels: binCV 16776246   OpenCV 16776246   agree
  bitwiseNot   set pixels: binCV 16778496   OpenCV 16778496   agree
  physical bound (1 read + 1 write word copy, fastest batch; worst in parentheses):
    4194304 B buffer 105.83 GB/s (57.59)   33554432 B buffer 18.02 GB/s (6.46)
  std::memcpy at the same footprints (context only, NOT the bound, and not monotonic in size): 8.51 GB/s, 21.04 GB/s
  working set per call: binCV 12582912 B, OpenCV 100663296 B (three buffers)
[BENCH] bitwiseAnd             binCV uint32        0.01096 ns/px     34.20 GB/s
[BENCH] bitwiseAnd             binCV uint64        0.00971 ns/px     38.62 GB/s
[BENCH] bitwiseAnd             OpenCV CV_8U        0.16450 ns/px     18.24 GB/s
[BENCH] bitwiseOr              binCV uint32        0.00954 ns/px     39.32 GB/s
[BENCH] bitwiseOr              binCV uint64        0.00994 ns/px     37.74 GB/s
[BENCH] bitwiseOr              OpenCV CV_8U        0.22087 ns/px     13.58 GB/s
[BENCH] bitwiseXor             binCV uint32        0.01023 ns/px     36.66 GB/s
[BENCH] bitwiseXor             binCV uint64        0.01184 ns/px     31.66 GB/s
[BENCH] bitwiseXor             OpenCV CV_8U        0.17485 ns/px     17.16 GB/s
[BENCH] bitwiseNot             binCV uint32        0.00603 ns/px     41.49 GB/s
[BENCH] bitwiseNot             binCV uint64        0.00577 ns/px     43.35 GB/s
[BENCH] bitwiseNot             OpenCV CV_8U        0.13713 ns/px     14.58 GB/s

  OP           IMPLEMENTATION       ns/pixel       GB/s    vs OpenCV
  ---------------------------------------------------------------------
  bitwiseAnd   binCV uint32          0.01096      34.20       15.00x
  bitwiseAnd   binCV uint64          0.00971      38.62       16.94x
  bitwiseAnd   OpenCV CV_8U          0.16450      18.24        1.00x
  bitwiseOr    binCV uint32          0.00954      39.32       23.16x
  bitwiseOr    binCV uint64          0.00994      37.74       22.23x
  bitwiseOr    OpenCV CV_8U          0.22087      13.58        1.00x
  bitwiseXor   binCV uint32          0.01023      36.66       17.09x
  bitwiseXor   binCV uint64          0.01184      31.66       14.76x
  bitwiseXor   OpenCV CV_8U          0.17485      17.16        1.00x
  bitwiseNot   binCV uint32          0.00603      41.49       22.76x
  bitwiseNot   binCV uint64          0.00577      43.35       23.78x
  bitwiseNot   OpenCV CV_8U          0.13713      14.58        1.00x
  ratio > 1 means binCV is faster. sink=3320297908929965414
RUNEXIT=0

================================================================================
#### DENOMINATOR: OpenCV 4.8.0-dev (locally built, /usr/local) ####
########## RUN 1 ##########
=== Benchmark Config ===
Width: 640, Height: 480, Iterations: 100, DType: uint8, Sparsity: 1

T2.2 logic kernels vs OpenCV on the same binary content as CV_8U
(ARCHITECTURE 10.3: the denominator is what a user runs today without binCV)
OpenCV 4.8.0-dev, cv::getNumThreads() = 1; binCV is single-threaded
  OpenCV build:    Configuration:               Release
  OpenCV build:    Baseline:                    SSE SSE2 SSE3
  OpenCV build:    Dispatched code generation:  SSE4_1 SSE4_2 FP16 AVX AVX2 AVX512_SKX

================ 640 x 480 (307200 pixels) ================
  footprint per buffer: binCV uint32 38400 B, binCV uint64 38400 B, OpenCV CV_8U 307200 B  (8.0x)
  bitwiseAnd   set pixels: binCV    76512   OpenCV    76512   agree
  bitwiseOr    set pixels: binCV   230224   OpenCV   230224   agree
  bitwiseXor   set pixels: binCV   153712   OpenCV   153712   agree
  bitwiseNot   set pixels: binCV   153774   OpenCV   153774   agree
  physical bound (1 read + 1 write word copy, fastest batch; worst in parentheses):
    38400 B buffer 143.98 GB/s (67.87)   307200 B buffer 121.89 GB/s (74.59)
  std::memcpy at the same footprints (context only, NOT the bound, and not monotonic in size): 131.84 GB/s, 8.31 GB/s
  working set per call: binCV 115200 B, OpenCV 921600 B (three buffers)
[BENCH] bitwiseAnd             binCV uint32        0.00337 ns/px    111.33 GB/s
[BENCH] bitwiseAnd             binCV uint64        0.00354 ns/px    105.90 GB/s
[BENCH] bitwiseAnd             OpenCV CV_8U        0.02797 ns/px    107.26 GB/s
[BENCH] bitwiseOr              binCV uint32        0.00354 ns/px    106.07 GB/s
[BENCH] bitwiseOr              binCV uint64        0.00276 ns/px    136.05 GB/s
[BENCH] bitwiseOr              OpenCV CV_8U        0.02776 ns/px    108.05 GB/s
[BENCH] bitwiseXor             binCV uint32        0.00364 ns/px    103.13 GB/s
[BENCH] bitwiseXor             binCV uint64        0.00350 ns/px    107.03 GB/s
[BENCH] bitwiseXor             OpenCV CV_8U        0.02830 ns/px    106.02 GB/s
[BENCH] bitwiseNot             binCV uint32        0.00346 ns/px     72.22 GB/s
[BENCH] bitwiseNot             binCV uint64        0.00346 ns/px     72.17 GB/s
[BENCH] bitwiseNot             OpenCV CV_8U        0.06265 ns/px     31.92 GB/s

  OP           IMPLEMENTATION       ns/pixel       GB/s    vs OpenCV
  ---------------------------------------------------------------------
  bitwiseAnd   binCV uint32          0.00337     111.33        8.30x
  bitwiseAnd   binCV uint64          0.00354     105.90        7.90x
  bitwiseAnd   OpenCV CV_8U          0.02797     107.26        1.00x
  bitwiseOr    binCV uint32          0.00354     106.07        7.85x
  bitwiseOr    binCV uint64          0.00276     136.05       10.07x
  bitwiseOr    OpenCV CV_8U          0.02776     108.05        1.00x
  bitwiseXor   binCV uint32          0.00364     103.13        7.78x
  bitwiseXor   binCV uint64          0.00350     107.03        8.08x
  bitwiseXor   OpenCV CV_8U          0.02830     106.02        1.00x
  bitwiseNot   binCV uint32          0.00346      72.22       18.10x
  bitwiseNot   binCV uint64          0.00346      72.17       18.09x
  bitwiseNot   OpenCV CV_8U          0.06265      31.92        1.00x
  ratio > 1 means binCV is faster. sink=12968180266323491543

================ 1024 x 1024 (1048576 pixels) ================
  footprint per buffer: binCV uint32 131072 B, binCV uint64 131072 B, OpenCV CV_8U 1048576 B  (8.0x)
  bitwiseAnd   set pixels: binCV   261799   OpenCV   261799   agree
  bitwiseOr    set pixels: binCV   787067   OpenCV   787067   agree
  bitwiseXor   set pixels: binCV   525268   OpenCV   525268   agree
  bitwiseNot   set pixels: binCV   523860   OpenCV   523860   agree
  physical bound (1 read + 1 write word copy, fastest batch; worst in parentheses):
    131072 B buffer 121.70 GB/s (56.44)   1048576 B buffer 106.81 GB/s (54.10)
  std::memcpy at the same footprints (context only, NOT the bound, and not monotonic in size): 8.17 GB/s, 7.57 GB/s
  working set per call: binCV 393216 B, OpenCV 3145728 B (three buffers)
[BENCH] bitwiseAnd             binCV uint32        0.00304 ns/px    123.25 GB/s
[BENCH] bitwiseAnd             binCV uint64        0.00377 ns/px     99.38 GB/s
[BENCH] bitwiseAnd             OpenCV CV_8U        0.03258 ns/px     92.08 GB/s
[BENCH] bitwiseOr              binCV uint32        0.00375 ns/px    100.09 GB/s
[BENCH] bitwiseOr              binCV uint64        0.00325 ns/px    115.45 GB/s
[BENCH] bitwiseOr              OpenCV CV_8U        0.03132 ns/px     95.78 GB/s
[BENCH] bitwiseXor             binCV uint32        0.00363 ns/px    103.22 GB/s
[BENCH] bitwiseXor             binCV uint64        0.00364 ns/px    103.16 GB/s
[BENCH] bitwiseXor             OpenCV CV_8U        0.02984 ns/px    100.54 GB/s
[BENCH] bitwiseNot             binCV uint32        0.00348 ns/px     71.84 GB/s
[BENCH] bitwiseNot             binCV uint64        0.00350 ns/px     71.49 GB/s
[BENCH] bitwiseNot             OpenCV CV_8U        0.06452 ns/px     31.00 GB/s

  OP           IMPLEMENTATION       ns/pixel       GB/s    vs OpenCV
  ---------------------------------------------------------------------
  bitwiseAnd   binCV uint32          0.00304     123.25       10.71x
  bitwiseAnd   binCV uint64          0.00377      99.38        8.63x
  bitwiseAnd   OpenCV CV_8U          0.03258      92.08        1.00x
  bitwiseOr    binCV uint32          0.00375     100.09        8.36x
  bitwiseOr    binCV uint64          0.00325     115.45        9.64x
  bitwiseOr    OpenCV CV_8U          0.03132      95.78        1.00x
  bitwiseXor   binCV uint32          0.00363     103.22        8.21x
  bitwiseXor   binCV uint64          0.00364     103.16        8.21x
  bitwiseXor   OpenCV CV_8U          0.02984     100.54        1.00x
  bitwiseNot   binCV uint32          0.00348      71.84       18.54x
  bitwiseNot   binCV uint64          0.00350      71.49       18.45x
  bitwiseNot   OpenCV CV_8U          0.06452      31.00        1.00x
  ratio > 1 means binCV is faster. sink=7628210128580834410

================ 8192 x 4096 (33554432 pixels) ================
  footprint per buffer: binCV uint32 4194304 B, binCV uint64 4194304 B, OpenCV CV_8U 33554432 B  (8.0x)
  bitwiseAnd   set pixels: binCV  8389345   OpenCV  8389345   agree
  bitwiseOr    set pixels: binCV 25165591   OpenCV 25165591   agree
  bitwiseXor   set pixels: binCV 16776246   OpenCV 16776246   agree
  bitwiseNot   set pixels: binCV 16778496   OpenCV 16778496   agree
  physical bound (1 read + 1 write word copy, fastest batch; worst in parentheses):
    4194304 B buffer 107.60 GB/s (38.63)   33554432 B buffer 17.21 GB/s (8.37)
  std::memcpy at the same footprints (context only, NOT the bound, and not monotonic in size): 6.40 GB/s, 26.74 GB/s
  working set per call: binCV 12582912 B, OpenCV 100663296 B (three buffers)
[BENCH] bitwiseAnd             binCV uint32        0.00830 ns/px     45.20 GB/s
[BENCH] bitwiseAnd             binCV uint64        0.01351 ns/px     27.75 GB/s
[BENCH] bitwiseAnd             OpenCV CV_8U        0.15736 ns/px     19.06 GB/s
[BENCH] bitwiseOr              binCV uint32        0.01036 ns/px     36.21 GB/s
[BENCH] bitwiseOr              binCV uint64        0.01008 ns/px     37.22 GB/s
[BENCH] bitwiseOr              OpenCV CV_8U        0.18807 ns/px     15.95 GB/s
[BENCH] bitwiseXor             binCV uint32        0.00962 ns/px     38.98 GB/s
[BENCH] bitwiseXor             binCV uint64        0.01103 ns/px     33.99 GB/s
[BENCH] bitwiseXor             OpenCV CV_8U        0.17677 ns/px     16.97 GB/s
[BENCH] bitwiseNot             binCV uint32        0.00570 ns/px     43.82 GB/s
[BENCH] bitwiseNot             binCV uint64        0.00531 ns/px     47.11 GB/s
[BENCH] bitwiseNot             OpenCV CV_8U        0.08266 ns/px     24.20 GB/s

  OP           IMPLEMENTATION       ns/pixel       GB/s    vs OpenCV
  ---------------------------------------------------------------------
  bitwiseAnd   binCV uint32          0.00830      45.20       18.97x
  bitwiseAnd   binCV uint64          0.01351      27.75       11.64x
  bitwiseAnd   OpenCV CV_8U          0.15736      19.06        1.00x
  bitwiseOr    binCV uint32          0.01036      36.21       18.16x
  bitwiseOr    binCV uint64          0.01008      37.22       18.67x
  bitwiseOr    OpenCV CV_8U          0.18807      15.95        1.00x
  bitwiseXor   binCV uint32          0.00962      38.98       18.38x
  bitwiseXor   binCV uint64          0.01103      33.99       16.02x
  bitwiseXor   OpenCV CV_8U          0.17677      16.97        1.00x
  bitwiseNot   binCV uint32          0.00570      43.82       14.49x
  bitwiseNot   binCV uint64          0.00531      47.11       15.58x
  bitwiseNot   OpenCV CV_8U          0.08266      24.20        1.00x
  ratio > 1 means binCV is faster. sink=14174864628397809418
RUNEXIT=0
########## RUN 2 ##########
=== Benchmark Config ===
Width: 640, Height: 480, Iterations: 100, DType: uint8, Sparsity: 1

T2.2 logic kernels vs OpenCV on the same binary content as CV_8U
(ARCHITECTURE 10.3: the denominator is what a user runs today without binCV)
OpenCV 4.8.0-dev, cv::getNumThreads() = 1; binCV is single-threaded
  OpenCV build:    Configuration:               Release
  OpenCV build:    Baseline:                    SSE SSE2 SSE3
  OpenCV build:    Dispatched code generation:  SSE4_1 SSE4_2 FP16 AVX AVX2 AVX512_SKX

================ 640 x 480 (307200 pixels) ================
  footprint per buffer: binCV uint32 38400 B, binCV uint64 38400 B, OpenCV CV_8U 307200 B  (8.0x)
  bitwiseAnd   set pixels: binCV    76512   OpenCV    76512   agree
  bitwiseOr    set pixels: binCV   230224   OpenCV   230224   agree
  bitwiseXor   set pixels: binCV   153712   OpenCV   153712   agree
  bitwiseNot   set pixels: binCV   153774   OpenCV   153774   agree
  physical bound (1 read + 1 write word copy, fastest batch; worst in parentheses):
    38400 B buffer 138.72 GB/s (39.63)   307200 B buffer 101.89 GB/s (53.19)
  std::memcpy at the same footprints (context only, NOT the bound, and not monotonic in size): 132.85 GB/s, 7.81 GB/s
  working set per call: binCV 115200 B, OpenCV 921600 B (three buffers)
[BENCH] bitwiseAnd             binCV uint32        0.00274 ns/px    136.70 GB/s
[BENCH] bitwiseAnd             binCV uint64        0.00371 ns/px    101.07 GB/s
[BENCH] bitwiseAnd             OpenCV CV_8U        0.02743 ns/px    109.38 GB/s
[BENCH] bitwiseOr              binCV uint32        0.00352 ns/px    106.59 GB/s
[BENCH] bitwiseOr              binCV uint64        0.00299 ns/px    125.51 GB/s
[BENCH] bitwiseOr              OpenCV CV_8U        0.02990 ns/px    100.34 GB/s
[BENCH] bitwiseXor             binCV uint32        0.00352 ns/px    106.54 GB/s
[BENCH] bitwiseXor             binCV uint64        0.00354 ns/px    105.93 GB/s
[BENCH] bitwiseXor             OpenCV CV_8U        0.02868 ns/px    104.59 GB/s
[BENCH] bitwiseNot             binCV uint32        0.00346 ns/px     72.33 GB/s
[BENCH] bitwiseNot             binCV uint64        0.00435 ns/px     57.42 GB/s
[BENCH] bitwiseNot             OpenCV CV_8U        0.06264 ns/px     31.93 GB/s

  OP           IMPLEMENTATION       ns/pixel       GB/s    vs OpenCV
  ---------------------------------------------------------------------
  bitwiseAnd   binCV uint32          0.00274     136.70       10.00x
  bitwiseAnd   binCV uint64          0.00371     101.07        7.39x
  bitwiseAnd   OpenCV CV_8U          0.02743     109.38        1.00x
  bitwiseOr    binCV uint32          0.00352     106.59        8.50x
  bitwiseOr    binCV uint64          0.00299     125.51       10.01x
  bitwiseOr    OpenCV CV_8U          0.02990     100.34        1.00x
  bitwiseXor   binCV uint32          0.00352     106.54        8.15x
  bitwiseXor   binCV uint64          0.00354     105.93        8.10x
  bitwiseXor   OpenCV CV_8U          0.02868     104.59        1.00x
  bitwiseNot   binCV uint32          0.00346      72.33       18.12x
  bitwiseNot   binCV uint64          0.00435      57.42       14.39x
  bitwiseNot   OpenCV CV_8U          0.06264      31.93        1.00x
  ratio > 1 means binCV is faster. sink=9503787756206951346

================ 1024 x 1024 (1048576 pixels) ================
  footprint per buffer: binCV uint32 131072 B, binCV uint64 131072 B, OpenCV CV_8U 1048576 B  (8.0x)
  bitwiseAnd   set pixels: binCV   261799   OpenCV   261799   agree
  bitwiseOr    set pixels: binCV   787067   OpenCV   787067   agree
  bitwiseXor   set pixels: binCV   525268   OpenCV   525268   agree
  bitwiseNot   set pixels: binCV   523860   OpenCV   523860   agree
  physical bound (1 read + 1 write word copy, fastest batch; worst in parentheses):
    131072 B buffer 128.67 GB/s (77.89)   1048576 B buffer 110.15 GB/s (70.34)
  std::memcpy at the same footprints (context only, NOT the bound, and not monotonic in size): 6.91 GB/s, 7.55 GB/s
  working set per call: binCV 393216 B, OpenCV 3145728 B (three buffers)
[BENCH] bitwiseAnd             binCV uint32        0.00409 ns/px     91.63 GB/s
[BENCH] bitwiseAnd             binCV uint64        0.00354 ns/px    105.85 GB/s
[BENCH] bitwiseAnd             OpenCV CV_8U        0.02958 ns/px    101.41 GB/s
[BENCH] bitwiseOr              binCV uint32        0.00371 ns/px    101.00 GB/s
[BENCH] bitwiseOr              binCV uint64        0.00304 ns/px    123.17 GB/s
[BENCH] bitwiseOr              OpenCV CV_8U        0.03027 ns/px     99.10 GB/s
[BENCH] bitwiseXor             binCV uint32        0.00376 ns/px     99.79 GB/s
[BENCH] bitwiseXor             binCV uint64        0.00464 ns/px     80.74 GB/s
[BENCH] bitwiseXor             OpenCV CV_8U        0.02900 ns/px    103.44 GB/s
[BENCH] bitwiseNot             binCV uint32        0.00348 ns/px     71.91 GB/s
[BENCH] bitwiseNot             binCV uint64        0.00356 ns/px     70.13 GB/s
[BENCH] bitwiseNot             OpenCV CV_8U        0.06124 ns/px     32.66 GB/s

  OP           IMPLEMENTATION       ns/pixel       GB/s    vs OpenCV
  ---------------------------------------------------------------------
  bitwiseAnd   binCV uint32          0.00409      91.63        7.23x
  bitwiseAnd   binCV uint64          0.00354     105.85        8.35x
  bitwiseAnd   OpenCV CV_8U          0.02958     101.41        1.00x
  bitwiseOr    binCV uint32          0.00371     101.00        8.15x
  bitwiseOr    binCV uint64          0.00304     123.17        9.94x
  bitwiseOr    OpenCV CV_8U          0.03027      99.10        1.00x
  bitwiseXor   binCV uint32          0.00376      99.79        7.72x
  bitwiseXor   binCV uint64          0.00464      80.74        6.24x
  bitwiseXor   OpenCV CV_8U          0.02900     103.44        1.00x
  bitwiseNot   binCV uint32          0.00348      71.91       17.62x
  bitwiseNot   binCV uint64          0.00356      70.13       17.18x
  bitwiseNot   OpenCV CV_8U          0.06124      32.66        1.00x
  ratio > 1 means binCV is faster. sink=9027123343513556824

================ 8192 x 4096 (33554432 pixels) ================
  footprint per buffer: binCV uint32 4194304 B, binCV uint64 4194304 B, OpenCV CV_8U 33554432 B  (8.0x)
  bitwiseAnd   set pixels: binCV  8389345   OpenCV  8389345   agree
  bitwiseOr    set pixels: binCV 25165591   OpenCV 25165591   agree
  bitwiseXor   set pixels: binCV 16776246   OpenCV 16776246   agree
  bitwiseNot   set pixels: binCV 16778496   OpenCV 16778496   agree
  physical bound (1 read + 1 write word copy, fastest batch; worst in parentheses):
    4194304 B buffer 106.56 GB/s (60.21)   33554432 B buffer 17.03 GB/s (6.09)
  std::memcpy at the same footprints (context only, NOT the bound, and not monotonic in size): 6.87 GB/s, 26.54 GB/s
  working set per call: binCV 12582912 B, OpenCV 100663296 B (three buffers)
[BENCH] bitwiseAnd             binCV uint32        0.00959 ns/px     39.11 GB/s
[BENCH] bitwiseAnd             binCV uint64        0.00972 ns/px     38.56 GB/s
[BENCH] bitwiseAnd             OpenCV CV_8U        0.24773 ns/px     12.11 GB/s
[BENCH] bitwiseOr              binCV uint32        0.01011 ns/px     37.07 GB/s
[BENCH] bitwiseOr              binCV uint64        0.00958 ns/px     39.15 GB/s
[BENCH] bitwiseOr              OpenCV CV_8U        0.18494 ns/px     16.22 GB/s
[BENCH] bitwiseXor             binCV uint32        0.00839 ns/px     44.70 GB/s
[BENCH] bitwiseXor             binCV uint64        0.00853 ns/px     43.94 GB/s
[BENCH] bitwiseXor             OpenCV CV_8U        0.18797 ns/px     15.96 GB/s
[BENCH] bitwiseNot             binCV uint32        0.00564 ns/px     44.30 GB/s
[BENCH] bitwiseNot             binCV uint64        0.00575 ns/px     43.49 GB/s
[BENCH] bitwiseNot             OpenCV CV_8U        0.08330 ns/px     24.01 GB/s

  OP           IMPLEMENTATION       ns/pixel       GB/s    vs OpenCV
  ---------------------------------------------------------------------
  bitwiseAnd   binCV uint32          0.00959      39.11       25.84x
  bitwiseAnd   binCV uint64          0.00972      38.56       25.48x
  bitwiseAnd   OpenCV CV_8U          0.24773      12.11        1.00x
  bitwiseOr    binCV uint32          0.01011      37.07       18.28x
  bitwiseOr    binCV uint64          0.00958      39.15       19.31x
  bitwiseOr    OpenCV CV_8U          0.18494      16.22        1.00x
  bitwiseXor   binCV uint32          0.00839      44.70       22.41x
  bitwiseXor   binCV uint64          0.00853      43.94       22.02x
  bitwiseXor   OpenCV CV_8U          0.18797      15.96        1.00x
  bitwiseNot   binCV uint32          0.00564      44.30       14.76x
  bitwiseNot   binCV uint64          0.00575      43.49       14.49x
  bitwiseNot   OpenCV CV_8U          0.08330      24.01        1.00x
  ratio > 1 means binCV is faster. sink=517188572089288868
RUNEXIT=0
########## RUN 3 ##########
=== Benchmark Config ===
Width: 640, Height: 480, Iterations: 100, DType: uint8, Sparsity: 1

T2.2 logic kernels vs OpenCV on the same binary content as CV_8U
(ARCHITECTURE 10.3: the denominator is what a user runs today without binCV)
OpenCV 4.8.0-dev, cv::getNumThreads() = 1; binCV is single-threaded
  OpenCV build:    Configuration:               Release
  OpenCV build:    Baseline:                    SSE SSE2 SSE3
  OpenCV build:    Dispatched code generation:  SSE4_1 SSE4_2 FP16 AVX AVX2 AVX512_SKX

================ 640 x 480 (307200 pixels) ================
  footprint per buffer: binCV uint32 38400 B, binCV uint64 38400 B, OpenCV CV_8U 307200 B  (8.0x)
  bitwiseAnd   set pixels: binCV    76512   OpenCV    76512   agree
  bitwiseOr    set pixels: binCV   230224   OpenCV   230224   agree
  bitwiseXor   set pixels: binCV   153712   OpenCV   153712   agree
  bitwiseNot   set pixels: binCV   153774   OpenCV   153774   agree
  physical bound (1 read + 1 write word copy, fastest batch; worst in parentheses):
    38400 B buffer 141.64 GB/s (44.99)   307200 B buffer 114.04 GB/s (38.00)
  std::memcpy at the same footprints (context only, NOT the bound, and not monotonic in size): 132.07 GB/s, 8.23 GB/s
  working set per call: binCV 115200 B, OpenCV 921600 B (three buffers)
[BENCH] bitwiseAnd             binCV uint32        0.00273 ns/px    137.29 GB/s
[BENCH] bitwiseAnd             binCV uint64        0.00804 ns/px     46.66 GB/s
[BENCH] bitwiseAnd             OpenCV CV_8U        0.02768 ns/px    108.40 GB/s
[BENCH] bitwiseOr              binCV uint32        0.00351 ns/px    106.74 GB/s
[BENCH] bitwiseOr              binCV uint64        0.00276 ns/px    136.11 GB/s
[BENCH] bitwiseOr              OpenCV CV_8U        0.02772 ns/px    108.22 GB/s
[BENCH] bitwiseXor             binCV uint32        0.00388 ns/px     96.64 GB/s
[BENCH] bitwiseXor             binCV uint64        0.00393 ns/px     95.48 GB/s
[BENCH] bitwiseXor             OpenCV CV_8U        0.03028 ns/px     99.07 GB/s
[BENCH] bitwiseNot             binCV uint32        0.00344 ns/px     72.61 GB/s
[BENCH] bitwiseNot             binCV uint64        0.00351 ns/px     71.22 GB/s
[BENCH] bitwiseNot             OpenCV CV_8U        0.06253 ns/px     31.98 GB/s

  OP           IMPLEMENTATION       ns/pixel       GB/s    vs OpenCV
  ---------------------------------------------------------------------
  bitwiseAnd   binCV uint32          0.00273     137.29       10.13x
  bitwiseAnd   binCV uint64          0.00804      46.66        3.44x
  bitwiseAnd   OpenCV CV_8U          0.02768     108.40        1.00x
  bitwiseOr    binCV uint32          0.00351     106.74        7.89x
  bitwiseOr    binCV uint64          0.00276     136.11       10.06x
  bitwiseOr    OpenCV CV_8U          0.02772     108.22        1.00x
  bitwiseXor   binCV uint32          0.00388      96.64        7.80x
  bitwiseXor   binCV uint64          0.00393      95.48        7.71x
  bitwiseXor   OpenCV CV_8U          0.03028      99.07        1.00x
  bitwiseNot   binCV uint32          0.00344      72.61       18.16x
  bitwiseNot   binCV uint64          0.00351      71.22       17.81x
  bitwiseNot   OpenCV CV_8U          0.06253      31.98        1.00x
  ratio > 1 means binCV is faster. sink=8053153569135608077

================ 1024 x 1024 (1048576 pixels) ================
  footprint per buffer: binCV uint32 131072 B, binCV uint64 131072 B, OpenCV CV_8U 1048576 B  (8.0x)
  bitwiseAnd   set pixels: binCV   261799   OpenCV   261799   agree
  bitwiseOr    set pixels: binCV   787067   OpenCV   787067   agree
  bitwiseXor   set pixels: binCV   525268   OpenCV   525268   agree
  bitwiseNot   set pixels: binCV   523860   OpenCV   523860   agree
  physical bound (1 read + 1 write word copy, fastest batch; worst in parentheses):
    131072 B buffer 113.77 GB/s (66.23)   1048576 B buffer 116.19 GB/s (39.63)
  std::memcpy at the same footprints (context only, NOT the bound, and not monotonic in size): 8.58 GB/s, 7.62 GB/s
  working set per call: binCV 393216 B, OpenCV 3145728 B (three buffers)
[BENCH] bitwiseAnd             binCV uint32        0.00305 ns/px    122.79 GB/s
[BENCH] bitwiseAnd             binCV uint64        0.00357 ns/px    104.94 GB/s
[BENCH] bitwiseAnd             OpenCV CV_8U        0.02996 ns/px    100.13 GB/s
[BENCH] bitwiseOr              binCV uint32        0.00393 ns/px     95.42 GB/s
[BENCH] bitwiseOr              binCV uint64        0.00397 ns/px     94.52 GB/s
[BENCH] bitwiseOr              OpenCV CV_8U        0.03018 ns/px     99.42 GB/s
[BENCH] bitwiseXor             binCV uint32        0.00371 ns/px    101.07 GB/s
[BENCH] bitwiseXor             binCV uint64        0.00382 ns/px     98.13 GB/s
[BENCH] bitwiseXor             OpenCV CV_8U        0.03025 ns/px     99.16 GB/s
[BENCH] bitwiseNot             binCV uint32        0.00348 ns/px     71.84 GB/s
[BENCH] bitwiseNot             binCV uint64        0.00390 ns/px     64.09 GB/s
[BENCH] bitwiseNot             OpenCV CV_8U        0.06352 ns/px     31.49 GB/s

  OP           IMPLEMENTATION       ns/pixel       GB/s    vs OpenCV
  ---------------------------------------------------------------------
  bitwiseAnd   binCV uint32          0.00305     122.79        9.81x
  bitwiseAnd   binCV uint64          0.00357     104.94        8.38x
  bitwiseAnd   OpenCV CV_8U          0.02996     100.13        1.00x
  bitwiseOr    binCV uint32          0.00393      95.42        7.68x
  bitwiseOr    binCV uint64          0.00397      94.52        7.61x
  bitwiseOr    OpenCV CV_8U          0.03018      99.42        1.00x
  bitwiseXor   binCV uint32          0.00371     101.07        8.15x
  bitwiseXor   binCV uint64          0.00382      98.13        7.92x
  bitwiseXor   OpenCV CV_8U          0.03025      99.16        1.00x
  bitwiseNot   binCV uint32          0.00348      71.84       18.25x
  bitwiseNot   binCV uint64          0.00390      64.09       16.29x
  bitwiseNot   OpenCV CV_8U          0.06352      31.49        1.00x
  ratio > 1 means binCV is faster. sink=17216715567956093950

================ 8192 x 4096 (33554432 pixels) ================
  footprint per buffer: binCV uint32 4194304 B, binCV uint64 4194304 B, OpenCV CV_8U 33554432 B  (8.0x)
  bitwiseAnd   set pixels: binCV  8389345   OpenCV  8389345   agree
  bitwiseOr    set pixels: binCV 25165591   OpenCV 25165591   agree
  bitwiseXor   set pixels: binCV 16776246   OpenCV 16776246   agree
  bitwiseNot   set pixels: binCV 16778496   OpenCV 16778496   agree
  physical bound (1 read + 1 write word copy, fastest batch; worst in parentheses):
    4194304 B buffer 110.19 GB/s (30.34)   33554432 B buffer 16.01 GB/s (5.67)
  std::memcpy at the same footprints (context only, NOT the bound, and not monotonic in size): 6.92 GB/s, 28.11 GB/s
  working set per call: binCV 12582912 B, OpenCV 100663296 B (three buffers)
[BENCH] bitwiseAnd             binCV uint32        0.01342 ns/px     27.94 GB/s
[BENCH] bitwiseAnd             binCV uint64        0.02174 ns/px     17.25 GB/s
[BENCH] bitwiseAnd             OpenCV CV_8U        0.18382 ns/px     16.32 GB/s
[BENCH] bitwiseOr              binCV uint32        0.01261 ns/px     29.73 GB/s
[BENCH] bitwiseOr              binCV uint64        0.00962 ns/px     38.99 GB/s
[BENCH] bitwiseOr              OpenCV CV_8U        0.18066 ns/px     16.61 GB/s
[BENCH] bitwiseXor             binCV uint32        0.01864 ns/px     20.12 GB/s
[BENCH] bitwiseXor             binCV uint64        0.01196 ns/px     31.35 GB/s
[BENCH] bitwiseXor             OpenCV CV_8U        0.19486 ns/px     15.40 GB/s
[BENCH] bitwiseNot             binCV uint32        0.00540 ns/px     46.28 GB/s
[BENCH] bitwiseNot             binCV uint64        0.00529 ns/px     47.27 GB/s
[BENCH] bitwiseNot             OpenCV CV_8U        0.08347 ns/px     23.96 GB/s

  OP           IMPLEMENTATION       ns/pixel       GB/s    vs OpenCV
  ---------------------------------------------------------------------
  bitwiseAnd   binCV uint32          0.01342      27.94       13.70x
  bitwiseAnd   binCV uint64          0.02174      17.25        8.45x
  bitwiseAnd   OpenCV CV_8U          0.18382      16.32        1.00x
  bitwiseOr    binCV uint32          0.01261      29.73       14.32x
  bitwiseOr    binCV uint64          0.00962      38.99       18.78x
  bitwiseOr    OpenCV CV_8U          0.18066      16.61        1.00x
  bitwiseXor   binCV uint32          0.01864      20.12       10.45x
  bitwiseXor   binCV uint64          0.01196      31.35       16.29x
  bitwiseXor   OpenCV CV_8U          0.19486      15.40        1.00x
  bitwiseNot   binCV uint32          0.00540      46.28       15.45x
  bitwiseNot   binCV uint64          0.00529      47.27       15.78x
  bitwiseNot   OpenCV CV_8U          0.08347      23.96        1.00x
  ratio > 1 means binCV is faster. sink=7953177747345988017
RUNEXIT=0
