=== Benchmark Config ===
Width: 256, Height: 256, Iterations: 50, DType: binary, Sparsity: 1
[MEM] Before benchmark RSS: 6.62891 MB

=== Set Pixels Benchmark ===
[BENCH] OpenCV set pixels - Avg: 0.0113382 ms over 50 runs
[BENCH] BinMat set pixels - Avg: 0.0149314 ms over 50 runs
[MEM] After benchmark RSS: 6.62891 MB
=== Benchmark Config ===
Width: 256, Height: 256, Iterations: 50, DType: binary, Sparsity: 0.1
[MEM] Before benchmark RSS: 6.56641 MB

=== Set Pixels Benchmark ===
[BENCH] OpenCV set pixels - Avg: 0.011298 ms over 50 runs
[BENCH] BinMat set pixels - Avg: 0.0158472 ms over 50 runs
[MEM] After benchmark RSS: 6.56641 MB
=== Benchmark Config ===
Width: 256, Height: 256, Iterations: 50, DType: binary, Sparsity: 0.01
[MEM] Before benchmark RSS: 6.62891 MB

=== Set Pixels Benchmark ===
[BENCH] OpenCV set pixels - Avg: 0.0117776 ms over 50 runs
[BENCH] BinMat set pixels - Avg: 0.0148482 ms over 50 runs
[MEM] After benchmark RSS: 6.62891 MB
=== Benchmark Config ===
Width: 256, Height: 256, Iterations: 50, DType: uint8, Sparsity: 1
[MEM] Before benchmark RSS: 6.80078 MB

=== Set Pixels Benchmark ===
[BENCH] OpenCV set pixels - Avg: 0.0116696 ms over 50 runs
[BENCH] BinMat set pixels - Avg: 0.0153116 ms over 50 runs
[MEM] After benchmark RSS: 6.80078 MB
=== Benchmark Config ===
Width: 256, Height: 256, Iterations: 50, DType: uint8, Sparsity: 0.1
[MEM] Before benchmark RSS: 6.64844 MB

=== Set Pixels Benchmark ===
[BENCH] OpenCV set pixels - Avg: 0.011523 ms over 50 runs
[BENCH] BinMat set pixels - Avg: 0.0148478 ms over 50 runs
[MEM] After benchmark RSS: 6.64844 MB
=== Benchmark Config ===
Width: 256, Height: 256, Iterations: 50, DType: uint8, Sparsity: 0.01
[MEM] Before benchmark RSS: 6.72266 MB

=== Set Pixels Benchmark ===
[BENCH] OpenCV set pixels - Avg: 0.0113924 ms over 50 runs
[BENCH] BinMat set pixels - Avg: 0.0149236 ms over 50 runs
[MEM] After benchmark RSS: 6.72266 MB
=== Benchmark Config ===
Width: 256, Height: 256, Iterations: 50, DType: float32, Sparsity: 1
[MEM] Before benchmark RSS: 7.47266 MB

=== Set Pixels Benchmark ===
[BENCH] OpenCV set pixels - Avg: 0.0124496 ms over 50 runs
[BENCH] BinMat set pixels - Avg: 0.0147544 ms over 50 runs
[MEM] After benchmark RSS: 7.47266 MB
=== Benchmark Config ===
Width: 256, Height: 256, Iterations: 50, DType: float32, Sparsity: 0.1
[MEM] Before benchmark RSS: 7.63281 MB

=== Set Pixels Benchmark ===
[BENCH] OpenCV set pixels - Avg: 0.0121058 ms over 50 runs
[BENCH] BinMat set pixels - Avg: 0.0149066 ms over 50 runs
[MEM] After benchmark RSS: 7.63281 MB
=== Benchmark Config ===
Width: 256, Height: 256, Iterations: 50, DType: float32, Sparsity: 0.01
[MEM] Before benchmark RSS: 7.38281 MB

=== Set Pixels Benchmark ===
[BENCH] OpenCV set pixels - Avg: 0.0133334 ms over 50 runs
[BENCH] BinMat set pixels - Avg: 0.0148678 ms over 50 runs
[MEM] After benchmark RSS: 7.38281 MB
=== Benchmark Config ===
Width: 256, Height: 512, Iterations: 50, DType: binary, Sparsity: 1
[MEM] Before benchmark RSS: 6.67969 MB

=== Set Pixels Benchmark ===
[BENCH] OpenCV set pixels - Avg: 0.0116392 ms over 50 runs
[BENCH] BinMat set pixels - Avg: 0.0148534 ms over 50 runs
[MEM] After benchmark RSS: 6.67969 MB
=== Benchmark Config ===
Width: 256, Height: 512, Iterations: 50, DType: binary, Sparsity: 0.1
[MEM] Before benchmark RSS: 6.42969 MB

=== Set Pixels Benchmark ===
[BENCH] OpenCV set pixels - Avg: 0.011752 ms over 50 runs
[BENCH] BinMat set pixels - Avg: 0.0149588 ms over 50 runs
[MEM] After benchmark RSS: 6.42969 MB
=== Benchmark Config ===
Width: 256, Height: 512, Iterations: 50, DType: binary, Sparsity: 0.01
[MEM] Before benchmark RSS: 6.64844 MB

=== Set Pixels Benchmark ===
[BENCH] OpenCV set pixels - Avg: 0.0118062 ms over 50 runs
[BENCH] BinMat set pixels - Avg: 0.0152886 ms over 50 runs
[MEM] After benchmark RSS: 6.64844 MB
=== Benchmark Config ===
Width: 256, Height: 512, Iterations: 50, DType: uint8, Sparsity: 1
[MEM] Before benchmark RSS: 7.07422 MB

=== Set Pixels Benchmark ===
[BENCH] OpenCV set pixels - Avg: 0.013781 ms over 50 runs
[BENCH] BinMat set pixels - Avg: 0.0158908 ms over 50 runs
[MEM] After benchmark RSS: 7.07422 MB
=== Benchmark Config ===
Width: 256, Height: 512, Iterations: 50, DType: uint8, Sparsity: 0.1
[MEM] Before benchmark RSS: 7.25 MB

=== Set Pixels Benchmark ===
[BENCH] OpenCV set pixels - Avg: 0.0116742 ms over 50 runs
[BENCH] BinMat set pixels - Avg: 0.0149232 ms over 50 runs
[MEM] After benchmark RSS: 7.25 MB
=== Benchmark Config ===
Width: 256, Height: 512, Iterations: 50, DType: uint8, Sparsity: 0.01
[MEM] Before benchmark RSS: 7.07812 MB

=== Set Pixels Benchmark ===
[BENCH] OpenCV set pixels - Avg: 0.0117302 ms over 50 runs
[BENCH] BinMat set pixels - Avg: 0.0148632 ms over 50 runs
[MEM] After benchmark RSS: 7.07812 MB
=== Benchmark Config ===
Width: 256, Height: 512, Iterations: 50, DType: float32, Sparsity: 1
[MEM] Before benchmark RSS: 7.34766 MB

=== Set Pixels Benchmark ===
[BENCH] OpenCV set pixels - Avg: 0.0131664 ms over 50 runs
[BENCH] BinMat set pixels - Avg: 0.0149342 ms over 50 runs
[MEM] After benchmark RSS: 7.34766 MB
=== Benchmark Config ===
Width: 256, Height: 512, Iterations: 50, DType: float32, Sparsity: 0.1
[MEM] Before benchmark RSS: 7.53516 MB

=== Set Pixels Benchmark ===
[BENCH] OpenCV set pixels - Avg: 0.0129756 ms over 50 runs
[BENCH] BinMat set pixels - Avg: 0.014755 ms over 50 runs
[MEM] After benchmark RSS: 7.53516 MB
=== Benchmark Config ===
Width: 256, Height: 512, Iterations: 50, DType: float32, Sparsity: 0.01
[MEM] Before benchmark RSS: 7.32422 MB

=== Set Pixels Benchmark ===
[BENCH] OpenCV set pixels - Avg: 0.0126952 ms over 50 runs
[BENCH] BinMat set pixels - Avg: 0.0149118 ms over 50 runs
[MEM] After benchmark RSS: 7.32422 MB
=== Benchmark Config ===
Width: 512, Height: 256, Iterations: 50, DType: binary, Sparsity: 1
[MEM] Before benchmark RSS: 6.74609 MB

=== Set Pixels Benchmark ===
[BENCH] OpenCV set pixels - Avg: 0.0114332 ms over 50 runs
[BENCH] BinMat set pixels - Avg: 0.0149394 ms over 50 runs
[MEM] After benchmark RSS: 6.74609 MB
=== Benchmark Config ===
Width: 512, Height: 256, Iterations: 50, DType: binary, Sparsity: 0.1
[MEM] Before benchmark RSS: 6.61719 MB

=== Set Pixels Benchmark ===
[BENCH] OpenCV set pixels - Avg: 0.0117986 ms over 50 runs
[BENCH] BinMat set pixels - Avg: 0.0148266 ms over 50 runs
[MEM] After benchmark RSS: 6.61719 MB
=== Benchmark Config ===
Width: 512, Height: 256, Iterations: 50, DType: binary, Sparsity: 0.01
[MEM] Before benchmark RSS: 6.55859 MB

=== Set Pixels Benchmark ===
[BENCH] OpenCV set pixels - Avg: 0.0115012 ms over 50 runs
[BENCH] BinMat set pixels - Avg: 0.0148524 ms over 50 runs
[MEM] After benchmark RSS: 6.55859 MB
=== Benchmark Config ===
Width: 512, Height: 256, Iterations: 50, DType: uint8, Sparsity: 1
[MEM] Before benchmark RSS: 7.38672 MB

=== Set Pixels Benchmark ===
[BENCH] OpenCV set pixels - Avg: 0.011625 ms over 50 runs
[BENCH] BinMat set pixels - Avg: 0.0149256 ms over 50 runs
[MEM] After benchmark RSS: 7.38672 MB
=== Benchmark Config ===
Width: 512, Height: 256, Iterations: 50, DType: uint8, Sparsity: 0.1
[MEM] Before benchmark RSS: 6.90234 MB

=== Set Pixels Benchmark ===
[BENCH] OpenCV set pixels - Avg: 0.0117506 ms over 50 runs
[BENCH] BinMat set pixels - Avg: 0.0147586 ms over 50 runs
[MEM] After benchmark RSS: 6.90234 MB
=== Benchmark Config ===
Width: 512, Height: 256, Iterations: 50, DType: uint8, Sparsity: 0.01
[MEM] Before benchmark RSS: 6.74609 MB

=== Set Pixels Benchmark ===
[BENCH] OpenCV set pixels - Avg: 0.01188 ms over 50 runs
[BENCH] BinMat set pixels - Avg: 0.0148958 ms over 50 runs
[MEM] After benchmark RSS: 6.74609 MB
=== Benchmark Config ===
Width: 512, Height: 256, Iterations: 50, DType: float32, Sparsity: 1
[MEM] Before benchmark RSS: 7.32422 MB

=== Set Pixels Benchmark ===
[BENCH] OpenCV set pixels - Avg: 0.0126568 ms over 50 runs
[BENCH] BinMat set pixels - Avg: 0.0149802 ms over 50 runs
[MEM] After benchmark RSS: 7.32422 MB
=== Benchmark Config ===
Width: 512, Height: 256, Iterations: 50, DType: float32, Sparsity: 0.1
[MEM] Before benchmark RSS: 7.72656 MB

=== Set Pixels Benchmark ===
[BENCH] OpenCV set pixels - Avg: 0.0128738 ms over 50 runs
[BENCH] BinMat set pixels - Avg: 0.0148962 ms over 50 runs
[MEM] After benchmark RSS: 7.72656 MB
=== Benchmark Config ===
Width: 512, Height: 256, Iterations: 50, DType: float32, Sparsity: 0.01
[MEM] Before benchmark RSS: 7.68359 MB

=== Set Pixels Benchmark ===
[BENCH] OpenCV set pixels - Avg: 0.0139416 ms over 50 runs
[BENCH] BinMat set pixels - Avg: 0.0152966 ms over 50 runs
[MEM] After benchmark RSS: 7.68359 MB
=== Benchmark Config ===
Width: 512, Height: 512, Iterations: 50, DType: binary, Sparsity: 1
[MEM] Before benchmark RSS: 7.41016 MB

=== Set Pixels Benchmark ===
[BENCH] OpenCV set pixels - Avg: 0.0121482 ms over 50 runs
[BENCH] BinMat set pixels - Avg: 0.0157992 ms over 50 runs
[MEM] After benchmark RSS: 7.41016 MB
=== Benchmark Config ===
Width: 512, Height: 512, Iterations: 50, DType: binary, Sparsity: 0.1
[MEM] Before benchmark RSS: 7.25781 MB

=== Set Pixels Benchmark ===
[BENCH] OpenCV set pixels - Avg: 0.0117698 ms over 50 runs
[BENCH] BinMat set pixels - Avg: 0.0148652 ms over 50 runs
[MEM] After benchmark RSS: 7.25781 MB
=== Benchmark Config ===
Width: 512, Height: 512, Iterations: 50, DType: binary, Sparsity: 0.01
[MEM] Before benchmark RSS: 7.73438 MB

=== Set Pixels Benchmark ===
[BENCH] OpenCV set pixels - Avg: 0.0118822 ms over 50 runs
[BENCH] BinMat set pixels - Avg: 0.0163278 ms over 50 runs
[MEM] After benchmark RSS: 7.73438 MB
=== Benchmark Config ===
Width: 512, Height: 512, Iterations: 50, DType: uint8, Sparsity: 1
[MEM] Before benchmark RSS: 6.88672 MB

=== Set Pixels Benchmark ===
[BENCH] OpenCV set pixels - Avg: 0.0120868 ms over 50 runs
[BENCH] BinMat set pixels - Avg: 0.0181876 ms over 50 runs
[MEM] After benchmark RSS: 6.88672 MB
=== Benchmark Config ===
Width: 512, Height: 512, Iterations: 50, DType: uint8, Sparsity: 0.1
[MEM] Before benchmark RSS: 7.42969 MB

=== Set Pixels Benchmark ===
[BENCH] OpenCV set pixels - Avg: 0.0118726 ms over 50 runs
[BENCH] BinMat set pixels - Avg: 0.0166936 ms over 50 runs
[MEM] After benchmark RSS: 7.42969 MB
=== Benchmark Config ===
Width: 512, Height: 512, Iterations: 50, DType: uint8, Sparsity: 0.01
[MEM] Before benchmark RSS: 7.23438 MB

=== Set Pixels Benchmark ===
[BENCH] OpenCV set pixels - Avg: 0.0121636 ms over 50 runs
[BENCH] BinMat set pixels - Avg: 0.0160696 ms over 50 runs
[MEM] After benchmark RSS: 7.23438 MB
=== Benchmark Config ===
Width: 512, Height: 512, Iterations: 50, DType: float32, Sparsity: 1
[MEM] Before benchmark RSS: 8.11328 MB

=== Set Pixels Benchmark ===
[BENCH] OpenCV set pixels - Avg: 0.013404 ms over 50 runs
[BENCH] BinMat set pixels - Avg: 0.014888 ms over 50 runs
[MEM] After benchmark RSS: 8.11328 MB
=== Benchmark Config ===
Width: 512, Height: 512, Iterations: 50, DType: float32, Sparsity: 0.1
[MEM] Before benchmark RSS: 7.91016 MB

=== Set Pixels Benchmark ===
[BENCH] OpenCV set pixels - Avg: 0.0134356 ms over 50 runs
[BENCH] BinMat set pixels - Avg: 0.0148334 ms over 50 runs
[MEM] After benchmark RSS: 7.91016 MB
=== Benchmark Config ===
Width: 512, Height: 512, Iterations: 50, DType: float32, Sparsity: 0.01
[MEM] Before benchmark RSS: 8.40625 MB

=== Set Pixels Benchmark ===
[BENCH] OpenCV set pixels - Avg: 0.0134114 ms over 50 runs
[BENCH] BinMat set pixels - Avg: 0.014893 ms over 50 runs
[MEM] After benchmark RSS: 8.40625 MB
=== Benchmark Config ===
Width: 640, Height: 480, Iterations: 50, DType: uint8, Sparsity: 1
[MEM] Before benchmark RSS: 7.24609 MB

=== Set Pixels Benchmark ===
[BENCH] OpenCV set pixels - Avg: 0.0122878 ms over 50 runs
[BENCH] BinMat set pixels - Avg: 0.0150448 ms over 50 runs
[MEM] After benchmark RSS: 7.24609 MB
=== Benchmark Config ===
Width: 640, Height: 480, Iterations: 100, DType: uint8, Sparsity: 1

=== Set Pixels Benchmark ===
[BENCH] OpenCV set pixels - Avg: 0.011544 ms over 100 runs
[BENCH] BinMat set pixels - Avg: 0.0148021 ms over 100 runs
