=== Benchmark Config ===
Width: 256, Height: 256, Iterations: 50, DType: binary, Sparsity: 1

=== Transpose Benchmark ===
[BENCH] OpenCV transpose - Avg: 0.0029924 ms over 50 runs
[BENCH] BinMat transposed() - Avg: 0.524532 ms over 50 runs
=== Benchmark Config ===
Width: 256, Height: 256, Iterations: 50, DType: binary, Sparsity: 0.1

=== Transpose Benchmark ===
[BENCH] OpenCV transpose - Avg: 0.0032056 ms over 50 runs
[BENCH] BinMat transposed() - Avg: 0.265917 ms over 50 runs
=== Benchmark Config ===
Width: 256, Height: 256, Iterations: 50, DType: binary, Sparsity: 0.01

=== Transpose Benchmark ===
[BENCH] OpenCV transpose - Avg: 0.0029492 ms over 50 runs
[BENCH] BinMat transposed() - Avg: 0.197413 ms over 50 runs
=== Benchmark Config ===
Width: 256, Height: 256, Iterations: 50, DType: uint8, Sparsity: 1

=== Transpose Benchmark ===
[BENCH] OpenCV transpose - Avg: 0.0031472 ms over 50 runs
[BENCH] BinMat transposed() - Avg: 0.199981 ms over 50 runs
=== Benchmark Config ===
Width: 256, Height: 256, Iterations: 50, DType: uint8, Sparsity: 0.1

=== Transpose Benchmark ===
[BENCH] OpenCV transpose - Avg: 0.003176 ms over 50 runs
[BENCH] BinMat transposed() - Avg: 0.188388 ms over 50 runs
=== Benchmark Config ===
Width: 256, Height: 256, Iterations: 50, DType: uint8, Sparsity: 0.01

=== Transpose Benchmark ===
[BENCH] OpenCV transpose - Avg: 0.0033014 ms over 50 runs
[BENCH] BinMat transposed() - Avg: 0.197358 ms over 50 runs
=== Benchmark Config ===
Width: 256, Height: 256, Iterations: 50, DType: float32, Sparsity: 1

=== Transpose Benchmark ===
[BENCH] OpenCV transpose - Avg: 0.0265424 ms over 50 runs
[BENCH] BinMat transposed() - Avg: 0.194257 ms over 50 runs
=== Benchmark Config ===
Width: 256, Height: 256, Iterations: 50, DType: float32, Sparsity: 0.1

=== Transpose Benchmark ===
[BENCH] OpenCV transpose - Avg: 0.0107446 ms over 50 runs
[BENCH] BinMat transposed() - Avg: 0.187936 ms over 50 runs
=== Benchmark Config ===
Width: 256, Height: 256, Iterations: 50, DType: float32, Sparsity: 0.01

=== Transpose Benchmark ===
[BENCH] OpenCV transpose - Avg: 0.0113178 ms over 50 runs
[BENCH] BinMat transposed() - Avg: 0.194097 ms over 50 runs
=== Benchmark Config ===
Width: 256, Height: 512, Iterations: 50, DType: binary, Sparsity: 1

=== Transpose Benchmark ===
[BENCH] OpenCV transpose - Avg: 0.006812 ms over 50 runs
[BENCH] BinMat transposed() - Avg: 1.05506 ms over 50 runs
=== Benchmark Config ===
Width: 256, Height: 512, Iterations: 50, DType: binary, Sparsity: 0.1

=== Transpose Benchmark ===
[BENCH] OpenCV transpose - Avg: 0.0073622 ms over 50 runs
[BENCH] BinMat transposed() - Avg: 0.541412 ms over 50 runs
=== Benchmark Config ===
Width: 256, Height: 512, Iterations: 50, DType: binary, Sparsity: 0.01

=== Transpose Benchmark ===
[BENCH] OpenCV transpose - Avg: 0.00703302 ms over 50 runs
[BENCH] BinMat transposed() - Avg: 0.405614 ms over 50 runs
=== Benchmark Config ===
Width: 256, Height: 512, Iterations: 50, DType: uint8, Sparsity: 1

=== Transpose Benchmark ===
[BENCH] OpenCV transpose - Avg: 0.00653502 ms over 50 runs
[BENCH] BinMat transposed() - Avg: 0.388352 ms over 50 runs
=== Benchmark Config ===
Width: 256, Height: 512, Iterations: 50, DType: uint8, Sparsity: 0.1

=== Transpose Benchmark ===
[BENCH] OpenCV transpose - Avg: 0.0063068 ms over 50 runs
[BENCH] BinMat transposed() - Avg: 0.376621 ms over 50 runs
=== Benchmark Config ===
Width: 256, Height: 512, Iterations: 50, DType: uint8, Sparsity: 0.01

=== Transpose Benchmark ===
[BENCH] OpenCV transpose - Avg: 0.0062898 ms over 50 runs
[BENCH] BinMat transposed() - Avg: 0.376565 ms over 50 runs
=== Benchmark Config ===
Width: 256, Height: 512, Iterations: 50, DType: float32, Sparsity: 1

=== Transpose Benchmark ===
[BENCH] OpenCV transpose - Avg: 0.0271602 ms over 50 runs
[BENCH] BinMat transposed() - Avg: 0.389795 ms over 50 runs
=== Benchmark Config ===
Width: 256, Height: 512, Iterations: 50, DType: float32, Sparsity: 0.1

=== Transpose Benchmark ===
[BENCH] OpenCV transpose - Avg: 0.025237 ms over 50 runs
[BENCH] BinMat transposed() - Avg: 0.37593 ms over 50 runs
=== Benchmark Config ===
Width: 256, Height: 512, Iterations: 50, DType: float32, Sparsity: 0.01

=== Transpose Benchmark ===
[BENCH] OpenCV transpose - Avg: 0.0269768 ms over 50 runs
[BENCH] BinMat transposed() - Avg: 0.388456 ms over 50 runs
=== Benchmark Config ===
Width: 512, Height: 256, Iterations: 50, DType: binary, Sparsity: 1

=== Transpose Benchmark ===
[BENCH] OpenCV transpose - Avg: 0.00972622 ms over 50 runs
[BENCH] BinMat transposed() - Avg: 1.07577 ms over 50 runs
=== Benchmark Config ===
Width: 512, Height: 256, Iterations: 50, DType: binary, Sparsity: 0.1

=== Transpose Benchmark ===
[BENCH] OpenCV transpose - Avg: 0.00962662 ms over 50 runs
[BENCH] BinMat transposed() - Avg: 0.558217 ms over 50 runs
=== Benchmark Config ===
Width: 512, Height: 256, Iterations: 50, DType: binary, Sparsity: 0.01

=== Transpose Benchmark ===
[BENCH] OpenCV transpose - Avg: 0.00972482 ms over 50 runs
[BENCH] BinMat transposed() - Avg: 0.393264 ms over 50 runs
=== Benchmark Config ===
Width: 512, Height: 256, Iterations: 50, DType: uint8, Sparsity: 1

=== Transpose Benchmark ===
[BENCH] OpenCV transpose - Avg: 0.00894542 ms over 50 runs
[BENCH] BinMat transposed() - Avg: 0.38455 ms over 50 runs
=== Benchmark Config ===
Width: 512, Height: 256, Iterations: 50, DType: uint8, Sparsity: 0.1

=== Transpose Benchmark ===
[BENCH] OpenCV transpose - Avg: 0.0092052 ms over 50 runs
[BENCH] BinMat transposed() - Avg: 0.374951 ms over 50 runs
=== Benchmark Config ===
Width: 512, Height: 256, Iterations: 50, DType: uint8, Sparsity: 0.01

=== Transpose Benchmark ===
[BENCH] OpenCV transpose - Avg: 0.00900082 ms over 50 runs
[BENCH] BinMat transposed() - Avg: 0.376359 ms over 50 runs
=== Benchmark Config ===
Width: 512, Height: 256, Iterations: 50, DType: float32, Sparsity: 1

=== Transpose Benchmark ===
[BENCH] OpenCV transpose - Avg: 0.0268008 ms over 50 runs
[BENCH] BinMat transposed() - Avg: 0.379494 ms over 50 runs
=== Benchmark Config ===
Width: 512, Height: 256, Iterations: 50, DType: float32, Sparsity: 0.1

=== Transpose Benchmark ===
[BENCH] OpenCV transpose - Avg: 0.0254764 ms over 50 runs
[BENCH] BinMat transposed() - Avg: 0.375956 ms over 50 runs
=== Benchmark Config ===
Width: 512, Height: 256, Iterations: 50, DType: float32, Sparsity: 0.01

=== Transpose Benchmark ===
[BENCH] OpenCV transpose - Avg: 0.0255702 ms over 50 runs
[BENCH] BinMat transposed() - Avg: 0.387925 ms over 50 runs
=== Benchmark Config ===
Width: 512, Height: 512, Iterations: 50, DType: binary, Sparsity: 1

=== Transpose Benchmark ===
[BENCH] OpenCV transpose - Avg: 0.0203406 ms over 50 runs
[BENCH] BinMat transposed() - Avg: 2.13141 ms over 50 runs
=== Benchmark Config ===
Width: 512, Height: 512, Iterations: 50, DType: binary, Sparsity: 0.1

=== Transpose Benchmark ===
[BENCH] OpenCV transpose - Avg: 0.0213128 ms over 50 runs
[BENCH] BinMat transposed() - Avg: 1.09492 ms over 50 runs
=== Benchmark Config ===
Width: 512, Height: 512, Iterations: 50, DType: binary, Sparsity: 0.01

=== Transpose Benchmark ===
[BENCH] OpenCV transpose - Avg: 0.0203214 ms over 50 runs
[BENCH] BinMat transposed() - Avg: 0.805288 ms over 50 runs
=== Benchmark Config ===
Width: 512, Height: 512, Iterations: 50, DType: uint8, Sparsity: 1

=== Transpose Benchmark ===
[BENCH] OpenCV transpose - Avg: 0.0212548 ms over 50 runs
[BENCH] BinMat transposed() - Avg: 0.748211 ms over 50 runs
=== Benchmark Config ===
Width: 512, Height: 512, Iterations: 50, DType: uint8, Sparsity: 0.1

=== Transpose Benchmark ===
[BENCH] OpenCV transpose - Avg: 0.0212834 ms over 50 runs
[BENCH] BinMat transposed() - Avg: 0.761859 ms over 50 runs
=== Benchmark Config ===
Width: 512, Height: 512, Iterations: 50, DType: uint8, Sparsity: 0.01

=== Transpose Benchmark ===
[BENCH] OpenCV transpose - Avg: 0.0208976 ms over 50 runs
[BENCH] BinMat transposed() - Avg: 0.752122 ms over 50 runs
=== Benchmark Config ===
Width: 512, Height: 512, Iterations: 50, DType: float32, Sparsity: 1

=== Transpose Benchmark ===
[BENCH] OpenCV transpose - Avg: 0.0533055 ms over 50 runs
[BENCH] BinMat transposed() - Avg: 0.757293 ms over 50 runs
=== Benchmark Config ===
Width: 512, Height: 512, Iterations: 50, DType: float32, Sparsity: 0.1

=== Transpose Benchmark ===
[BENCH] OpenCV transpose - Avg: 0.0561013 ms over 50 runs
[BENCH] BinMat transposed() - Avg: 0.767236 ms over 50 runs
=== Benchmark Config ===
Width: 512, Height: 512, Iterations: 50, DType: float32, Sparsity: 0.01

=== Transpose Benchmark ===
[BENCH] OpenCV transpose - Avg: 0.0528475 ms over 50 runs
[BENCH] BinMat transposed() - Avg: 0.769541 ms over 50 runs
=== Benchmark Config ===
Width: 640, Height: 480, Iterations: 50, DType: uint8, Sparsity: 1

=== Transpose Benchmark ===
[BENCH] OpenCV transpose - Avg: 0.0168572 ms over 50 runs
[BENCH] BinMat transposed() - Avg: 0.888823 ms over 50 runs
=== Benchmark Config ===
Width: 640, Height: 480, Iterations: 100, DType: uint8, Sparsity: 1

=== Transpose Benchmark ===
[BENCH] OpenCV transpose - Avg: 0.0156343 ms over 100 runs
[BENCH] BinMat transposed() - Avg: 0.966756 ms over 100 runs
