E-2 / T2.9 -- default word width
================================

Gates BinMat's default template argument, which every kernel inherits. Compares
binCV against binCV at four word widths, so ARCHITECTURE 10.3's OpenCV
denominator does not apply.

DECISION RULE, WRITTEN BEFORE MEASURING (TASKS.md T2.9, recorded in
EXPERIMENTS.md X-10 at commit 4245210, and in benchmark/wordwidth_benchmark.cpp):
  * uint64_t wins by > 10% on bulk kernels AND does not increase footprint at
    representative widths -> change the default
  * within 10%, OR footprint increases at small pyramid levels -> keep uint32_t
    (memory wins ties)
And the trap T2.9 names: "measure footprint at 94x60, not only at 640x480, or
this experiment will reach the wrong conclusion."

PLATFORM: the footprint half is exact integer arithmetic and closes anywhere; the
speed half is AUTHORITATIVE only here. This is the most 32-bit-sensitive of the
three experiments -- on armv7l every uint64_t operation is synthesised from
32-bit pairs -- and the runner refuses to run on anything but aarch64.

  device:           pi4
  cpu:              Raspberry Pi 4 Model B Rev 1.5 (Cortex-A72)
  arch / kernel:    aarch64 / 6.18.34+rpt-rpi-v8
  compiler:         g++ (Debian 14.2.0-19) 14.2.0, Release (-O2 -DNDEBUG)
  governor:         performance (restored to ondemand on exit)
  core pinning:     taskset -c 3
  throttled before / after: throttled=0x0 / throttled=0x0  (every run)
  benchmark commit: 3383996

SPEED, three runs, ratios against uint32_t on medians of 9 interleaved batches.

  640x480          kernel        run 1    run 2    run 3   batch spread
  uint8_t          bitwiseAnd    0.959x   0.962x   1.065x   10-17%
                   countNonZero  0.247x   0.247x   0.247x    0.1%
  uint16_t         bitwiseAnd    0.989x   0.962x   1.010x    7-12%
                   countNonZero  0.463x   0.463x   0.463x    0.1%
  uint64_t         bitwiseAnd    0.974x   0.959x   1.035x    3-13%
                   countNonZero  1.941x   1.942x   1.939x    0.2%

  94x60 (pyr L3)   kernel        run 1    run 2    run 3   batch spread
  uint8_t          bitwiseAnd    0.604x   0.607x   0.607x    0.2%
                   countNonZero  0.315x   0.316x   0.316x    0.1%
  uint16_t         bitwiseAnd    0.579x   0.579x   0.574x    0.1%
                   countNonZero  0.580x   0.580x   0.580x    0.2%
  uint64_t         bitwiseAnd    1.285x   1.285x   1.285x    0.1%
                   countNonZero  1.562x   1.562x   1.561x    0.1%

FOOTPRINT, exact and architecture-independent (bytes for one plane, word
granularity):

  size                      uint8   uint16   uint32   uint64   u64 vs u32
  640x480  (L0)             38400    38400    38400    38400        0.0%
  320x240  (L1)              9600     9600     9600     9600        0.0%
  160x120  (L2)              2400     2400     2400     2880      +20.0%
  752x480  (L0, wide)       45120    45120    46080    46080        0.0%
  188x120  (L2 of 752)       2880     2880     2880     2880        0.0%
  94x60    (L3 of 752)        720      720      720      960      +33.3%
  47x30    (L4 of 752)        180      180      240      240        0.0%

READING -- AND THE TWO HALVES OF THE RULE POINT OPPOSITE WAYS, EXACTLY AS X-10's
HYPOTHESIS SAID THEY WOULD.

Speed: uint64_t is a LARGE win on the reduction -- 1.94x at 640x480 and 1.56x at
94x60, reproducible to 0.2% -- and a null result on bitwiseAnd (0.96-1.07x
against a 3-17% batch spread; that kernel is memory-bound, and all four widths
move identical bytes at 640x480). Narrow words are much worse on the reduction:
uint8_t runs at 0.25x, which is the per-word cost of the popcount lowering paid
eight times as often. So the ">10% on bulk kernels" clause is satisfied outright.

Footprint: uint64_t costs +33.3% at 94x60 and +20.0% at 160x120, and nothing at
either full frame. The penalty appears exactly where T2.9 warned it would -- the
upper pyramid levels LK touches every frame -- and had this been measured only at
640x480 every row would have read 0.0% and the experiment would have concluded
the opposite.

The rule is a CONJUNCTION, and its second clause fires: footprint increases at
small pyramid levels, so uint32_t stays the default. Memory wins ties, and this
is not even a tie -- it is a documented tiebreak resolving a real disagreement.
The 1.94x is declined, not overlooked.

WHAT THIS DOES NOT SETTLE. The width is a per-object template parameter (D-1), so
nothing stops a pyramid from using uint64_t at the levels where it costs no bytes
(L0, L1) and uint32_t above them. That is a real lever this experiment has now
priced on both sides, but it is a NEW decision -- per-level word width -- that no
experiment has registered, and it is not taken here.

X-7 CAVEAT, at its sharpest on this axis. On x86_64 __builtin_popcountll lowers
to a library call PER WORD whatever the word is, which flatters narrow words and
can invert this ranking outright; on aarch64 it is fmov/cnt/uaddlv/fmov. The
countNonZero column above is therefore a measurement of the target's lowering as
much as of the width, and only this device can rank it. No -march flag was added:
that is a dispatch decision (ROADMAP 2.3) no experiment has settled.

Full output of run 3 follows.

=== E-2 / T2.9: default word width ===
target: aarch64 -- AUTHORITATIVE for the speed half
sizeof(void*) = 8; a 32-bit host would synthesise every uint64_t operation and answer a different question.
The decision rule is in this file's header, written before measuring (EXPERIMENTS.md X-10).

=== FOOTPRINT LADDER -- exact, architecture-independent ===
  Bytes for one plane at word granularity. The last column is what T2.9 warns about:
  uint64_t's penalty against the current default, worst at the upper levels LK touches every frame.

  size                            uint8     uint16     uint32     uint64     u64 vs u32
  640x480  (L0, frame)            38400      38400      38400      38400           0.0%
  320x240  (L1)                    9600       9600       9600       9600           0.0%
  160x120  (L2)                    2400       2400       2400       2880          20.0%
  752x480  (L0, wide frame)       45120      45120      46080      46080           0.0%
  188x120  (L2 of 752)             2880       2880       2880       2880           0.0%
  94x60    (L3 of 752)              720        720        720        960          33.3%
  47x30    (L4 of 752)              180        180        240        240           0.0%

=== 640x480 frame, word granularity (D-4 default alignment) ===
  all four widths agree on countNonZero and on every AND pixel (153532 set in image 0)

  FOOTPRINT (allocated bytes per image, padding included)
  word         stride   bytes/img    vs uint32     vs ideal
  uint8_t        80 w       38400         0.0%         0.0%
  uint16_t       40 w       38400         0.0%         0.0%
  uint32_t       20 w       38400         0.0%         0.0%
  uint64_t       10 w       38400         0.0%         0.0%
  (ideal = 38400 B, the information-theoretic minimum at 1 bit per pixel)

  SPEED (ns/pixel, min / median / max over 9 interleaved batches)
  word       bitwiseAnd                 countNonZero              
  uint8_t     0.0280/ 0.0308/ 0.0333  0.2978/ 0.2979/ 0.2980
  uint16_t    0.0309/ 0.0325/ 0.0336  0.1589/ 0.1590/ 0.1590
  uint32_t    0.0320/ 0.0328/ 0.0339  0.0735/ 0.0735/ 0.0736
  uint64_t    0.0296/ 0.0317/ 0.0336  0.0379/ 0.0379/ 0.0380

  SPEEDUP vs uint32_t (>1.00 = faster than the current default; the rule reads uint64_t's row)
  word         bitwiseAnd countNonZero   AND spread   cnz spread
  uint8_t          1.065x       0.247x        17.1%         0.1%
  uint16_t         1.010x       0.463x         8.3%         0.1%
  uint32_t         1.000x       1.000x         5.7%         0.1%
  uint64_t         1.035x       1.939x        12.6%         0.2%

  sanity: bitwiseAnd (uint32_t) moves 115200 B per call in 10076 ns = 11.43 GB/s; working set 112.5 KiB (inside its 1 MiB L2, so rates above DRAM's ~4-6 GB/s are expected)

=== 94x60 pyramid L3, word granularity (D-4 default alignment) ===
  all four widths agree on countNonZero and on every AND pixel (2846 set in image 0)

  FOOTPRINT (allocated bytes per image, padding included)
  word         stride   bytes/img    vs uint32     vs ideal
  uint8_t        12 w         720         0.0%         2.1%
  uint16_t        6 w         720         0.0%         2.1%
  uint32_t        3 w         720         0.0%         2.1%
  uint64_t        2 w         960        33.3%        36.2%
  (ideal = 705 B, the information-theoretic minimum at 1 bit per pixel)

  SPEED (ns/pixel, min / median / max over 9 interleaved batches)
  word       bitwiseAnd                 countNonZero              
  uint8_t     0.1349/ 0.1349/ 0.1350  0.3120/ 0.3120/ 0.3121
  uint16_t    0.1425/ 0.1426/ 0.1427  0.1702/ 0.1702/ 0.1702
  uint32_t    0.0818/ 0.0818/ 0.0819  0.0987/ 0.0987/ 0.0988
  uint64_t    0.0637/ 0.0637/ 0.0637  0.0632/ 0.0632/ 0.0633

  SPEEDUP vs uint32_t (>1.00 = faster than the current default; the rule reads uint64_t's row)
  word         bitwiseAnd countNonZero   AND spread   cnz spread
  uint8_t          0.607x       0.316x         0.1%         0.0%
  uint16_t         0.574x       0.580x         0.1%         0.0%
  uint32_t         1.000x       1.000x         0.0%         0.1%
  uint64_t         1.285x       1.561x         0.1%         0.1%

  sanity: bitwiseAnd (uint32_t) moves 2160 B per call in 462 ns = 4.68 GB/s; working set 2.1 KiB (inside the reference device's 32 KiB L1D)

sink: 8786086534835928594 (printed so nothing above can be optimized away)
