-- The CXX compiler identification is GNU 11.4.0
-- Detecting CXX compiler ABI info
-- Detecting CXX compiler ABI info - done
-- Check for working CXX compiler: /usr/bin/c++ - skipped
-- Detecting CXX compile features
-- Detecting CXX compile features - done
-- Performing Test HAVE_MPOPCNT
-- Performing Test HAVE_MPOPCNT - Success
-- Performing Test HAVE_AVX512
-- Performing Test HAVE_AVX512 - Success
-- Performing Test HAVE_AVX2
-- Performing Test HAVE_AVX2 - Success
-- Performing Test BINCV_EXCEPTIONS_AVAILABLE
-- Performing Test BINCV_EXCEPTIONS_AVAILABLE - Success
-- Found Threads: TRUE
-- Examples: skipping slam_frontend; it needs OpenCV
-- The CUDA compiler identification is NVIDIA 11.1.74
-- Detecting CUDA compiler ABI info
-- Detecting CUDA compiler ABI info - done
-- Check for working CUDA compiler: /usr/local/cuda-11.1/bin/nvcc - skipped
-- Detecting CUDA compile features
-- Detecting CUDA compile features - done
-- Found CUDAToolkit: /usr/local/cuda-11.1/targets/x86_64-linux/include (found version "11.1.74")
-- 
-- ========== binCV Configuration ==========
-- Platform:   x86_64
-- Build type: Release
-- SIMD:       AVX-512 (compiler-capable)
-- Warnings:   -Wall -Wextra -Wpedantic -Wshadow -Wconversion -Wsign-conversion
--             -Werror ON (gate build)
--             wired into 43 first-party target(s), all verified
-- Tests:      Google Test
-- OpenCV:     NO - core-only mode (embedded)
-- x86 POPCNT: ON (-mpopcnt)
-- =========================================
-- 
-- Configuring done (5.6s)
-- Generating done (0.1s)
-- Build files have been written to: /home/ryanhou28/bincv/build-cuda-gate
