# bitwidth_crossover -- x86-64
# host:     AMD Ryzen 5 5600X 6-Core Processor
# kernel:   5.15.167.4-microsoft-standard-WSL2
# compiler: g++ (Ubuntu 11.4.0-1ubuntu1~22.04) 11.4.0
# commit:   25065d7
# pinning:  taskset -c 2
# date:     2026-09-01T12:05:07-07:00

ARM  0 gauss 1 -> 1                        202.6 us
ARM  1 gauss 2 -> 2                        484.2 us
ARM  2 gauss 3 -> 3                        711.4 us
ARM  3 gauss 4 -> 4                        854.4 us
ARM  4 gauss 5 -> 5                       1189.5 us
ARM  5 gauss 8 -> 8                       2074.8 us
ARM  6 gauss 1 -> 3 (binary in)            324.2 us
ARM  7 gauss 1 -> 5 (binary in)            388.3 us
ARM  8 box 1 -> 1                           86.8 us
ARM  9 box 2 -> 2                           63.7 us
ARM 10 box 3 -> 3                           97.2 us
ARM 11 box 4 -> 4                          136.0 us
ARM 12 box 5 -> 5                          176.1 us
ARM 13 box 8 -> 8                          701.8 us
ARM 14 box 1 -> 3 (SHIPPED shape)           32.6 us
ARM 15 cv::pyrDown 8U (denominator)         48.5 us
