# launch sweep -- 10 separate processes of one benchmark
# benchmark: ./build-pi/benchmark/corner_subpix_benchmark 
# launches: 10
# arch:     aarch64
# host:     Raspberry Pi 4 Model B Rev 1.5
# kernel:   6.18.34+rpt-rpi-v8
# compiler: g++ (Debian 14.2.0-19) 14.2.0
# commit:   80ff0a8
# sources:  benchmark/corner_subpix_benchmark.cpp=8e97fd7e061c benchmark/measure_util.hpp=7b35f7a51f9b include/bincv/binMat.hpp=90b29c8f718a include/bincv/core/error.hpp=43506907e810 include/bincv/core/simd.hpp=19736b8d5614 include/bincv/core/storage.hpp=74525f70a0a6 include/bincv/core/types.hpp=97966010c55c include/bincv/core/view.hpp=342aae906df4 include/bincv/impl/binMat_impl.hpp=f25f40f9b1d4 include/bincv/impl/kernel_util.hpp=66921f7f7ffe include/bincv/ops/bitslice.hpp=218ecd55278c include/bincv/ops/derivative.hpp=ab5c81465829 include/bincv/ops/pack.hpp=b9da1543aa97 include/bincv/ops/shift.hpp=ef3c19a45dad include/bincv/ops/subpix.hpp=48814521b56c include/bincv/quantMat.hpp=9571cce97de6
# governor: performance
# throttled before: throttled=0x80000
# temp before: temp=64.2'C
# pinning:  taskset -c 3
# sleep between launches: 0s
# date:     2026-09-21T16:56:01-07:00
# loadavg at start: 1.04 1.03 0.95 1/308 916865
# NO launch is discarded -- a cold start is part of what varies between
# launches, and trimming it would trim the tail this sweep measures.

### run 1
=== cornerSubPix vs cv::cornerSubPix (role), 752x480, 140 corners ===
 mean |ours - cv| after refining the same seeds: 1.6869 px
 (different gradients by design -- ternary vs Sobel-like; the test
  suite owns exactness against the shared refinement rule)

 bincv::cornerSubPix (ternary derivs)        0.625 ms  spread 0%
 cv::cornerSubPix (8-bit image)              8.627 ms  spread 0%

 ratio 13.80x  (>1 means binCV is faster)
 working sets: binCV reads the pipeline's existing ternary planes, no
 allocation in the kernel; cv reweights from the 8-bit frame per call.
 sink 83236
### run 2
=== cornerSubPix vs cv::cornerSubPix (role), 752x480, 140 corners ===
 mean |ours - cv| after refining the same seeds: 1.6869 px
 (different gradients by design -- ternary vs Sobel-like; the test
  suite owns exactness against the shared refinement rule)

 bincv::cornerSubPix (ternary derivs)        0.625 ms  spread 0%
 cv::cornerSubPix (8-bit image)              8.604 ms  spread 0%

 ratio 13.78x  (>1 means binCV is faster)
 working sets: binCV reads the pipeline's existing ternary planes, no
 allocation in the kernel; cv reweights from the 8-bit frame per call.
 sink 84469
### run 3
=== cornerSubPix vs cv::cornerSubPix (role), 752x480, 140 corners ===
 mean |ours - cv| after refining the same seeds: 1.6869 px
 (different gradients by design -- ternary vs Sobel-like; the test
  suite owns exactness against the shared refinement rule)

 bincv::cornerSubPix (ternary derivs)        0.624 ms  spread 0%
 cv::cornerSubPix (8-bit image)              8.549 ms  spread 0%

 ratio 13.69x  (>1 means binCV is faster)
 working sets: binCV reads the pipeline's existing ternary planes, no
 allocation in the kernel; cv reweights from the 8-bit frame per call.
 sink 83236
### run 4
=== cornerSubPix vs cv::cornerSubPix (role), 752x480, 140 corners ===
 mean |ours - cv| after refining the same seeds: 1.6869 px
 (different gradients by design -- ternary vs Sobel-like; the test
  suite owns exactness against the shared refinement rule)

 bincv::cornerSubPix (ternary derivs)        0.625 ms  spread 0%
 cv::cornerSubPix (8-bit image)              8.551 ms  spread 1%

 ratio 13.68x  (>1 means binCV is faster)
 working sets: binCV reads the pipeline's existing ternary planes, no
 allocation in the kernel; cv reweights from the 8-bit frame per call.
 sink 84469
### run 5
=== cornerSubPix vs cv::cornerSubPix (role), 752x480, 140 corners ===
 mean |ours - cv| after refining the same seeds: 1.6869 px
 (different gradients by design -- ternary vs Sobel-like; the test
  suite owns exactness against the shared refinement rule)

 bincv::cornerSubPix (ternary derivs)        0.625 ms  spread 0%
 cv::cornerSubPix (8-bit image)              8.640 ms  spread 0%

 ratio 13.82x  (>1 means binCV is faster)
 working sets: binCV reads the pipeline's existing ternary planes, no
 allocation in the kernel; cv reweights from the 8-bit frame per call.
 sink 84469
### run 6
=== cornerSubPix vs cv::cornerSubPix (role), 752x480, 140 corners ===
 mean |ours - cv| after refining the same seeds: 1.6869 px
 (different gradients by design -- ternary vs Sobel-like; the test
  suite owns exactness against the shared refinement rule)

 bincv::cornerSubPix (ternary derivs)        0.624 ms  spread 0%
 cv::cornerSubPix (8-bit image)              8.594 ms  spread 0%

 ratio 13.77x  (>1 means binCV is faster)
 working sets: binCV reads the pipeline's existing ternary planes, no
 allocation in the kernel; cv reweights from the 8-bit frame per call.
 sink 84469
### run 7
=== cornerSubPix vs cv::cornerSubPix (role), 752x480, 140 corners ===
 mean |ours - cv| after refining the same seeds: 1.6869 px
 (different gradients by design -- ternary vs Sobel-like; the test
  suite owns exactness against the shared refinement rule)

 bincv::cornerSubPix (ternary derivs)        0.626 ms  spread 0%
 cv::cornerSubPix (8-bit image)              8.543 ms  spread 0%

 ratio 13.65x  (>1 means binCV is faster)
 working sets: binCV reads the pipeline's existing ternary planes, no
 allocation in the kernel; cv reweights from the 8-bit frame per call.
 sink 84469
### run 8
=== cornerSubPix vs cv::cornerSubPix (role), 752x480, 140 corners ===
 mean |ours - cv| after refining the same seeds: 1.6869 px
 (different gradients by design -- ternary vs Sobel-like; the test
  suite owns exactness against the shared refinement rule)

 bincv::cornerSubPix (ternary derivs)        0.625 ms  spread 0%
 cv::cornerSubPix (8-bit image)              8.596 ms  spread 1%

 ratio 13.75x  (>1 means binCV is faster)
 working sets: binCV reads the pipeline's existing ternary planes, no
 allocation in the kernel; cv reweights from the 8-bit frame per call.
 sink 84469
### run 9
=== cornerSubPix vs cv::cornerSubPix (role), 752x480, 140 corners ===
 mean |ours - cv| after refining the same seeds: 1.6869 px
 (different gradients by design -- ternary vs Sobel-like; the test
  suite owns exactness against the shared refinement rule)

 bincv::cornerSubPix (ternary derivs)        0.625 ms  spread 2%
 cv::cornerSubPix (8-bit image)              8.587 ms  spread 0%

 ratio 13.74x  (>1 means binCV is faster)
 working sets: binCV reads the pipeline's existing ternary planes, no
 allocation in the kernel; cv reweights from the 8-bit frame per call.
 sink 84469
### run 10
=== cornerSubPix vs cv::cornerSubPix (role), 752x480, 140 corners ===
 mean |ours - cv| after refining the same seeds: 1.6869 px
 (different gradients by design -- ternary vs Sobel-like; the test
  suite owns exactness against the shared refinement rule)

 bincv::cornerSubPix (ternary derivs)        0.628 ms  spread 0%
 cv::cornerSubPix (8-bit image)              8.672 ms  spread 0%

 ratio 13.82x  (>1 means binCV is faster)
 working sets: binCV reads the pipeline's existing ternary planes, no
 allocation in the kernel; cv reweights from the 8-bit frame per call.
 sink 83236

# loadavg at end: 1.03 1.03 0.95 1/308 916905
# throttled after: throttled=0x80000
# temp after: temp=63.7'C
# date:     2026-09-21T16:56:10-07:00
# done

# ---- aggregate (scripts/aggregate_launches.py ) ----
# 10 launches parsed from 1 path(s); bootstrap 10000 resamples, seed 12345
# 
# row                                         n     median        min        max    r2r  scatter  within     ci95 of the median     +/-   minres
# i1 / bincv::cornerSubPix (ternary derivs)  10     0.6250     0.6240     0.6280  1.006     0.6%      --  [  0.6245,   0.6255]   0.08%   1.001x
# i1 / cv::cornerSubPix (8-bit image)        10     8.5950     8.5430     8.6720  1.015     1.5%      --  [  8.5510,   8.6270]   0.44%   1.005x
# 
#   median   median of the per-launch medians -- the value to quote.
#   r2r      run-to-run scatter as a factor, max/min of those medians.
#   scatter  (max-min)/median ACROSS launches: Timing::spreadPct()'s own
#            arithmetic, so it reads directly against the next column.
#   within   median of the per-launch spread column -- what one launch
#            reports about itself, and all it can report.
#   minres   smallest difference these launches resolve on this row,
#            max(hi/median, median/lo). Derived from the row's scatter;
#            whether it is small ENOUGH is a per-case call, so state the
#            difference with --resolve rather than reading a bar into it.
# 
#   tables in a launch, in order:
#     i1       suite owns exactness against the shared refinement rule)
