# launch sweep -- 7 separate processes of one benchmark
# benchmark: ./build-pi/benchmark/dense_opencv_benchmark 
# launches: 7
# arch:     aarch64
# host:     Raspberry Pi 4 Model B Rev 1.5
# kernel:   6.18.34+rpt-rpi-v8
# compiler: g++ (Debian 14.2.0-19) 14.2.0
# commit:   80ff0a8
# sources:  benchmark/dense_opencv_benchmark.cpp=a96944692419 benchmark/measure_util.hpp=7b35f7a51f9b include/bincv/binMat.hpp=90b29c8f718a include/bincv/core/error.hpp=43506907e810 include/bincv/core/simd.hpp=19736b8d5614 include/bincv/core/storage.hpp=74525f70a0a6 include/bincv/core/types.hpp=97966010c55c include/bincv/core/view.hpp=342aae906df4 include/bincv/impl/binMat_impl.hpp=f25f40f9b1d4 include/bincv/impl/kernel_util.hpp=66921f7f7ffe include/bincv/ops/bitslice.hpp=218ecd55278c include/bincv/ops/census.hpp=78527edb280f include/bincv/ops/denseDisparity.hpp=07acea201657 include/bincv/ops/shift.hpp=ef3c19a45dad
# governor: performance
# throttled before: throttled=0x80000
# temp before: temp=61.8'C
# pinning:  taskset -c 3
# sleep between launches: 0s
# date:     2026-09-21T17:06:20-07:00
# loadavg at start: 0.98 0.90 0.93 1/314 920572
# NO launch is discarded -- a cold start is part of what varies between
# launches, and trimming it would trim the tail this sweep measures.

### run 1
=== dense disparity vs cv::StereoBM (role, not numerics) ===
 752x480, 64 disparities, one thread each

 binCV denseDisparity (census 5x5, 9x9)         730.61 ms  spread 0%
 cv::StereoBM (SAD, blockSize 21)                80.14 ms  spread 1%

 working sets: binCV scratch 95904 B + 1 B/px output; StereoBM >= 721920 B output alone (2 B/px, internal buffers unobserved)
 sink 2506
### run 2
=== dense disparity vs cv::StereoBM (role, not numerics) ===
 752x480, 64 disparities, one thread each

 binCV denseDisparity (census 5x5, 9x9)         730.62 ms  spread 0%
 cv::StereoBM (SAD, blockSize 21)                79.95 ms  spread 1%

 working sets: binCV scratch 95904 B + 1 B/px output; StereoBM >= 721920 B output alone (2 B/px, internal buffers unobserved)
 sink 2506
### run 3
=== dense disparity vs cv::StereoBM (role, not numerics) ===
 752x480, 64 disparities, one thread each

 binCV denseDisparity (census 5x5, 9x9)         727.56 ms  spread 0%
 cv::StereoBM (SAD, blockSize 21)                79.90 ms  spread 2%

 working sets: binCV scratch 95904 B + 1 B/px output; StereoBM >= 721920 B output alone (2 B/px, internal buffers unobserved)
 sink 2506
### run 4
=== dense disparity vs cv::StereoBM (role, not numerics) ===
 752x480, 64 disparities, one thread each

 binCV denseDisparity (census 5x5, 9x9)         732.19 ms  spread 0%
 cv::StereoBM (SAD, blockSize 21)                79.86 ms  spread 1%

 working sets: binCV scratch 95904 B + 1 B/px output; StereoBM >= 721920 B output alone (2 B/px, internal buffers unobserved)
 sink 2506
### run 5
=== dense disparity vs cv::StereoBM (role, not numerics) ===
 752x480, 64 disparities, one thread each

 binCV denseDisparity (census 5x5, 9x9)         728.43 ms  spread 0%
 cv::StereoBM (SAD, blockSize 21)                80.16 ms  spread 1%

 working sets: binCV scratch 95904 B + 1 B/px output; StereoBM >= 721920 B output alone (2 B/px, internal buffers unobserved)
 sink 2506
### run 6
=== dense disparity vs cv::StereoBM (role, not numerics) ===
 752x480, 64 disparities, one thread each

 binCV denseDisparity (census 5x5, 9x9)         730.19 ms  spread 0%
 cv::StereoBM (SAD, blockSize 21)                79.87 ms  spread 1%

 working sets: binCV scratch 95904 B + 1 B/px output; StereoBM >= 721920 B output alone (2 B/px, internal buffers unobserved)
 sink 2506
### run 7
=== dense disparity vs cv::StereoBM (role, not numerics) ===
 752x480, 64 disparities, one thread each

 binCV denseDisparity (census 5x5, 9x9)         731.59 ms  spread 0%
 cv::StereoBM (SAD, blockSize 21)                79.87 ms  spread 1%

 working sets: binCV scratch 95904 B + 1 B/px output; StereoBM >= 721920 B output alone (2 B/px, internal buffers unobserved)
 sink 2506

# loadavg at end: 0.99 0.92 0.93 1/313 921000
# throttled after: throttled=0x80000
# temp after: temp=62.8'C
# date:     2026-09-21T17:07:00-07:00
# done

# ---- aggregate (scripts/aggregate_launches.py ) ----
# 7 launches parsed from 1 path(s); bootstrap 10000 resamples, seed 12345
# 
# row                                           n     median        min        max    r2r  scatter  within     ci95 of the median     +/-   minres
# i1 / binCV denseDisparity (census 5x5, 9x9)   7   730.6100   727.5600   732.1900  1.006     0.6%      --  [728.4300, 731.5900]   0.22%   1.003x
# i1 / cv::StereoBM (SAD, blockSize 21)         7    79.9000    79.8600    80.1600  1.004     0.4%      --  [ 79.8700,  80.1400]   0.17%   1.003x
# 
#   median   median of the per-launch medians -- the value to quote.
#   r2r      run-to-run scatter as a factor, max/min of those medians.
#   scatter  (max-min)/median ACROSS launches: Timing::spreadPct()'s own
#            arithmetic, so it reads directly against the next column.
#   within   median of the per-launch spread column -- what one launch
#            reports about itself, and all it can report.
#   minres   smallest difference these launches resolve on this row,
#            max(hi/median, median/lo). Derived from the row's scatter;
#            whether it is small ENOUGH is a per-case call, so state the
#            difference with --resolve rather than reading a bar into it.
# 
#   tables in a launch, in order:
#     i1       752x480, 64 disparities, one thread each
