# launch sweep -- 7 separate processes of one benchmark
# benchmark: ./build-pi/benchmark/dense_benchmark 
# launches: 7
# arch:     aarch64
# host:     Raspberry Pi 4 Model B Rev 1.5
# kernel:   6.18.34+rpt-rpi-v8
# compiler: g++ (Debian 14.2.0-19) 14.2.0
# commit:   80ff0a8
# governor: performance
# throttled before: throttled=0x80000
# temp before: temp=54.5'C
# pinning:  taskset -c 3
# sleep between launches: 0s
# date:     2026-09-21T17:03:06-07:00
# loadavg at start: 0.47 0.80 0.90 1/311 918639
# NO launch is discarded -- a cold start is part of what varies between
# launches, and trimming it would trim the tail this sweep measures.

### run 1
=== dense disparity (census 5x5, streamed) ===
 752x480 pair; the refused cost volume would be 23101440 B per byte of cell

 D=64, 9x9, u32 sliding                       727.63 ms  scratch 95904 B  spread 0%
 D=64, 9x9, u64 sliding                       457.12 ms  scratch 95904 B  spread 0%
 D=64, 9x9, u64 RECOMPUTE arm                1485.31 ms  scratch 46752 B  spread 0%
 D=32, 9x9, u32 sliding                       380.58 ms  scratch 71328 B  spread 0%
 D=64, 5x5, u32 sliding                       746.84 ms  scratch 71232 B  spread 0%

 sliding vs recompute at u64: 3.25x (the arm the default buys)

 BINARY-NATIVE D=64, 9x9, u64 sliding          60.37 ms  scratch 32352 B  spread 0%
 (binCV SIMD: NEON=yes AVX2=n/a popcount=hardware (fast paths active))
 BINARY-NATIVE, portable arm (switch off)      84.45 ms  spread 0%  (vector arm 1.40x)
 (the caller already holds the bits; the wide arms above pay census
  for the privilege of not having them)

 D=64 vs D=32 time ratio 1.91x (the design trades time linear in D
 for peak memory independent of it; this is the linearity check).
 sink 1029
### run 2
=== dense disparity (census 5x5, streamed) ===
 752x480 pair; the refused cost volume would be 23101440 B per byte of cell

 D=64, 9x9, u32 sliding                       730.74 ms  scratch 95904 B  spread 0%
 D=64, 9x9, u64 sliding                       461.01 ms  scratch 95904 B  spread 0%
 D=64, 9x9, u64 RECOMPUTE arm                1485.44 ms  scratch 46752 B  spread 0%
 D=32, 9x9, u32 sliding                       378.62 ms  scratch 71328 B  spread 0%
 D=64, 5x5, u32 sliding                       750.43 ms  scratch 71232 B  spread 0%

 sliding vs recompute at u64: 3.22x (the arm the default buys)

 BINARY-NATIVE D=64, 9x9, u64 sliding          60.70 ms  scratch 32352 B  spread 0%
 (binCV SIMD: NEON=yes AVX2=n/a popcount=hardware (fast paths active))
 BINARY-NATIVE, portable arm (switch off)      84.52 ms  spread 0%  (vector arm 1.39x)
 (the caller already holds the bits; the wide arms above pay census
  for the privilege of not having them)

 D=64 vs D=32 time ratio 1.93x (the design trades time linear in D
 for peak memory independent of it; this is the linearity check).
 sink 1029
### run 3
=== dense disparity (census 5x5, streamed) ===
 752x480 pair; the refused cost volume would be 23101440 B per byte of cell

 D=64, 9x9, u32 sliding                       727.62 ms  scratch 95904 B  spread 0%
 D=64, 9x9, u64 sliding                       457.52 ms  scratch 95904 B  spread 0%
 D=64, 9x9, u64 RECOMPUTE arm                1483.22 ms  scratch 46752 B  spread 0%
 D=32, 9x9, u32 sliding                       380.12 ms  scratch 71328 B  spread 0%
 D=64, 5x5, u32 sliding                       752.21 ms  scratch 71232 B  spread 0%

 sliding vs recompute at u64: 3.24x (the arm the default buys)

 BINARY-NATIVE D=64, 9x9, u64 sliding          60.71 ms  scratch 32352 B  spread 0%
 (binCV SIMD: NEON=yes AVX2=n/a popcount=hardware (fast paths active))
 BINARY-NATIVE, portable arm (switch off)      84.57 ms  spread 0%  (vector arm 1.39x)
 (the caller already holds the bits; the wide arms above pay census
  for the privilege of not having them)

 D=64 vs D=32 time ratio 1.91x (the design trades time linear in D
 for peak memory independent of it; this is the linearity check).
 sink 1029
### run 4
=== dense disparity (census 5x5, streamed) ===
 752x480 pair; the refused cost volume would be 23101440 B per byte of cell

 D=64, 9x9, u32 sliding                       732.96 ms  scratch 95904 B  spread 0%
 D=64, 9x9, u64 sliding                       461.33 ms  scratch 95904 B  spread 0%
 D=64, 9x9, u64 RECOMPUTE arm                1503.02 ms  scratch 46752 B  spread 0%
 D=32, 9x9, u32 sliding                       378.28 ms  scratch 71328 B  spread 0%
 D=64, 5x5, u32 sliding                       753.24 ms  scratch 71232 B  spread 0%

 sliding vs recompute at u64: 3.26x (the arm the default buys)

 BINARY-NATIVE D=64, 9x9, u64 sliding          60.56 ms  scratch 32352 B  spread 0%
 (binCV SIMD: NEON=yes AVX2=n/a popcount=hardware (fast paths active))
 BINARY-NATIVE, portable arm (switch off)      84.47 ms  spread 0%  (vector arm 1.39x)
 (the caller already holds the bits; the wide arms above pay census
  for the privilege of not having them)

 D=64 vs D=32 time ratio 1.94x (the design trades time linear in D
 for peak memory independent of it; this is the linearity check).
 sink 1029
### run 5
=== dense disparity (census 5x5, streamed) ===
 752x480 pair; the refused cost volume would be 23101440 B per byte of cell

 D=64, 9x9, u32 sliding                       728.19 ms  scratch 95904 B  spread 0%
 D=64, 9x9, u64 sliding                       458.04 ms  scratch 95904 B  spread 0%
 D=64, 9x9, u64 RECOMPUTE arm                1479.00 ms  scratch 46752 B  spread 0%
 D=32, 9x9, u32 sliding                       380.83 ms  scratch 71328 B  spread 0%
 D=64, 5x5, u32 sliding                       746.54 ms  scratch 71232 B  spread 0%

 sliding vs recompute at u64: 3.23x (the arm the default buys)

 BINARY-NATIVE D=64, 9x9, u64 sliding          60.57 ms  scratch 32352 B  spread 0%
 (binCV SIMD: NEON=yes AVX2=n/a popcount=hardware (fast paths active))
 BINARY-NATIVE, portable arm (switch off)      84.43 ms  spread 0%  (vector arm 1.39x)
 (the caller already holds the bits; the wide arms above pay census
  for the privilege of not having them)

 D=64 vs D=32 time ratio 1.91x (the design trades time linear in D
 for peak memory independent of it; this is the linearity check).
 sink 1029
### run 6
=== dense disparity (census 5x5, streamed) ===
 752x480 pair; the refused cost volume would be 23101440 B per byte of cell

 D=64, 9x9, u32 sliding                       733.89 ms  scratch 95904 B  spread 0%
 D=64, 9x9, u64 sliding                       462.17 ms  scratch 95904 B  spread 0%
 D=64, 9x9, u64 RECOMPUTE arm                1492.59 ms  scratch 46752 B  spread 0%
 D=32, 9x9, u32 sliding                       380.02 ms  scratch 71328 B  spread 0%
 D=64, 5x5, u32 sliding                       749.07 ms  scratch 71232 B  spread 0%

 sliding vs recompute at u64: 3.23x (the arm the default buys)

 BINARY-NATIVE D=64, 9x9, u64 sliding          60.58 ms  scratch 32352 B  spread 0%
 (binCV SIMD: NEON=yes AVX2=n/a popcount=hardware (fast paths active))
 BINARY-NATIVE, portable arm (switch off)      84.40 ms  spread 0%  (vector arm 1.39x)
 (the caller already holds the bits; the wide arms above pay census
  for the privilege of not having them)

 D=64 vs D=32 time ratio 1.93x (the design trades time linear in D
 for peak memory independent of it; this is the linearity check).
 sink 1029
### run 7
=== dense disparity (census 5x5, streamed) ===
 752x480 pair; the refused cost volume would be 23101440 B per byte of cell

 D=64, 9x9, u32 sliding                       728.29 ms  scratch 95904 B  spread 0%
 D=64, 9x9, u64 sliding                       457.62 ms  scratch 95904 B  spread 0%
 D=64, 9x9, u64 RECOMPUTE arm                1483.00 ms  scratch 46752 B  spread 0%
 D=32, 9x9, u32 sliding                       378.25 ms  scratch 71328 B  spread 0%
 D=64, 5x5, u32 sliding                       746.23 ms  scratch 71232 B  spread 0%

 sliding vs recompute at u64: 3.24x (the arm the default buys)

 BINARY-NATIVE D=64, 9x9, u64 sliding          60.55 ms  scratch 32352 B  spread 0%
 (binCV SIMD: NEON=yes AVX2=n/a popcount=hardware (fast paths active))
 BINARY-NATIVE, portable arm (switch off)      84.47 ms  spread 0%  (vector arm 1.40x)
 (the caller already holds the bits; the wide arms above pay census
  for the privilege of not having them)

 D=64 vs D=32 time ratio 1.93x (the design trades time linear in D
 for peak memory independent of it; this is the linearity check).
 sink 1029

# loadavg at end: 0.98 0.90 0.93 1/314 920544
# throttled after: throttled=0x80000
# temp after: temp=61.8'C
# date:     2026-09-21T17:06:20-07:00
# done

# ---- aggregate (scripts/aggregate_launches.py ) ----
# 7 launches parsed from 1 path(s); bootstrap 10000 resamples, seed 12345
# 
# row                                             n     median        min        max    r2r  scatter  within     ci95 of the median     +/-   minres
# i1 / D=32, 9x9, u32 sliding                     7   380.0200   378.2500   380.8300  1.007     0.7%      --  [378.2800, 380.5800]   0.30%   1.005x
# i1 / D=64, 5x5, u32 sliding                     7   749.0700   746.2300   753.2400  1.009     0.9%      --  [746.5400, 752.2100]   0.38%   1.004x
# i1 / D=64, 9x9, u32 sliding                     7   728.2900   727.6200   733.8900  1.009     0.9%      --  [727.6300, 732.9600]   0.37%   1.006x
# i1 / D=64, 9x9, u64 RECOMPUTE arm               7     1485.3     1479.0     1503.0  1.016     1.6%      --  [  1483.0,   1492.6]   0.32%   1.005x
# i1 / D=64, 9x9, u64 sliding                     7   458.0400   457.1200   462.1700  1.011     1.1%      --  [457.5200, 461.3300]   0.42%   1.007x
# i2 / BINARY-NATIVE D=64, 9x9, u64 sliding       7    60.5700    60.3700    60.7100  1.006     0.6%      --  [ 60.5500,  60.7000]   0.12%   1.002x
# i3 / BINARY-NATIVE, portable arm (switch off)   7    84.4700    84.4000    84.5700  1.002     0.2%      --  [ 84.4300,  84.5200]   0.05%   1.001x
# 
#   median   median of the per-launch medians -- the value to quote.
#   r2r      run-to-run scatter as a factor, max/min of those medians.
#   scatter  (max-min)/median ACROSS launches: Timing::spreadPct()'s own
#            arithmetic, so it reads directly against the next column.
#   within   median of the per-launch spread column -- what one launch
#            reports about itself, and all it can report.
#   minres   smallest difference these launches resolve on this row,
#            max(hi/median, median/lo). Derived from the row's scatter;
#            whether it is small ENOUGH is a per-case call, so state the
#            difference with --resolve rather than reading a bar into it.
# 
#   tables in a launch, in order:
#     i1       752x480 pair; the refused cost volume would be 23101440 B 
#     i2       sliding vs recompute at u64: 3.24x (the arm the default bu
#     i3       (binCV SIMD: NEON=yes AVX2=n/a popcount=hardware (fast pat
