# essential_stack -- x86-64
# host:     AMD Ryzen 5 5600X 6-Core Processor
# kernel:   5.15.167.4-microsoft-standard-WSL2
# compiler: g++ (Ubuntu 11.4.0-1ubuntu1~22.04) 11.4.0
# commit:   44ca7b3
# pinning:  taskset -c 2
# date:     2026-09-03T14:10:27-07:00

Stack a caller must reserve for one call, 1000 correspondences, deepest of 6 scenes
Probe: guard-page bisection on a 512 KiB thread stack, 16 B granularity, 3 repeats

CALIBRATION -- known answers the probe must recover
  workload consuming 4 096 B             4112 B
  workload consuming 16 384 B           16400 B
  both recovered within tolerance -- the figures below are readings

  probe limit -- 65 536 B frame, two bytes written: reads 65536 B
  reserved space is caught even when unwritten

STACK USED BY ONE CALL, net of the empty workload
  binCV fivePointEssential alone         6032 B
  binCV findEssentialMat (whole)         6368 B
  cv::findEssentialMat (whole)          16384 B

  A measured figure is a LOWER BOUND on worst-case stack: it is the
  deepest of the paths that ran, over 6 scenes. Budget with margin.
