# launch sweep -- 10 separate processes of one benchmark
# benchmark: ./build-pi/benchmark/fast_bitplane_benchmark 
# launches: 10
# arch:     aarch64
# host:     Raspberry Pi 4 Model B Rev 1.5
# kernel:   6.18.34+rpt-rpi-v8
# compiler: g++ (Debian 14.2.0-19) 14.2.0
# commit:   550d45a
# governor: performance
# throttled before: throttled=0x80000
# temp before: temp=56.4'C
# pinning:  taskset -c 3
# sleep between launches: 0s
# date:     2026-09-23T02:07:16-07:00
# loadavg at start: 0.63 0.47 0.19 1/318 2161096
# NO launch is discarded -- a cold start is part of what varies between
# launches, and trimming it would trim the tail this sweep measures.

### run 1
=== FAST on a bit-plane against cv::FAST ===
one thread; 12 interleaved rounds, minimum reported

 benchmark/realframe.bin 752x480
 corners: cv::FAST 6724 binCV wide 6724 binCV bit-plane 6724 (bit-plane == cv::FAST)
 (a) cv::FAST on CV_8U         2050.5 us  1.00x    360960 B
 (b) binCV wide, CV_8U         2050.8 us  1.00x    360960 B
 (c) binCV BIT-PLANE            862.7 us  2.38x     46080 B (7.8x smaller input)
 scoring-arm crossover sweep (corners per chunk before the arc masks are used):
 threshold 0 (always)     861.6 us  2.38x vs cv::FAST
 threshold 2              861.1 us  2.38x vs cv::FAST
 threshold 3              860.9 us  2.38x vs cv::FAST
 threshold 4              861.2 us  2.38x vs cv::FAST
 threshold 6              861.0 us  2.38x vs cv::FAST
 threshold 8              860.7 us  2.38x vs cv::FAST
 threshold 12             861.0 us  2.38x vs cv::FAST
 threshold never          861.0 us  2.38x vs cv::FAST
 bit-plane, scalar arm     2919.7 us  (against the arm lines above; parity = arm not running)
### run 2
=== FAST on a bit-plane against cv::FAST ===
one thread; 12 interleaved rounds, minimum reported

 benchmark/realframe.bin 752x480
 corners: cv::FAST 6724 binCV wide 6724 binCV bit-plane 6724 (bit-plane == cv::FAST)
 (a) cv::FAST on CV_8U         2052.3 us  1.00x    360960 B
 (b) binCV wide, CV_8U         2059.0 us  1.00x    360960 B
 (c) binCV BIT-PLANE            865.5 us  2.37x     46080 B (7.8x smaller input)
 scoring-arm crossover sweep (corners per chunk before the arc masks are used):
 threshold 0 (always)     863.8 us  2.38x vs cv::FAST
 threshold 2              863.4 us  2.38x vs cv::FAST
 threshold 3              863.6 us  2.38x vs cv::FAST
 threshold 4              864.0 us  2.38x vs cv::FAST
 threshold 6              863.7 us  2.38x vs cv::FAST
 threshold 8              863.8 us  2.38x vs cv::FAST
 threshold 12             863.5 us  2.38x vs cv::FAST
 threshold never          863.4 us  2.38x vs cv::FAST
 bit-plane, scalar arm     2915.7 us  (against the arm lines above; parity = arm not running)
### run 3
=== FAST on a bit-plane against cv::FAST ===
one thread; 12 interleaved rounds, minimum reported

 benchmark/realframe.bin 752x480
 corners: cv::FAST 6724 binCV wide 6724 binCV bit-plane 6724 (bit-plane == cv::FAST)
 (a) cv::FAST on CV_8U         2064.6 us  1.00x    360960 B
 (b) binCV wide, CV_8U         2050.5 us  1.01x    360960 B
 (c) binCV BIT-PLANE            864.7 us  2.39x     46080 B (7.8x smaller input)
 scoring-arm crossover sweep (corners per chunk before the arc masks are used):
 threshold 0 (always)     862.7 us  2.39x vs cv::FAST
 threshold 2              862.7 us  2.39x vs cv::FAST
 threshold 3              863.1 us  2.39x vs cv::FAST
 threshold 4              863.1 us  2.39x vs cv::FAST
 threshold 6              862.7 us  2.39x vs cv::FAST
 threshold 8              862.8 us  2.39x vs cv::FAST
 threshold 12             862.8 us  2.39x vs cv::FAST
 threshold never          862.7 us  2.39x vs cv::FAST
 bit-plane, scalar arm     2921.0 us  (against the arm lines above; parity = arm not running)
### run 4
=== FAST on a bit-plane against cv::FAST ===
one thread; 12 interleaved rounds, minimum reported

 benchmark/realframe.bin 752x480
 corners: cv::FAST 6724 binCV wide 6724 binCV bit-plane 6724 (bit-plane == cv::FAST)
 (a) cv::FAST on CV_8U         2057.4 us  1.00x    360960 B
 (b) binCV wide, CV_8U         2051.5 us  1.00x    360960 B
 (c) binCV BIT-PLANE            868.1 us  2.37x     46080 B (7.8x smaller input)
 scoring-arm crossover sweep (corners per chunk before the arc masks are used):
 threshold 0 (always)     866.8 us  2.37x vs cv::FAST
 threshold 2              866.5 us  2.37x vs cv::FAST
 threshold 3              866.8 us  2.37x vs cv::FAST
 threshold 4              866.9 us  2.37x vs cv::FAST
 threshold 6              866.9 us  2.37x vs cv::FAST
 threshold 8              866.9 us  2.37x vs cv::FAST
 threshold 12             867.0 us  2.37x vs cv::FAST
 threshold never          866.7 us  2.37x vs cv::FAST
 bit-plane, scalar arm     2921.5 us  (against the arm lines above; parity = arm not running)
### run 5
=== FAST on a bit-plane against cv::FAST ===
one thread; 12 interleaved rounds, minimum reported

 benchmark/realframe.bin 752x480
 corners: cv::FAST 6724 binCV wide 6724 binCV bit-plane 6724 (bit-plane == cv::FAST)
 (a) cv::FAST on CV_8U         2047.7 us  1.00x    360960 B
 (b) binCV wide, CV_8U         2052.3 us  1.00x    360960 B
 (c) binCV BIT-PLANE            863.0 us  2.37x     46080 B (7.8x smaller input)
 scoring-arm crossover sweep (corners per chunk before the arc masks are used):
 threshold 0 (always)     861.2 us  2.38x vs cv::FAST
 threshold 2              861.1 us  2.38x vs cv::FAST
 threshold 3              861.0 us  2.38x vs cv::FAST
 threshold 4              861.1 us  2.38x vs cv::FAST
 threshold 6              861.3 us  2.38x vs cv::FAST
 threshold 8              861.2 us  2.38x vs cv::FAST
 threshold 12             860.9 us  2.38x vs cv::FAST
 threshold never          860.9 us  2.38x vs cv::FAST
 bit-plane, scalar arm     2919.4 us  (against the arm lines above; parity = arm not running)
### run 6
=== FAST on a bit-plane against cv::FAST ===
one thread; 12 interleaved rounds, minimum reported

 benchmark/realframe.bin 752x480
 corners: cv::FAST 6724 binCV wide 6724 binCV bit-plane 6724 (bit-plane == cv::FAST)
 (a) cv::FAST on CV_8U         2049.8 us  1.00x    360960 B
 (b) binCV wide, CV_8U         2051.9 us  1.00x    360960 B
 (c) binCV BIT-PLANE            865.5 us  2.37x     46080 B (7.8x smaller input)
 scoring-arm crossover sweep (corners per chunk before the arc masks are used):
 threshold 0 (always)     864.6 us  2.37x vs cv::FAST
 threshold 2              863.9 us  2.37x vs cv::FAST
 threshold 3              863.9 us  2.37x vs cv::FAST
 threshold 4              864.8 us  2.37x vs cv::FAST
 threshold 6              865.0 us  2.37x vs cv::FAST
 threshold 8              864.2 us  2.37x vs cv::FAST
 threshold 12             864.1 us  2.37x vs cv::FAST
 threshold never          863.8 us  2.37x vs cv::FAST
 bit-plane, scalar arm     2930.9 us  (against the arm lines above; parity = arm not running)
### run 7
=== FAST on a bit-plane against cv::FAST ===
one thread; 12 interleaved rounds, minimum reported

 benchmark/realframe.bin 752x480
 corners: cv::FAST 6724 binCV wide 6724 binCV bit-plane 6724 (bit-plane == cv::FAST)
 (a) cv::FAST on CV_8U         2052.5 us  1.00x    360960 B
 (b) binCV wide, CV_8U         2052.4 us  1.00x    360960 B
 (c) binCV BIT-PLANE            866.0 us  2.37x     46080 B (7.8x smaller input)
 scoring-arm crossover sweep (corners per chunk before the arc masks are used):
 threshold 0 (always)     863.6 us  2.38x vs cv::FAST
 threshold 2              863.3 us  2.38x vs cv::FAST
 threshold 3              863.4 us  2.38x vs cv::FAST
 threshold 4              863.4 us  2.38x vs cv::FAST
 threshold 6              863.5 us  2.38x vs cv::FAST
 threshold 8              863.6 us  2.38x vs cv::FAST
 threshold 12             863.7 us  2.38x vs cv::FAST
 threshold never          863.5 us  2.38x vs cv::FAST
 bit-plane, scalar arm     2918.5 us  (against the arm lines above; parity = arm not running)
### run 8
=== FAST on a bit-plane against cv::FAST ===
one thread; 12 interleaved rounds, minimum reported

 benchmark/realframe.bin 752x480
 corners: cv::FAST 6724 binCV wide 6724 binCV bit-plane 6724 (bit-plane == cv::FAST)
 (a) cv::FAST on CV_8U         2042.7 us  1.00x    360960 B
 (b) binCV wide, CV_8U         2050.7 us  1.00x    360960 B
 (c) binCV BIT-PLANE            865.4 us  2.36x     46080 B (7.8x smaller input)
 scoring-arm crossover sweep (corners per chunk before the arc masks are used):
 threshold 0 (always)     863.7 us  2.37x vs cv::FAST
 threshold 2              863.4 us  2.37x vs cv::FAST
 threshold 3              863.5 us  2.37x vs cv::FAST
 threshold 4              863.8 us  2.36x vs cv::FAST
 threshold 6              863.7 us  2.37x vs cv::FAST
 threshold 8              863.5 us  2.37x vs cv::FAST
 threshold 12             863.7 us  2.37x vs cv::FAST
 threshold never          864.1 us  2.36x vs cv::FAST
 bit-plane, scalar arm     2935.2 us  (against the arm lines above; parity = arm not running)
### run 9
=== FAST on a bit-plane against cv::FAST ===
one thread; 12 interleaved rounds, minimum reported

 benchmark/realframe.bin 752x480
 corners: cv::FAST 6724 binCV wide 6724 binCV bit-plane 6724 (bit-plane == cv::FAST)
 (a) cv::FAST on CV_8U         2046.6 us  1.00x    360960 B
 (b) binCV wide, CV_8U         2053.0 us  1.00x    360960 B
 (c) binCV BIT-PLANE            864.8 us  2.37x     46080 B (7.8x smaller input)
 scoring-arm crossover sweep (corners per chunk before the arc masks are used):
 threshold 0 (always)     862.7 us  2.37x vs cv::FAST
 threshold 2              862.7 us  2.37x vs cv::FAST
 threshold 3              862.9 us  2.37x vs cv::FAST
 threshold 4              862.7 us  2.37x vs cv::FAST
 threshold 6              862.7 us  2.37x vs cv::FAST
 threshold 8              862.8 us  2.37x vs cv::FAST
 threshold 12             862.8 us  2.37x vs cv::FAST
 threshold never          862.9 us  2.37x vs cv::FAST
 bit-plane, scalar arm     2929.7 us  (against the arm lines above; parity = arm not running)
### run 10
=== FAST on a bit-plane against cv::FAST ===
one thread; 12 interleaved rounds, minimum reported

 benchmark/realframe.bin 752x480
 corners: cv::FAST 6724 binCV wide 6724 binCV bit-plane 6724 (bit-plane == cv::FAST)
 (a) cv::FAST on CV_8U         2051.6 us  1.00x    360960 B
 (b) binCV wide, CV_8U         2058.8 us  1.00x    360960 B
 (c) binCV BIT-PLANE            864.9 us  2.37x     46080 B (7.8x smaller input)
 scoring-arm crossover sweep (corners per chunk before the arc masks are used):
 threshold 0 (always)     864.0 us  2.37x vs cv::FAST
 threshold 2              864.0 us  2.37x vs cv::FAST
 threshold 3              863.9 us  2.37x vs cv::FAST
 threshold 4              863.4 us  2.38x vs cv::FAST
 threshold 6              863.5 us  2.38x vs cv::FAST
 threshold 8              863.5 us  2.38x vs cv::FAST
 threshold 12             863.6 us  2.38x vs cv::FAST
 threshold never          863.6 us  2.38x vs cv::FAST
 bit-plane, scalar arm     2922.9 us  (against the arm lines above; parity = arm not running)

# loadavg at end: 0.90 0.53 0.22 1/318 2161297
# throttled after: throttled=0x80000
# temp after: temp=57.9'C
# date:     2026-09-23T02:07:34-07:00
# done

# ---- aggregate (scripts/aggregate_launches.py --ratio (a) cv::FAST on CV_8U/(c) binCV BIT-PLANE) ----
# 10 launches parsed from 1 path(s); bootstrap 10000 resamples, seed 12345
#
# row                          n     median        min        max    r2r  scatter  within     ci95 of the median     +/-   minres
# i1 / (a) cv::FAST on CV_8U  10     2051.1     2042.7     2064.6  1.011     1.1%      --  [  2047.7,   2054.9]   0.17%   1.002x
# i1 / (b) binCV wide, CV_8U  10     2052.1     2050.5     2059.0  1.004     0.4%      --  [  2050.8,   2055.6]   0.12%   1.002x
# i1 / (c) binCV BIT-PLANE    10   865.1500   862.7000   868.1000  1.006     0.6%      --  [863.9000, 865.7500]   0.11%   1.001x
# i2 / bit-plane, scalar arm  10     2921.2     2915.7     2935.2  1.007     0.7%      --  [  2919.4,   2929.7]   0.18%   1.003x
# i2 / threshold 0 (always)   10   863.6500   861.2000   866.8000  1.007     0.6%      --  [862.1500, 864.2000]   0.12%   1.002x
# i2 / threshold 12           10   863.5500   860.9000   867.0000  1.007     0.7%      --  [861.9000, 863.9000]   0.12%   1.002x
# i2 / threshold 2            10   863.3500   861.1000   866.5000  1.006     0.6%      --  [861.9000, 863.9000]   0.12%   1.002x
# i2 / threshold 3            10   863.4500   860.9000   866.8000  1.007     0.7%      --  [862.0500, 863.9000]   0.11%   1.002x
# i2 / threshold 4            10   863.4000   861.1000   866.9000  1.007     0.7%      --  [862.1500, 864.3000]   0.12%   1.001x
# i2 / threshold 6            10   863.5000   861.0000   866.9000  1.007     0.7%      --  [862.0000, 864.3500]   0.14%   1.002x
# i2 / threshold 8            10   863.5000   860.7000   866.9000  1.007     0.7%      --  [862.0000, 863.9000]   0.11%   1.002x
# i2 / threshold never        10   863.4500   860.9000   866.7000  1.007     0.7%      --  [861.9500, 863.8500]   0.11%   1.002x
#
# RATIO  (a) cv::FAST on CV_8U  /  (c) binCV BIT-PLANE   over 10 launches
#   paired per launch (the published estimator)
#     median 2.3707   min 2.3604   max 2.3876   scatter 1.1%
#     bootstrap 95% CI of the median: [2.3683, 2.3745]   +/- 0.13%
#     launches with the ratio above 1.00: 10 of 10
#     smallest resolvable difference at 10 launches: 1.002x
#   ratio of the two medians, same launches
#     point 2.3707   bootstrap 95% CI: [2.3670, 2.3751]
#     the two intervals differ by 0.06% and 0.03% of the median at the two ends.
#     Say which estimator a quoted interval came from. The paired one is what the
#     committed logs publish.
#
#   median   median of the per-launch medians -- the value to quote.
#   r2r      run-to-run scatter as a factor, max/min of those medians.
#   scatter  (max-min)/median ACROSS launches: Timing::spreadPct()'s own
#            arithmetic, so it reads directly against the next column.
#   within   median of the per-launch spread column -- what one launch
#            reports about itself, and all it can report.
#   minres   smallest difference these launches resolve on this row,
#            max(hi/median, median/lo). Derived from the row's scatter;
#            whether it is small ENOUGH is a per-case call, so state the
#            difference with --resolve rather than reading a bar into it.
#
#   tables in a launch, in order:
#     i1       corners: cv::FAST 6724 binCV wide 6724 binCV bit-plane 672
#     i2       scoring-arm crossover sweep (corners per chunk before the
