# features -- aarch64
# host:     Raspberry Pi 4 Model B Rev 1.5
# kernel:   6.18.34+rpt-rpi-v8
# compiler: g++ (Debian 14.2.0-19) 14.2.0
# governor: performance
# throttled:throttled=0x80000
# pinning:  taskset -c 3 (applied by the runner)
# date:     2026-09-01T12:23:04-07:00

=== descriptors, matching and FAST ===
 752x480, FAST threshold 40, 256-bit descriptors, OpenCV at 1 thread

 detections: binCV 4144, cv::FAST 4144 (1.1% of pixels)

 arm                                        ns/frame    vs OpenCV
 FAST binCV                                3024087.2        0.96x
 FAST cv::FAST                             2906139.7             
 describe binCV BRIEF                       648306.0       10.51x
 describe cv::ORB (does more)              6816378.5             
 match kNN=2 binCV                        19391018.4        1.97x
 match kNN=2 cv::BFMatcher                38268844.0             

 1000 keypoints described and matched.
 cv::ORB::compute ALSO computes orientation and rotates its pattern per
 keypoint, so that row is not a like-for-like comparison and is not a
 claim. FAST and matching are.

 sink 2225672
