# launch sweep -- 5 separate processes of one benchmark
# benchmark: ./build-pi/benchmark/feature_tracking_sequence /home/ryan/bincv-data/euroc-v1_02-cam0
# launches: 5
# arch:     aarch64
# host:     Raspberry Pi 4 Model B Rev 1.5
# kernel:   6.18.34+rpt-rpi-v8
# compiler: g++ (Debian 14.2.0-19) 14.2.0
# commit:   80ff0a8
# sources:  benchmark/feature_tracking_sequence.cpp=631a55d47d44 benchmark/reference_sensor.hpp=6f2907b2ddd7 include/bincv/binMat.hpp=90b29c8f718a include/bincv/core/error.hpp=43506907e810 include/bincv/core/parallel.hpp=ff0da83d8957 include/bincv/core/simd.hpp=19736b8d5614 include/bincv/core/storage.hpp=74525f70a0a6 include/bincv/core/types.hpp=97966010c55c include/bincv/core/view.hpp=342aae906df4 include/bincv/impl/binMat_impl.hpp=f25f40f9b1d4 include/bincv/impl/kernel_util.hpp=66921f7f7ffe include/bincv/impl/lkBatch_impl.hpp=7dc4ba96228d include/bincv/ops/bitslice.hpp=218ecd55278c include/bincv/ops/corner.hpp=1a0eda51555e include/bincv/ops/covariance.hpp=1a5212230810 include/bincv/ops/derivative.hpp=ab5c81465829 include/bincv/ops/edge.hpp=9acb1064ba95 include/bincv/ops/medianWide.hpp=2effc9c26555 include/bincv/ops/opticalFlow.hpp=6b8b1b862fc8 include/bincv/ops/pyramid.hpp=b24cd24378a5 include/bincv/ops/reduce.hpp=728d865db387 include/bincv/ops/resample.hpp=d0db5aee157f include/bincv/ops/shift.hpp=ef3c19a45dad include/bincv/quantMat.hpp=9571cce97de6 include/bincv/threads/pool.hpp=8c105ffb045f
# governor: performance
# throttled before: throttled=0x80000
# temp before: temp=56.9'C
# pinning:  taskset -c 3
# sleep between launches: 0s
# date:     2026-09-21T17:10:31-07:00
# loadavg at start: 0.63 0.64 0.81 1/316 923508
# NO launch is discarded -- a cold start is part of what varies between
# launches, and trimming it would trim the tail this sweep measures.

### run 1
binCV SIMD: NEON=yes AVX2=n/a popcount=hardware (fast paths active)
LK residual kernel: NEON
LK keypoint batch: off

=== a / pipeline over 1710 frames, 752x480 ===
both pipelines see bit-identical input: median_filter then rl_fast_edge_filter_wide(17)

 ... 200 frames
 ... 400 frames
 ... 600 frames
 ... 800 frames
 ... 1000 frames
 ... 1200 frames
 ... 1400 frames
 ... 1600 frames

--- CRITERION 2: agreement with the reference pipeline ---
 flow vectors compared : 2007 over 1709 frames (82 re-detections)
 flow difference : median 0.0434 px p90 0.1614 p99 22.4941 max 213.8032
 (RMS over all : 7.0893 px -- reported for completeness; the
 comparisons) percentiles above are the honest summary, see
 agreeing within 1 px : 95.4%
 track lifetime median : binCV 11 frames OpenCV 12 frames
 tracks observed : binCV 10279 OpenCV 10129
 per-frame survival : binCV 96.4% OpenCV 96.6%
 detections truncated : 1 of 82 (capacity 20000)

--- CRITERION 3: peak footprint over the pipeline operation set ---
 binCV :   436704 B (1/2/2/2 pyramid x2, derivative ladders, 3-row response ring)
 OpenCV :  2719832 B (CV_8U pyramid x2 with 31-px border/level, CV_32F eigen map)
 RATIO : 6.23x smaller

--- binCV per-stage, AT THE REAL DUTY CYCLE ---
 detect                          0.458 ms/frame   8.9% (82 detections in 1709 frames = 4.8%)
 track (LK)                      3.801 ms/frame  74.2%
 build (pyrDown + derivatives)    0.864 ms/frame  16.9%
  ... sensor stage               0.509 ms/frame   9.9%
  ... median                     0.175 ms/frame   3.4%
  ... edge                       0.332 ms/frame   6.5%
  ... pyrDown                    0.190 ms/frame   3.7%
  ... derivatives                0.164 ms/frame   3.2%

 sensor stage vs OpenCV's: BIT-EXACT (0 pixels differ over 1709 frames)

--- CRITERION 4: speed against the byte-per-pixel denominator ---
 binCV :    5.124 ms/frame
 OpenCV :   23.628 ms/frame
 RATIO : 4.61x
 NOTE: binCV builds ONE pyramid per frame (the previous frame's is
 swapped in, proven bit-identical under BINCV_PYR_CHECK=1). OpenCV's
 calcOpticalFlowPyrLK rebuilds both of its pyramids per call; the
 redundancy was symmetric, and removing it on binCV's side only is the
 owner's recorded decision, not an oversight in the comparison.
 NOTE: OpenCV threads = 1 (binCV is single-threaded, always), and its
 LK and gftt are SIMD-vectorized.
 binCV has its NEON path here, so this is SIMD against
 SIMD on the deployment target -- the comparison criterion 4 is about.
### run 2
binCV SIMD: NEON=yes AVX2=n/a popcount=hardware (fast paths active)
LK residual kernel: NEON
LK keypoint batch: off

=== a / pipeline over 1710 frames, 752x480 ===
both pipelines see bit-identical input: median_filter then rl_fast_edge_filter_wide(17)

 ... 200 frames
 ... 400 frames
 ... 600 frames
 ... 800 frames
 ... 1000 frames
 ... 1200 frames
 ... 1400 frames
 ... 1600 frames

--- CRITERION 2: agreement with the reference pipeline ---
 flow vectors compared : 2007 over 1709 frames (82 re-detections)
 flow difference : median 0.0434 px p90 0.1614 p99 22.4941 max 213.8032
 (RMS over all : 7.0893 px -- reported for completeness; the
 comparisons) percentiles above are the honest summary, see
 agreeing within 1 px : 95.4%
 track lifetime median : binCV 11 frames OpenCV 12 frames
 tracks observed : binCV 10279 OpenCV 10129
 per-frame survival : binCV 96.4% OpenCV 96.6%
 detections truncated : 1 of 82 (capacity 20000)

--- CRITERION 3: peak footprint over the pipeline operation set ---
 binCV :   436704 B (1/2/2/2 pyramid x2, derivative ladders, 3-row response ring)
 OpenCV :  2719832 B (CV_8U pyramid x2 with 31-px border/level, CV_32F eigen map)
 RATIO : 6.23x smaller

--- binCV per-stage, AT THE REAL DUTY CYCLE ---
 detect                          0.459 ms/frame   9.0% (82 detections in 1709 frames = 4.8%)
 track (LK)                      3.791 ms/frame  74.4%
 build (pyrDown + derivatives)    0.848 ms/frame  16.6%
  ... sensor stage               0.504 ms/frame   9.9%
  ... median                     0.171 ms/frame   3.3%
  ... edge                       0.332 ms/frame   6.5%
  ... pyrDown                    0.190 ms/frame   3.7%
  ... derivatives                0.152 ms/frame   3.0%

 sensor stage vs OpenCV's: BIT-EXACT (0 pixels differ over 1709 frames)

--- CRITERION 4: speed against the byte-per-pixel denominator ---
 binCV :    5.099 ms/frame
 OpenCV :   23.537 ms/frame
 RATIO : 4.62x
 NOTE: binCV builds ONE pyramid per frame (the previous frame's is
 swapped in, proven bit-identical under BINCV_PYR_CHECK=1). OpenCV's
 calcOpticalFlowPyrLK rebuilds both of its pyramids per call; the
 redundancy was symmetric, and removing it on binCV's side only is the
 owner's recorded decision, not an oversight in the comparison.
 NOTE: OpenCV threads = 1 (binCV is single-threaded, always), and its
 LK and gftt are SIMD-vectorized.
 binCV has its NEON path here, so this is SIMD against
 SIMD on the deployment target -- the comparison criterion 4 is about.
### run 3
binCV SIMD: NEON=yes AVX2=n/a popcount=hardware (fast paths active)
LK residual kernel: NEON
LK keypoint batch: off

=== a / pipeline over 1710 frames, 752x480 ===
both pipelines see bit-identical input: median_filter then rl_fast_edge_filter_wide(17)

 ... 200 frames
 ... 400 frames
 ... 600 frames
 ... 800 frames
 ... 1000 frames
 ... 1200 frames
 ... 1400 frames
 ... 1600 frames

--- CRITERION 2: agreement with the reference pipeline ---
 flow vectors compared : 2007 over 1709 frames (82 re-detections)
 flow difference : median 0.0434 px p90 0.1614 p99 22.4941 max 213.8032
 (RMS over all : 7.0893 px -- reported for completeness; the
 comparisons) percentiles above are the honest summary, see
 agreeing within 1 px : 95.4%
 track lifetime median : binCV 11 frames OpenCV 12 frames
 tracks observed : binCV 10279 OpenCV 10129
 per-frame survival : binCV 96.4% OpenCV 96.6%
 detections truncated : 1 of 82 (capacity 20000)

--- CRITERION 3: peak footprint over the pipeline operation set ---
 binCV :   436704 B (1/2/2/2 pyramid x2, derivative ladders, 3-row response ring)
 OpenCV :  2719832 B (CV_8U pyramid x2 with 31-px border/level, CV_32F eigen map)
 RATIO : 6.23x smaller

--- binCV per-stage, AT THE REAL DUTY CYCLE ---
 detect                          0.458 ms/frame   9.0% (82 detections in 1709 frames = 4.8%)
 track (LK)                      3.791 ms/frame  74.3%
 build (pyrDown + derivatives)    0.851 ms/frame  16.7%
  ... sensor stage               0.508 ms/frame  10.0%
  ... median                     0.175 ms/frame   3.4%
  ... edge                       0.331 ms/frame   6.5%
  ... pyrDown                    0.190 ms/frame   3.7%
  ... derivatives                0.152 ms/frame   3.0%

 sensor stage vs OpenCV's: BIT-EXACT (0 pixels differ over 1709 frames)

--- CRITERION 4: speed against the byte-per-pixel denominator ---
 binCV :    5.101 ms/frame
 OpenCV :   23.654 ms/frame
 RATIO : 4.64x
 NOTE: binCV builds ONE pyramid per frame (the previous frame's is
 swapped in, proven bit-identical under BINCV_PYR_CHECK=1). OpenCV's
 calcOpticalFlowPyrLK rebuilds both of its pyramids per call; the
 redundancy was symmetric, and removing it on binCV's side only is the
 owner's recorded decision, not an oversight in the comparison.
 NOTE: OpenCV threads = 1 (binCV is single-threaded, always), and its
 LK and gftt are SIMD-vectorized.
 binCV has its NEON path here, so this is SIMD against
 SIMD on the deployment target -- the comparison criterion 4 is about.
### run 4
binCV SIMD: NEON=yes AVX2=n/a popcount=hardware (fast paths active)
LK residual kernel: NEON
LK keypoint batch: off

=== a / pipeline over 1710 frames, 752x480 ===
both pipelines see bit-identical input: median_filter then rl_fast_edge_filter_wide(17)

 ... 200 frames
 ... 400 frames
 ... 600 frames
 ... 800 frames
 ... 1000 frames
 ... 1200 frames
 ... 1400 frames
 ... 1600 frames

--- CRITERION 2: agreement with the reference pipeline ---
 flow vectors compared : 2007 over 1709 frames (82 re-detections)
 flow difference : median 0.0434 px p90 0.1614 p99 22.4941 max 213.8032
 (RMS over all : 7.0893 px -- reported for completeness; the
 comparisons) percentiles above are the honest summary, see
 agreeing within 1 px : 95.4%
 track lifetime median : binCV 11 frames OpenCV 12 frames
 tracks observed : binCV 10279 OpenCV 10129
 per-frame survival : binCV 96.4% OpenCV 96.6%
 detections truncated : 1 of 82 (capacity 20000)

--- CRITERION 3: peak footprint over the pipeline operation set ---
 binCV :   436704 B (1/2/2/2 pyramid x2, derivative ladders, 3-row response ring)
 OpenCV :  2719832 B (CV_8U pyramid x2 with 31-px border/level, CV_32F eigen map)
 RATIO : 6.23x smaller

--- binCV per-stage, AT THE REAL DUTY CYCLE ---
 detect                          0.458 ms/frame   9.0% (82 detections in 1709 frames = 4.8%)
 track (LK)                      3.786 ms/frame  74.3%
 build (pyrDown + derivatives)    0.849 ms/frame  16.7%
  ... sensor stage               0.507 ms/frame  10.0%
  ... median                     0.174 ms/frame   3.4%
  ... edge                       0.332 ms/frame   6.5%
  ... pyrDown                    0.190 ms/frame   3.7%
  ... derivatives                0.150 ms/frame   2.9%

 sensor stage vs OpenCV's: BIT-EXACT (0 pixels differ over 1709 frames)

--- CRITERION 4: speed against the byte-per-pixel denominator ---
 binCV :    5.093 ms/frame
 OpenCV :   23.572 ms/frame
 RATIO : 4.63x
 NOTE: binCV builds ONE pyramid per frame (the previous frame's is
 swapped in, proven bit-identical under BINCV_PYR_CHECK=1). OpenCV's
 calcOpticalFlowPyrLK rebuilds both of its pyramids per call; the
 redundancy was symmetric, and removing it on binCV's side only is the
 owner's recorded decision, not an oversight in the comparison.
 NOTE: OpenCV threads = 1 (binCV is single-threaded, always), and its
 LK and gftt are SIMD-vectorized.
 binCV has its NEON path here, so this is SIMD against
 SIMD on the deployment target -- the comparison criterion 4 is about.
### run 5
binCV SIMD: NEON=yes AVX2=n/a popcount=hardware (fast paths active)
LK residual kernel: NEON
LK keypoint batch: off

=== a / pipeline over 1710 frames, 752x480 ===
both pipelines see bit-identical input: median_filter then rl_fast_edge_filter_wide(17)

 ... 200 frames
 ... 400 frames
 ... 600 frames
 ... 800 frames
 ... 1000 frames
 ... 1200 frames
 ... 1400 frames
 ... 1600 frames

--- CRITERION 2: agreement with the reference pipeline ---
 flow vectors compared : 2007 over 1709 frames (82 re-detections)
 flow difference : median 0.0434 px p90 0.1614 p99 22.4941 max 213.8032
 (RMS over all : 7.0893 px -- reported for completeness; the
 comparisons) percentiles above are the honest summary, see
 agreeing within 1 px : 95.4%
 track lifetime median : binCV 11 frames OpenCV 12 frames
 tracks observed : binCV 10279 OpenCV 10129
 per-frame survival : binCV 96.4% OpenCV 96.6%
 detections truncated : 1 of 82 (capacity 20000)

--- CRITERION 3: peak footprint over the pipeline operation set ---
 binCV :   436704 B (1/2/2/2 pyramid x2, derivative ladders, 3-row response ring)
 OpenCV :  2719832 B (CV_8U pyramid x2 with 31-px border/level, CV_32F eigen map)
 RATIO : 6.23x smaller

--- binCV per-stage, AT THE REAL DUTY CYCLE ---
 detect                          0.460 ms/frame   9.0% (82 detections in 1709 frames = 4.8%)
 track (LK)                      3.795 ms/frame  74.4%
 build (pyrDown + derivatives)    0.849 ms/frame  16.6%
  ... sensor stage               0.505 ms/frame   9.9%
  ... median                     0.171 ms/frame   3.4%
  ... edge                       0.332 ms/frame   6.5%
  ... pyrDown                    0.190 ms/frame   3.7%
  ... derivatives                0.152 ms/frame   3.0%

 sensor stage vs OpenCV's: BIT-EXACT (0 pixels differ over 1709 frames)

--- CRITERION 4: speed against the byte-per-pixel denominator ---
 binCV :    5.105 ms/frame
 OpenCV :   23.555 ms/frame
 RATIO : 4.61x
 NOTE: binCV builds ONE pyramid per frame (the previous frame's is
 swapped in, proven bit-identical under BINCV_PYR_CHECK=1). OpenCV's
 calcOpticalFlowPyrLK rebuilds both of its pyramids per call; the
 redundancy was symmetric, and removing it on binCV's side only is the
 owner's recorded decision, not an oversight in the comparison.
 NOTE: OpenCV threads = 1 (binCV is single-threaded, always), and its
 LK and gftt are SIMD-vectorized.
 binCV has its NEON path here, so this is SIMD against
 SIMD on the deployment target -- the comparison criterion 4 is about.

# loadavg at end: 1.08 0.91 0.88 1/313 927139
# throttled after: throttled=0x80000
# temp after: temp=61.8'C
# date:     2026-09-21T17:15:21-07:00
# done

# ---- aggregate (scripts/aggregate_launches.py --ratio i2:OpenCV :/i2:binCV :) ----
# 5 launches parsed from 1 path(s); bootstrap 10000 resamples, seed 12345
# 
# row                                  n     median        min        max    r2r  scatter  within     ci95 of the median     +/-   minres
# i1 / ... derivatives                 5     0.1520     0.1500     0.1640  1.093     9.2%      --  [  0.1500,   0.1640]   4.61%   1.079x
# i1 / ... edge                        5     0.3320     0.3310     0.3320  1.003     0.3%      --  [  0.3310,   0.3320]   0.15%   1.003x
# i1 / ... median                      5     0.1740     0.1710     0.1750  1.023     2.3%      --  [  0.1710,   0.1750]   1.15%   1.018x
# i1 / ... pyrDown                     5     0.1900     0.1900     0.1900  1.000     0.0%      --  [  0.1900,   0.1900]   0.00%   1.000x
# i1 / ... sensor stage                5     0.5070     0.5040     0.5090  1.010     1.0%      --  [  0.5040,   0.5090]   0.49%   1.006x
# i1 / build (pyrDown + derivatives)   5     0.8490     0.8480     0.8640  1.019     1.9%      --  [  0.8480,   0.8640]   0.94%   1.018x
# i1 / detect                          5     0.4580     0.4580     0.4600  1.004     0.4%      --  [  0.4580,   0.4600]   0.22%   1.004x
# i1 / track (LK)                      5     3.7910     3.7860     3.8010  1.004     0.4%      --  [  3.7860,   3.8010]   0.20%   1.003x
# i2 / OpenCV :                        5    23.5720    23.5370    23.6540  1.005     0.5%      --  [ 23.5370,  23.6540]   0.25%   1.003x
# i2 / binCV :                         5     5.1010     5.0930     5.1240  1.006     0.6%      --  [  5.0930,   5.1240]   0.30%   1.005x
# 
# RATIO  i2:OpenCV :  /  i2:binCV :   over 5 launches
#   paired per launch (the published estimator)
#     median 4.6160   min 4.6112   max 4.6371   scatter 0.6%
#     bootstrap 95% CI of the median: [4.6112, 4.6371]   +/- 0.28%
#     launches with the ratio above 1.00: 5 of 5
#     smallest resolvable difference at 5 launches: 1.005x
#   ratio of the two medians, same launches
#     point 4.6211   bootstrap 95% CI: [4.6112, 4.6371]
#     the two intervals differ by 0.00% and 0.00% of the median at the two ends.
#     Say which estimator a quoted interval came from. The paired one is what the
#     committed logs publish.
# 
#   median   median of the per-launch medians -- the value to quote.
#   r2r      run-to-run scatter as a factor, max/min of those medians.
#   scatter  (max-min)/median ACROSS launches: Timing::spreadPct()'s own
#            arithmetic, so it reads directly against the next column.
#   within   median of the per-launch spread column -- what one launch
#            reports about itself, and all it can report.
#   minres   smallest difference these launches resolve on this row,
#            max(hi/median, median/lo). Derived from the row's scatter;
#            whether it is small ENOUGH is a per-case call, so state the
#            difference with --resolve rather than reading a bar into it.
# 
#   tables in a launch, in order:
#     i1       --- binCV per-stage, AT THE REAL DUTY CYCLE ---
#     i2       --- CRITERION 4: speed against the byte-per-pixel denomina
