# launch sweep -- 30 separate processes of one benchmark
# benchmark: ./build/benchmark/feature_tracking_sequence /home/ryanhou28/bincv-data/euroc-v1_02-cam0
# launches: 30
# arch:     x86_64
# host:     AMD Ryzen 5 5600X 6-Core Processor
# kernel:   5.15.167.4-microsoft-standard-WSL2
# compiler: g++ (Ubuntu 11.4.0-1ubuntu1~22.04) 11.4.0
# commit:   880704b
# sources:  benchmark/feature_tracking_sequence.cpp=631a55d47d44 benchmark/reference_sensor.hpp=6f2907b2ddd7 include/bincv/binMat.hpp=90b29c8f718a include/bincv/core/error.hpp=43506907e810 include/bincv/core/parallel.hpp=ff0da83d8957 include/bincv/core/simd.hpp=19736b8d5614 include/bincv/core/storage.hpp=74525f70a0a6 include/bincv/core/types.hpp=97966010c55c include/bincv/core/view.hpp=342aae906df4 include/bincv/impl/binMat_impl.hpp=f25f40f9b1d4 include/bincv/impl/kernel_util.hpp=66921f7f7ffe include/bincv/impl/lkBatch_impl.hpp=7dc4ba96228d include/bincv/ops/bitslice.hpp=218ecd55278c include/bincv/ops/corner.hpp=53b5f5b990b6 include/bincv/ops/covariance.hpp=1a5212230810 include/bincv/ops/derivative.hpp=ab5c81465829 include/bincv/ops/edge.hpp=9acb1064ba95 include/bincv/ops/medianWide.hpp=2effc9c26555 include/bincv/ops/opticalFlow.hpp=6b8b1b862fc8 include/bincv/ops/pyramid.hpp=b24cd24378a5 include/bincv/ops/reduce.hpp=728d865db387 include/bincv/ops/resample.hpp=d0db5aee157f include/bincv/ops/shift.hpp=ef3c19a45dad include/bincv/quantMat.hpp=9571cce97de6 include/bincv/threads/pool.hpp=8c105ffb045f
# governor: none (this host exposes no cpufreq)
# pinning:  taskset -c 2
# sleep between launches: 0s
# date:     2026-09-22T17:12:04-07:00
# loadavg at start: 0.77 1.10 2.40 1/1306 11394
# NO launch is discarded -- a cold start is part of what varies between
# launches, and trimming it would trim the tail this sweep measures.

### run 1
binCV SIMD: NEON=NO AVX2=yes popcount=hardware (fast paths active)
LK residual kernel: AVX2, eight keypoints per batch
LK keypoint batch: ON (AVX2, 8 lanes, lane refill)

=== a / pipeline over 1710 frames, 752x480 ===
both pipelines see bit-identical input: median_filter then rl_fast_edge_filter_wide(17)

 ... 200 frames
 ... 400 frames
 ... 600 frames
 ... 800 frames
 ... 1000 frames
 ... 1200 frames
 ... 1400 frames
 ... 1600 frames

--- CRITERION 2: agreement with the reference pipeline ---
 flow vectors compared : 2029 over 1709 frames (82 re-detections)
 flow difference : median 0.0437 px p90 0.1614 p99 22.4941 max 213.8032
 (RMS over all : 7.0313 px -- reported for completeness; the
 comparisons) percentiles above are the honest summary, see
 agreeing within 1 px : 95.6%
 track lifetime median : binCV 11 frames OpenCV 12 frames
 tracks observed : binCV 10279 OpenCV 10108
 per-frame survival : binCV 96.4% OpenCV 96.6%
 detections truncated : 1 of 82 (capacity 20000)

--- CRITERION 3: peak footprint over the pipeline operation set ---
 binCV :   436704 B (1/2/2/2 pyramid x2, derivative ladders, 3-row response ring)
 OpenCV :  2719832 B (CV_8U pyramid x2 with 31-px border/level, CV_32F eigen map)
 RATIO : 6.23x smaller

--- binCV per-stage, AT THE REAL DUTY CYCLE ---
 detect                          0.074 ms/frame   7.4% (82 detections in 1709 frames = 4.8%)
 track (LK)                      0.722 ms/frame  72.7%
 build (pyrDown + derivatives)    0.197 ms/frame  19.8%
  ... sensor stage               0.097 ms/frame   9.7%
  ... median                     0.062 ms/frame   6.2%
  ... edge                       0.035 ms/frame   3.5%
  ... pyrDown                    0.059 ms/frame   5.9%
  ... derivatives                0.041 ms/frame   4.1%

 sensor stage vs OpenCV's: BIT-EXACT (0 pixels differ over 1709 frames)

--- CRITERION 4: speed against the byte-per-pixel denominator ---
 binCV :    0.993 ms/frame
 OpenCV :    3.962 ms/frame
 RATIO : 3.99x
 NOTE: binCV builds ONE pyramid per frame (the previous frame's is
 swapped in, proven bit-identical under BINCV_PYR_CHECK=1). OpenCV's
 calcOpticalFlowPyrLK rebuilds both of its pyramids per call; the
 redundancy was symmetric, and removing it on binCV's side only is the
 owner's recorded decision, not an oversight in the comparison.
 NOTE: OpenCV threads = 1 (binCV is single-threaded, always), and its
 LK and gftt are SIMD-vectorized.
 binCV has its AVX2 paths here -- the eight-keypoint LK batch,
 the sensor stage's median and edge kernels, and packing --
 so this is SIMD against SIMD, as the aarch64 arm is. What
 measured remains the point: at equal threads binCV LEADS, and the
 x86 deficit reported before it was THREADS, not vector width.
### run 2
binCV SIMD: NEON=NO AVX2=yes popcount=hardware (fast paths active)
LK residual kernel: AVX2, eight keypoints per batch
LK keypoint batch: ON (AVX2, 8 lanes, lane refill)

=== a / pipeline over 1710 frames, 752x480 ===
both pipelines see bit-identical input: median_filter then rl_fast_edge_filter_wide(17)

 ... 200 frames
 ... 400 frames
 ... 600 frames
 ... 800 frames
 ... 1000 frames
 ... 1200 frames
 ... 1400 frames
 ... 1600 frames

--- CRITERION 2: agreement with the reference pipeline ---
 flow vectors compared : 2029 over 1709 frames (82 re-detections)
 flow difference : median 0.0437 px p90 0.1614 p99 22.4941 max 213.8032
 (RMS over all : 7.0313 px -- reported for completeness; the
 comparisons) percentiles above are the honest summary, see
 agreeing within 1 px : 95.6%
 track lifetime median : binCV 11 frames OpenCV 12 frames
 tracks observed : binCV 10279 OpenCV 10108
 per-frame survival : binCV 96.4% OpenCV 96.6%
 detections truncated : 1 of 82 (capacity 20000)

--- CRITERION 3: peak footprint over the pipeline operation set ---
 binCV :   436704 B (1/2/2/2 pyramid x2, derivative ladders, 3-row response ring)
 OpenCV :  2719832 B (CV_8U pyramid x2 with 31-px border/level, CV_32F eigen map)
 RATIO : 6.23x smaller

--- binCV per-stage, AT THE REAL DUTY CYCLE ---
 detect                          0.072 ms/frame   6.9% (82 detections in 1709 frames = 4.8%)
 track (LK)                      0.748 ms/frame  72.4%
 build (pyrDown + derivatives)    0.214 ms/frame  20.7%
  ... sensor stage               0.102 ms/frame   9.8%
  ... median                     0.065 ms/frame   6.3%
  ... edge                       0.036 ms/frame   3.5%
  ... pyrDown                    0.067 ms/frame   6.5%
  ... derivatives                0.044 ms/frame   4.3%

 sensor stage vs OpenCV's: BIT-EXACT (0 pixels differ over 1709 frames)

--- CRITERION 4: speed against the byte-per-pixel denominator ---
 binCV :    1.034 ms/frame
 OpenCV :    4.123 ms/frame
 RATIO : 3.99x
 NOTE: binCV builds ONE pyramid per frame (the previous frame's is
 swapped in, proven bit-identical under BINCV_PYR_CHECK=1). OpenCV's
 calcOpticalFlowPyrLK rebuilds both of its pyramids per call; the
 redundancy was symmetric, and removing it on binCV's side only is the
 owner's recorded decision, not an oversight in the comparison.
 NOTE: OpenCV threads = 1 (binCV is single-threaded, always), and its
 LK and gftt are SIMD-vectorized.
 binCV has its AVX2 paths here -- the eight-keypoint LK batch,
 the sensor stage's median and edge kernels, and packing --
 so this is SIMD against SIMD, as the aarch64 arm is. What
 measured remains the point: at equal threads binCV LEADS, and the
 x86 deficit reported before it was THREADS, not vector width.
### run 3
binCV SIMD: NEON=NO AVX2=yes popcount=hardware (fast paths active)
LK residual kernel: AVX2, eight keypoints per batch
LK keypoint batch: ON (AVX2, 8 lanes, lane refill)

=== a / pipeline over 1710 frames, 752x480 ===
both pipelines see bit-identical input: median_filter then rl_fast_edge_filter_wide(17)

 ... 200 frames
 ... 400 frames
 ... 600 frames
 ... 800 frames
 ... 1000 frames
 ... 1200 frames
 ... 1400 frames
 ... 1600 frames

--- CRITERION 2: agreement with the reference pipeline ---
 flow vectors compared : 2029 over 1709 frames (82 re-detections)
 flow difference : median 0.0437 px p90 0.1614 p99 22.4941 max 213.8032
 (RMS over all : 7.0313 px -- reported for completeness; the
 comparisons) percentiles above are the honest summary, see
 agreeing within 1 px : 95.6%
 track lifetime median : binCV 11 frames OpenCV 12 frames
 tracks observed : binCV 10279 OpenCV 10108
 per-frame survival : binCV 96.4% OpenCV 96.6%
 detections truncated : 1 of 82 (capacity 20000)

--- CRITERION 3: peak footprint over the pipeline operation set ---
 binCV :   436704 B (1/2/2/2 pyramid x2, derivative ladders, 3-row response ring)
 OpenCV :  2719832 B (CV_8U pyramid x2 with 31-px border/level, CV_32F eigen map)
 RATIO : 6.23x smaller

--- binCV per-stage, AT THE REAL DUTY CYCLE ---
 detect                          0.075 ms/frame   7.4% (82 detections in 1709 frames = 4.8%)
 track (LK)                      0.742 ms/frame  73.1%
 build (pyrDown + derivatives)    0.199 ms/frame  19.6%
  ... sensor stage               0.097 ms/frame   9.5%
  ... median                     0.061 ms/frame   6.0%
  ... edge                       0.035 ms/frame   3.5%
  ... pyrDown                    0.061 ms/frame   6.0%
  ... derivatives                0.041 ms/frame   4.0%

 sensor stage vs OpenCV's: BIT-EXACT (0 pixels differ over 1709 frames)

--- CRITERION 4: speed against the byte-per-pixel denominator ---
 binCV :    1.016 ms/frame
 OpenCV :    3.949 ms/frame
 RATIO : 3.89x
 NOTE: binCV builds ONE pyramid per frame (the previous frame's is
 swapped in, proven bit-identical under BINCV_PYR_CHECK=1). OpenCV's
 calcOpticalFlowPyrLK rebuilds both of its pyramids per call; the
 redundancy was symmetric, and removing it on binCV's side only is the
 owner's recorded decision, not an oversight in the comparison.
 NOTE: OpenCV threads = 1 (binCV is single-threaded, always), and its
 LK and gftt are SIMD-vectorized.
 binCV has its AVX2 paths here -- the eight-keypoint LK batch,
 the sensor stage's median and edge kernels, and packing --
 so this is SIMD against SIMD, as the aarch64 arm is. What
 measured remains the point: at equal threads binCV LEADS, and the
 x86 deficit reported before it was THREADS, not vector width.
### run 4
binCV SIMD: NEON=NO AVX2=yes popcount=hardware (fast paths active)
LK residual kernel: AVX2, eight keypoints per batch
LK keypoint batch: ON (AVX2, 8 lanes, lane refill)

=== a / pipeline over 1710 frames, 752x480 ===
both pipelines see bit-identical input: median_filter then rl_fast_edge_filter_wide(17)

 ... 200 frames
 ... 400 frames
 ... 600 frames
 ... 800 frames
 ... 1000 frames
 ... 1200 frames
 ... 1400 frames
 ... 1600 frames

--- CRITERION 2: agreement with the reference pipeline ---
 flow vectors compared : 2029 over 1709 frames (82 re-detections)
 flow difference : median 0.0437 px p90 0.1614 p99 22.4941 max 213.8032
 (RMS over all : 7.0313 px -- reported for completeness; the
 comparisons) percentiles above are the honest summary, see
 agreeing within 1 px : 95.6%
 track lifetime median : binCV 11 frames OpenCV 12 frames
 tracks observed : binCV 10279 OpenCV 10108
 per-frame survival : binCV 96.4% OpenCV 96.6%
 detections truncated : 1 of 82 (capacity 20000)

--- CRITERION 3: peak footprint over the pipeline operation set ---
 binCV :   436704 B (1/2/2/2 pyramid x2, derivative ladders, 3-row response ring)
 OpenCV :  2719832 B (CV_8U pyramid x2 with 31-px border/level, CV_32F eigen map)
 RATIO : 6.23x smaller

--- binCV per-stage, AT THE REAL DUTY CYCLE ---
 detect                          0.070 ms/frame   7.0% (82 detections in 1709 frames = 4.8%)
 track (LK)                      0.738 ms/frame  73.2%
 build (pyrDown + derivatives)    0.200 ms/frame  19.9%
  ... sensor stage               0.099 ms/frame   9.9%
  ... median                     0.064 ms/frame   6.3%
  ... edge                       0.035 ms/frame   3.5%
  ... pyrDown                    0.059 ms/frame   5.8%
  ... derivatives                0.041 ms/frame   4.1%

 sensor stage vs OpenCV's: BIT-EXACT (0 pixels differ over 1709 frames)

--- CRITERION 4: speed against the byte-per-pixel denominator ---
 binCV :    1.008 ms/frame
 OpenCV :    4.006 ms/frame
 RATIO : 3.97x
 NOTE: binCV builds ONE pyramid per frame (the previous frame's is
 swapped in, proven bit-identical under BINCV_PYR_CHECK=1). OpenCV's
 calcOpticalFlowPyrLK rebuilds both of its pyramids per call; the
 redundancy was symmetric, and removing it on binCV's side only is the
 owner's recorded decision, not an oversight in the comparison.
 NOTE: OpenCV threads = 1 (binCV is single-threaded, always), and its
 LK and gftt are SIMD-vectorized.
 binCV has its AVX2 paths here -- the eight-keypoint LK batch,
 the sensor stage's median and edge kernels, and packing --
 so this is SIMD against SIMD, as the aarch64 arm is. What
 measured remains the point: at equal threads binCV LEADS, and the
 x86 deficit reported before it was THREADS, not vector width.
### run 5
binCV SIMD: NEON=NO AVX2=yes popcount=hardware (fast paths active)
LK residual kernel: AVX2, eight keypoints per batch
LK keypoint batch: ON (AVX2, 8 lanes, lane refill)

=== a / pipeline over 1710 frames, 752x480 ===
both pipelines see bit-identical input: median_filter then rl_fast_edge_filter_wide(17)

 ... 200 frames
 ... 400 frames
 ... 600 frames
 ... 800 frames
 ... 1000 frames
 ... 1200 frames
 ... 1400 frames
 ... 1600 frames

--- CRITERION 2: agreement with the reference pipeline ---
 flow vectors compared : 2029 over 1709 frames (82 re-detections)
 flow difference : median 0.0437 px p90 0.1614 p99 22.4941 max 213.8032
 (RMS over all : 7.0313 px -- reported for completeness; the
 comparisons) percentiles above are the honest summary, see
 agreeing within 1 px : 95.6%
 track lifetime median : binCV 11 frames OpenCV 12 frames
 tracks observed : binCV 10279 OpenCV 10108
 per-frame survival : binCV 96.4% OpenCV 96.6%
 detections truncated : 1 of 82 (capacity 20000)

--- CRITERION 3: peak footprint over the pipeline operation set ---
 binCV :   436704 B (1/2/2/2 pyramid x2, derivative ladders, 3-row response ring)
 OpenCV :  2719832 B (CV_8U pyramid x2 with 31-px border/level, CV_32F eigen map)
 RATIO : 6.23x smaller

--- binCV per-stage, AT THE REAL DUTY CYCLE ---
 detect                          0.073 ms/frame   7.2% (82 detections in 1709 frames = 4.8%)
 track (LK)                      0.737 ms/frame  72.8%
 build (pyrDown + derivatives)    0.202 ms/frame  19.9%
  ... sensor stage               0.099 ms/frame   9.8%
  ... median                     0.064 ms/frame   6.3%
  ... edge                       0.035 ms/frame   3.4%
  ... pyrDown                    0.060 ms/frame   5.9%
  ... derivatives                0.042 ms/frame   4.2%

 sensor stage vs OpenCV's: BIT-EXACT (0 pixels differ over 1709 frames)

--- CRITERION 4: speed against the byte-per-pixel denominator ---
 binCV :    1.013 ms/frame
 OpenCV :    4.061 ms/frame
 RATIO : 4.01x
 NOTE: binCV builds ONE pyramid per frame (the previous frame's is
 swapped in, proven bit-identical under BINCV_PYR_CHECK=1). OpenCV's
 calcOpticalFlowPyrLK rebuilds both of its pyramids per call; the
 redundancy was symmetric, and removing it on binCV's side only is the
 owner's recorded decision, not an oversight in the comparison.
 NOTE: OpenCV threads = 1 (binCV is single-threaded, always), and its
 LK and gftt are SIMD-vectorized.
 binCV has its AVX2 paths here -- the eight-keypoint LK batch,
 the sensor stage's median and edge kernels, and packing --
 so this is SIMD against SIMD, as the aarch64 arm is. What
 measured remains the point: at equal threads binCV LEADS, and the
 x86 deficit reported before it was THREADS, not vector width.
### run 6
binCV SIMD: NEON=NO AVX2=yes popcount=hardware (fast paths active)
LK residual kernel: AVX2, eight keypoints per batch
LK keypoint batch: ON (AVX2, 8 lanes, lane refill)

=== a / pipeline over 1710 frames, 752x480 ===
both pipelines see bit-identical input: median_filter then rl_fast_edge_filter_wide(17)

 ... 200 frames
 ... 400 frames
 ... 600 frames
 ... 800 frames
 ... 1000 frames
 ... 1200 frames
 ... 1400 frames
 ... 1600 frames

--- CRITERION 2: agreement with the reference pipeline ---
 flow vectors compared : 2029 over 1709 frames (82 re-detections)
 flow difference : median 0.0437 px p90 0.1614 p99 22.4941 max 213.8032
 (RMS over all : 7.0313 px -- reported for completeness; the
 comparisons) percentiles above are the honest summary, see
 agreeing within 1 px : 95.6%
 track lifetime median : binCV 11 frames OpenCV 12 frames
 tracks observed : binCV 10279 OpenCV 10108
 per-frame survival : binCV 96.4% OpenCV 96.6%
 detections truncated : 1 of 82 (capacity 20000)

--- CRITERION 3: peak footprint over the pipeline operation set ---
 binCV :   436704 B (1/2/2/2 pyramid x2, derivative ladders, 3-row response ring)
 OpenCV :  2719832 B (CV_8U pyramid x2 with 31-px border/level, CV_32F eigen map)
 RATIO : 6.23x smaller

--- binCV per-stage, AT THE REAL DUTY CYCLE ---
 detect                          0.079 ms/frame   7.7% (82 detections in 1709 frames = 4.8%)
 track (LK)                      0.745 ms/frame  72.8%
 build (pyrDown + derivatives)    0.199 ms/frame  19.5%
  ... sensor stage               0.097 ms/frame   9.5%
  ... median                     0.063 ms/frame   6.2%
  ... edge                       0.034 ms/frame   3.3%
  ... pyrDown                    0.060 ms/frame   5.8%
  ... derivatives                0.041 ms/frame   4.0%

 sensor stage vs OpenCV's: BIT-EXACT (0 pixels differ over 1709 frames)

--- CRITERION 4: speed against the byte-per-pixel denominator ---
 binCV :    1.023 ms/frame
 OpenCV :    4.029 ms/frame
 RATIO : 3.94x
 NOTE: binCV builds ONE pyramid per frame (the previous frame's is
 swapped in, proven bit-identical under BINCV_PYR_CHECK=1). OpenCV's
 calcOpticalFlowPyrLK rebuilds both of its pyramids per call; the
 redundancy was symmetric, and removing it on binCV's side only is the
 owner's recorded decision, not an oversight in the comparison.
 NOTE: OpenCV threads = 1 (binCV is single-threaded, always), and its
 LK and gftt are SIMD-vectorized.
 binCV has its AVX2 paths here -- the eight-keypoint LK batch,
 the sensor stage's median and edge kernels, and packing --
 so this is SIMD against SIMD, as the aarch64 arm is. What
 measured remains the point: at equal threads binCV LEADS, and the
 x86 deficit reported before it was THREADS, not vector width.
### run 7
binCV SIMD: NEON=NO AVX2=yes popcount=hardware (fast paths active)
LK residual kernel: AVX2, eight keypoints per batch
LK keypoint batch: ON (AVX2, 8 lanes, lane refill)

=== a / pipeline over 1710 frames, 752x480 ===
both pipelines see bit-identical input: median_filter then rl_fast_edge_filter_wide(17)

 ... 200 frames
 ... 400 frames
 ... 600 frames
 ... 800 frames
 ... 1000 frames
 ... 1200 frames
 ... 1400 frames
 ... 1600 frames

--- CRITERION 2: agreement with the reference pipeline ---
 flow vectors compared : 2029 over 1709 frames (82 re-detections)
 flow difference : median 0.0437 px p90 0.1614 p99 22.4941 max 213.8032
 (RMS over all : 7.0313 px -- reported for completeness; the
 comparisons) percentiles above are the honest summary, see
 agreeing within 1 px : 95.6%
 track lifetime median : binCV 11 frames OpenCV 12 frames
 tracks observed : binCV 10279 OpenCV 10108
 per-frame survival : binCV 96.4% OpenCV 96.6%
 detections truncated : 1 of 82 (capacity 20000)

--- CRITERION 3: peak footprint over the pipeline operation set ---
 binCV :   436704 B (1/2/2/2 pyramid x2, derivative ladders, 3-row response ring)
 OpenCV :  2719832 B (CV_8U pyramid x2 with 31-px border/level, CV_32F eigen map)
 RATIO : 6.23x smaller

--- binCV per-stage, AT THE REAL DUTY CYCLE ---
 detect                          0.072 ms/frame   7.2% (82 detections in 1709 frames = 4.8%)
 track (LK)                      0.731 ms/frame  72.3%
 build (pyrDown + derivatives)    0.207 ms/frame  20.5%
  ... sensor stage               0.099 ms/frame   9.8%
  ... median                     0.063 ms/frame   6.2%
  ... edge                       0.036 ms/frame   3.5%
  ... pyrDown                    0.063 ms/frame   6.2%
  ... derivatives                0.044 ms/frame   4.4%

 sensor stage vs OpenCV's: BIT-EXACT (0 pixels differ over 1709 frames)

--- CRITERION 4: speed against the byte-per-pixel denominator ---
 binCV :    1.011 ms/frame
 OpenCV :    3.954 ms/frame
 RATIO : 3.91x
 NOTE: binCV builds ONE pyramid per frame (the previous frame's is
 swapped in, proven bit-identical under BINCV_PYR_CHECK=1). OpenCV's
 calcOpticalFlowPyrLK rebuilds both of its pyramids per call; the
 redundancy was symmetric, and removing it on binCV's side only is the
 owner's recorded decision, not an oversight in the comparison.
 NOTE: OpenCV threads = 1 (binCV is single-threaded, always), and its
 LK and gftt are SIMD-vectorized.
 binCV has its AVX2 paths here -- the eight-keypoint LK batch,
 the sensor stage's median and edge kernels, and packing --
 so this is SIMD against SIMD, as the aarch64 arm is. What
 measured remains the point: at equal threads binCV LEADS, and the
 x86 deficit reported before it was THREADS, not vector width.
### run 8
binCV SIMD: NEON=NO AVX2=yes popcount=hardware (fast paths active)
LK residual kernel: AVX2, eight keypoints per batch
LK keypoint batch: ON (AVX2, 8 lanes, lane refill)

=== a / pipeline over 1710 frames, 752x480 ===
both pipelines see bit-identical input: median_filter then rl_fast_edge_filter_wide(17)

 ... 200 frames
 ... 400 frames
 ... 600 frames
 ... 800 frames
 ... 1000 frames
 ... 1200 frames
 ... 1400 frames
 ... 1600 frames

--- CRITERION 2: agreement with the reference pipeline ---
 flow vectors compared : 2029 over 1709 frames (82 re-detections)
 flow difference : median 0.0437 px p90 0.1614 p99 22.4941 max 213.8032
 (RMS over all : 7.0313 px -- reported for completeness; the
 comparisons) percentiles above are the honest summary, see
 agreeing within 1 px : 95.6%
 track lifetime median : binCV 11 frames OpenCV 12 frames
 tracks observed : binCV 10279 OpenCV 10108
 per-frame survival : binCV 96.4% OpenCV 96.6%
 detections truncated : 1 of 82 (capacity 20000)

--- CRITERION 3: peak footprint over the pipeline operation set ---
 binCV :   436704 B (1/2/2/2 pyramid x2, derivative ladders, 3-row response ring)
 OpenCV :  2719832 B (CV_8U pyramid x2 with 31-px border/level, CV_32F eigen map)
 RATIO : 6.23x smaller

--- binCV per-stage, AT THE REAL DUTY CYCLE ---
 detect                          0.073 ms/frame   7.2% (82 detections in 1709 frames = 4.8%)
 track (LK)                      0.736 ms/frame  73.1%
 build (pyrDown + derivatives)    0.198 ms/frame  19.7%
  ... sensor stage               0.097 ms/frame   9.6%
  ... median                     0.063 ms/frame   6.2%
  ... edge                       0.033 ms/frame   3.3%
  ... pyrDown                    0.058 ms/frame   5.8%
  ... derivatives                0.043 ms/frame   4.2%

 sensor stage vs OpenCV's: BIT-EXACT (0 pixels differ over 1709 frames)

--- CRITERION 4: speed against the byte-per-pixel denominator ---
 binCV :    1.007 ms/frame
 OpenCV :    3.969 ms/frame
 RATIO : 3.94x
 NOTE: binCV builds ONE pyramid per frame (the previous frame's is
 swapped in, proven bit-identical under BINCV_PYR_CHECK=1). OpenCV's
 calcOpticalFlowPyrLK rebuilds both of its pyramids per call; the
 redundancy was symmetric, and removing it on binCV's side only is the
 owner's recorded decision, not an oversight in the comparison.
 NOTE: OpenCV threads = 1 (binCV is single-threaded, always), and its
 LK and gftt are SIMD-vectorized.
 binCV has its AVX2 paths here -- the eight-keypoint LK batch,
 the sensor stage's median and edge kernels, and packing --
 so this is SIMD against SIMD, as the aarch64 arm is. What
 measured remains the point: at equal threads binCV LEADS, and the
 x86 deficit reported before it was THREADS, not vector width.
### run 9
binCV SIMD: NEON=NO AVX2=yes popcount=hardware (fast paths active)
LK residual kernel: AVX2, eight keypoints per batch
LK keypoint batch: ON (AVX2, 8 lanes, lane refill)

=== a / pipeline over 1710 frames, 752x480 ===
both pipelines see bit-identical input: median_filter then rl_fast_edge_filter_wide(17)

 ... 200 frames
 ... 400 frames
 ... 600 frames
 ... 800 frames
 ... 1000 frames
 ... 1200 frames
 ... 1400 frames
 ... 1600 frames

--- CRITERION 2: agreement with the reference pipeline ---
 flow vectors compared : 2029 over 1709 frames (82 re-detections)
 flow difference : median 0.0437 px p90 0.1614 p99 22.4941 max 213.8032
 (RMS over all : 7.0313 px -- reported for completeness; the
 comparisons) percentiles above are the honest summary, see
 agreeing within 1 px : 95.6%
 track lifetime median : binCV 11 frames OpenCV 12 frames
 tracks observed : binCV 10279 OpenCV 10108
 per-frame survival : binCV 96.4% OpenCV 96.6%
 detections truncated : 1 of 82 (capacity 20000)

--- CRITERION 3: peak footprint over the pipeline operation set ---
 binCV :   436704 B (1/2/2/2 pyramid x2, derivative ladders, 3-row response ring)
 OpenCV :  2719832 B (CV_8U pyramid x2 with 31-px border/level, CV_32F eigen map)
 RATIO : 6.23x smaller

--- binCV per-stage, AT THE REAL DUTY CYCLE ---
 detect                          0.070 ms/frame   7.2% (82 detections in 1709 frames = 4.8%)
 track (LK)                      0.713 ms/frame  72.7%
 build (pyrDown + derivatives)    0.197 ms/frame  20.1%
  ... sensor stage               0.096 ms/frame   9.8%
  ... median                     0.061 ms/frame   6.3%
  ... edge                       0.034 ms/frame   3.5%
  ... pyrDown                    0.059 ms/frame   6.0%
  ... derivatives                0.041 ms/frame   4.2%

 sensor stage vs OpenCV's: BIT-EXACT (0 pixels differ over 1709 frames)

--- CRITERION 4: speed against the byte-per-pixel denominator ---
 binCV :    0.980 ms/frame
 OpenCV :    4.015 ms/frame
 RATIO : 4.10x
 NOTE: binCV builds ONE pyramid per frame (the previous frame's is
 swapped in, proven bit-identical under BINCV_PYR_CHECK=1). OpenCV's
 calcOpticalFlowPyrLK rebuilds both of its pyramids per call; the
 redundancy was symmetric, and removing it on binCV's side only is the
 owner's recorded decision, not an oversight in the comparison.
 NOTE: OpenCV threads = 1 (binCV is single-threaded, always), and its
 LK and gftt are SIMD-vectorized.
 binCV has its AVX2 paths here -- the eight-keypoint LK batch,
 the sensor stage's median and edge kernels, and packing --
 so this is SIMD against SIMD, as the aarch64 arm is. What
 measured remains the point: at equal threads binCV LEADS, and the
 x86 deficit reported before it was THREADS, not vector width.
### run 10
binCV SIMD: NEON=NO AVX2=yes popcount=hardware (fast paths active)
LK residual kernel: AVX2, eight keypoints per batch
LK keypoint batch: ON (AVX2, 8 lanes, lane refill)

=== a / pipeline over 1710 frames, 752x480 ===
both pipelines see bit-identical input: median_filter then rl_fast_edge_filter_wide(17)

 ... 200 frames
 ... 400 frames
 ... 600 frames
 ... 800 frames
 ... 1000 frames
 ... 1200 frames
 ... 1400 frames
 ... 1600 frames

--- CRITERION 2: agreement with the reference pipeline ---
 flow vectors compared : 2029 over 1709 frames (82 re-detections)
 flow difference : median 0.0437 px p90 0.1614 p99 22.4941 max 213.8032
 (RMS over all : 7.0313 px -- reported for completeness; the
 comparisons) percentiles above are the honest summary, see
 agreeing within 1 px : 95.6%
 track lifetime median : binCV 11 frames OpenCV 12 frames
 tracks observed : binCV 10279 OpenCV 10108
 per-frame survival : binCV 96.4% OpenCV 96.6%
 detections truncated : 1 of 82 (capacity 20000)

--- CRITERION 3: peak footprint over the pipeline operation set ---
 binCV :   436704 B (1/2/2/2 pyramid x2, derivative ladders, 3-row response ring)
 OpenCV :  2719832 B (CV_8U pyramid x2 with 31-px border/level, CV_32F eigen map)
 RATIO : 6.23x smaller

--- binCV per-stage, AT THE REAL DUTY CYCLE ---
 detect                          0.073 ms/frame   7.3% (82 detections in 1709 frames = 4.8%)
 track (LK)                      0.732 ms/frame  72.8%
 build (pyrDown + derivatives)    0.200 ms/frame  19.9%
  ... sensor stage               0.098 ms/frame   9.8%
  ... median                     0.062 ms/frame   6.1%
  ... edge                       0.036 ms/frame   3.6%
  ... pyrDown                    0.060 ms/frame   5.9%
  ... derivatives                0.042 ms/frame   4.2%

 sensor stage vs OpenCV's: BIT-EXACT (0 pixels differ over 1709 frames)

--- CRITERION 4: speed against the byte-per-pixel denominator ---
 binCV :    1.006 ms/frame
 OpenCV :    4.086 ms/frame
 RATIO : 4.06x
 NOTE: binCV builds ONE pyramid per frame (the previous frame's is
 swapped in, proven bit-identical under BINCV_PYR_CHECK=1). OpenCV's
 calcOpticalFlowPyrLK rebuilds both of its pyramids per call; the
 redundancy was symmetric, and removing it on binCV's side only is the
 owner's recorded decision, not an oversight in the comparison.
 NOTE: OpenCV threads = 1 (binCV is single-threaded, always), and its
 LK and gftt are SIMD-vectorized.
 binCV has its AVX2 paths here -- the eight-keypoint LK batch,
 the sensor stage's median and edge kernels, and packing --
 so this is SIMD against SIMD, as the aarch64 arm is. What
 measured remains the point: at equal threads binCV LEADS, and the
 x86 deficit reported before it was THREADS, not vector width.
### run 11
binCV SIMD: NEON=NO AVX2=yes popcount=hardware (fast paths active)
LK residual kernel: AVX2, eight keypoints per batch
LK keypoint batch: ON (AVX2, 8 lanes, lane refill)

=== a / pipeline over 1710 frames, 752x480 ===
both pipelines see bit-identical input: median_filter then rl_fast_edge_filter_wide(17)

 ... 200 frames
 ... 400 frames
 ... 600 frames
 ... 800 frames
 ... 1000 frames
 ... 1200 frames
 ... 1400 frames
 ... 1600 frames

--- CRITERION 2: agreement with the reference pipeline ---
 flow vectors compared : 2029 over 1709 frames (82 re-detections)
 flow difference : median 0.0437 px p90 0.1614 p99 22.4941 max 213.8032
 (RMS over all : 7.0313 px -- reported for completeness; the
 comparisons) percentiles above are the honest summary, see
 agreeing within 1 px : 95.6%
 track lifetime median : binCV 11 frames OpenCV 12 frames
 tracks observed : binCV 10279 OpenCV 10108
 per-frame survival : binCV 96.4% OpenCV 96.6%
 detections truncated : 1 of 82 (capacity 20000)

--- CRITERION 3: peak footprint over the pipeline operation set ---
 binCV :   436704 B (1/2/2/2 pyramid x2, derivative ladders, 3-row response ring)
 OpenCV :  2719832 B (CV_8U pyramid x2 with 31-px border/level, CV_32F eigen map)
 RATIO : 6.23x smaller

--- binCV per-stage, AT THE REAL DUTY CYCLE ---
 detect                          0.073 ms/frame   7.4% (82 detections in 1709 frames = 4.8%)
 track (LK)                      0.714 ms/frame  72.8%
 build (pyrDown + derivatives)    0.193 ms/frame  19.7%
  ... sensor stage               0.093 ms/frame   9.5%
  ... median                     0.059 ms/frame   6.1%
  ... edge                       0.033 ms/frame   3.4%
  ... pyrDown                    0.058 ms/frame   5.9%
  ... derivatives                0.042 ms/frame   4.3%

 sensor stage vs OpenCV's: BIT-EXACT (0 pixels differ over 1709 frames)

--- CRITERION 4: speed against the byte-per-pixel denominator ---
 binCV :    0.980 ms/frame
 OpenCV :    3.988 ms/frame
 RATIO : 4.07x
 NOTE: binCV builds ONE pyramid per frame (the previous frame's is
 swapped in, proven bit-identical under BINCV_PYR_CHECK=1). OpenCV's
 calcOpticalFlowPyrLK rebuilds both of its pyramids per call; the
 redundancy was symmetric, and removing it on binCV's side only is the
 owner's recorded decision, not an oversight in the comparison.
 NOTE: OpenCV threads = 1 (binCV is single-threaded, always), and its
 LK and gftt are SIMD-vectorized.
 binCV has its AVX2 paths here -- the eight-keypoint LK batch,
 the sensor stage's median and edge kernels, and packing --
 so this is SIMD against SIMD, as the aarch64 arm is. What
 measured remains the point: at equal threads binCV LEADS, and the
 x86 deficit reported before it was THREADS, not vector width.
### run 12
binCV SIMD: NEON=NO AVX2=yes popcount=hardware (fast paths active)
LK residual kernel: AVX2, eight keypoints per batch
LK keypoint batch: ON (AVX2, 8 lanes, lane refill)

=== a / pipeline over 1710 frames, 752x480 ===
both pipelines see bit-identical input: median_filter then rl_fast_edge_filter_wide(17)

 ... 200 frames
 ... 400 frames
 ... 600 frames
 ... 800 frames
 ... 1000 frames
 ... 1200 frames
 ... 1400 frames
 ... 1600 frames

--- CRITERION 2: agreement with the reference pipeline ---
 flow vectors compared : 2029 over 1709 frames (82 re-detections)
 flow difference : median 0.0437 px p90 0.1614 p99 22.4941 max 213.8032
 (RMS over all : 7.0313 px -- reported for completeness; the
 comparisons) percentiles above are the honest summary, see
 agreeing within 1 px : 95.6%
 track lifetime median : binCV 11 frames OpenCV 12 frames
 tracks observed : binCV 10279 OpenCV 10108
 per-frame survival : binCV 96.4% OpenCV 96.6%
 detections truncated : 1 of 82 (capacity 20000)

--- CRITERION 3: peak footprint over the pipeline operation set ---
 binCV :   436704 B (1/2/2/2 pyramid x2, derivative ladders, 3-row response ring)
 OpenCV :  2719832 B (CV_8U pyramid x2 with 31-px border/level, CV_32F eigen map)
 RATIO : 6.23x smaller

--- binCV per-stage, AT THE REAL DUTY CYCLE ---
 detect                          0.071 ms/frame   7.2% (82 detections in 1709 frames = 4.8%)
 track (LK)                      0.714 ms/frame  72.8%
 build (pyrDown + derivatives)    0.196 ms/frame  20.0%
  ... sensor stage               0.096 ms/frame   9.8%
  ... median                     0.062 ms/frame   6.3%
  ... edge                       0.033 ms/frame   3.4%
  ... pyrDown                    0.059 ms/frame   6.0%
  ... derivatives                0.041 ms/frame   4.2%

 sensor stage vs OpenCV's: BIT-EXACT (0 pixels differ over 1709 frames)

--- CRITERION 4: speed against the byte-per-pixel denominator ---
 binCV :    0.981 ms/frame
 OpenCV :    3.978 ms/frame
 RATIO : 4.06x
 NOTE: binCV builds ONE pyramid per frame (the previous frame's is
 swapped in, proven bit-identical under BINCV_PYR_CHECK=1). OpenCV's
 calcOpticalFlowPyrLK rebuilds both of its pyramids per call; the
 redundancy was symmetric, and removing it on binCV's side only is the
 owner's recorded decision, not an oversight in the comparison.
 NOTE: OpenCV threads = 1 (binCV is single-threaded, always), and its
 LK and gftt are SIMD-vectorized.
 binCV has its AVX2 paths here -- the eight-keypoint LK batch,
 the sensor stage's median and edge kernels, and packing --
 so this is SIMD against SIMD, as the aarch64 arm is. What
 measured remains the point: at equal threads binCV LEADS, and the
 x86 deficit reported before it was THREADS, not vector width.
### run 13
binCV SIMD: NEON=NO AVX2=yes popcount=hardware (fast paths active)
LK residual kernel: AVX2, eight keypoints per batch
LK keypoint batch: ON (AVX2, 8 lanes, lane refill)

=== a / pipeline over 1710 frames, 752x480 ===
both pipelines see bit-identical input: median_filter then rl_fast_edge_filter_wide(17)

 ... 200 frames
 ... 400 frames
 ... 600 frames
 ... 800 frames
 ... 1000 frames
 ... 1200 frames
 ... 1400 frames
 ... 1600 frames

--- CRITERION 2: agreement with the reference pipeline ---
 flow vectors compared : 2029 over 1709 frames (82 re-detections)
 flow difference : median 0.0437 px p90 0.1614 p99 22.4941 max 213.8032
 (RMS over all : 7.0313 px -- reported for completeness; the
 comparisons) percentiles above are the honest summary, see
 agreeing within 1 px : 95.6%
 track lifetime median : binCV 11 frames OpenCV 12 frames
 tracks observed : binCV 10279 OpenCV 10108
 per-frame survival : binCV 96.4% OpenCV 96.6%
 detections truncated : 1 of 82 (capacity 20000)

--- CRITERION 3: peak footprint over the pipeline operation set ---
 binCV :   436704 B (1/2/2/2 pyramid x2, derivative ladders, 3-row response ring)
 OpenCV :  2719832 B (CV_8U pyramid x2 with 31-px border/level, CV_32F eigen map)
 RATIO : 6.23x smaller

--- binCV per-stage, AT THE REAL DUTY CYCLE ---
 detect                          0.074 ms/frame   7.3% (82 detections in 1709 frames = 4.8%)
 track (LK)                      0.738 ms/frame  73.0%
 build (pyrDown + derivatives)    0.200 ms/frame  19.7%
  ... sensor stage               0.099 ms/frame   9.8%
  ... median                     0.061 ms/frame   6.1%
  ... edge                       0.038 ms/frame   3.7%
  ... pyrDown                    0.059 ms/frame   5.8%
  ... derivatives                0.041 ms/frame   4.0%

 sensor stage vs OpenCV's: BIT-EXACT (0 pixels differ over 1709 frames)

--- CRITERION 4: speed against the byte-per-pixel denominator ---
 binCV :    1.012 ms/frame
 OpenCV :    3.981 ms/frame
 RATIO : 3.94x
 NOTE: binCV builds ONE pyramid per frame (the previous frame's is
 swapped in, proven bit-identical under BINCV_PYR_CHECK=1). OpenCV's
 calcOpticalFlowPyrLK rebuilds both of its pyramids per call; the
 redundancy was symmetric, and removing it on binCV's side only is the
 owner's recorded decision, not an oversight in the comparison.
 NOTE: OpenCV threads = 1 (binCV is single-threaded, always), and its
 LK and gftt are SIMD-vectorized.
 binCV has its AVX2 paths here -- the eight-keypoint LK batch,
 the sensor stage's median and edge kernels, and packing --
 so this is SIMD against SIMD, as the aarch64 arm is. What
 measured remains the point: at equal threads binCV LEADS, and the
 x86 deficit reported before it was THREADS, not vector width.
### run 14
binCV SIMD: NEON=NO AVX2=yes popcount=hardware (fast paths active)
LK residual kernel: AVX2, eight keypoints per batch
LK keypoint batch: ON (AVX2, 8 lanes, lane refill)

=== a / pipeline over 1710 frames, 752x480 ===
both pipelines see bit-identical input: median_filter then rl_fast_edge_filter_wide(17)

 ... 200 frames
 ... 400 frames
 ... 600 frames
 ... 800 frames
 ... 1000 frames
 ... 1200 frames
 ... 1400 frames
 ... 1600 frames

--- CRITERION 2: agreement with the reference pipeline ---
 flow vectors compared : 2029 over 1709 frames (82 re-detections)
 flow difference : median 0.0437 px p90 0.1614 p99 22.4941 max 213.8032
 (RMS over all : 7.0313 px -- reported for completeness; the
 comparisons) percentiles above are the honest summary, see
 agreeing within 1 px : 95.6%
 track lifetime median : binCV 11 frames OpenCV 12 frames
 tracks observed : binCV 10279 OpenCV 10108
 per-frame survival : binCV 96.4% OpenCV 96.6%
 detections truncated : 1 of 82 (capacity 20000)

--- CRITERION 3: peak footprint over the pipeline operation set ---
 binCV :   436704 B (1/2/2/2 pyramid x2, derivative ladders, 3-row response ring)
 OpenCV :  2719832 B (CV_8U pyramid x2 with 31-px border/level, CV_32F eigen map)
 RATIO : 6.23x smaller

--- binCV per-stage, AT THE REAL DUTY CYCLE ---
 detect                          0.073 ms/frame   7.2% (82 detections in 1709 frames = 4.8%)
 track (LK)                      0.743 ms/frame  73.1%
 build (pyrDown + derivatives)    0.200 ms/frame  19.7%
  ... sensor stage               0.100 ms/frame   9.8%
  ... median                     0.066 ms/frame   6.5%
  ... edge                       0.033 ms/frame   3.3%
  ... pyrDown                    0.058 ms/frame   5.7%
  ... derivatives                0.042 ms/frame   4.1%

 sensor stage vs OpenCV's: BIT-EXACT (0 pixels differ over 1709 frames)

--- CRITERION 4: speed against the byte-per-pixel denominator ---
 binCV :    1.017 ms/frame
 OpenCV :    3.976 ms/frame
 RATIO : 3.91x
 NOTE: binCV builds ONE pyramid per frame (the previous frame's is
 swapped in, proven bit-identical under BINCV_PYR_CHECK=1). OpenCV's
 calcOpticalFlowPyrLK rebuilds both of its pyramids per call; the
 redundancy was symmetric, and removing it on binCV's side only is the
 owner's recorded decision, not an oversight in the comparison.
 NOTE: OpenCV threads = 1 (binCV is single-threaded, always), and its
 LK and gftt are SIMD-vectorized.
 binCV has its AVX2 paths here -- the eight-keypoint LK batch,
 the sensor stage's median and edge kernels, and packing --
 so this is SIMD against SIMD, as the aarch64 arm is. What
 measured remains the point: at equal threads binCV LEADS, and the
 x86 deficit reported before it was THREADS, not vector width.
### run 15
binCV SIMD: NEON=NO AVX2=yes popcount=hardware (fast paths active)
LK residual kernel: AVX2, eight keypoints per batch
LK keypoint batch: ON (AVX2, 8 lanes, lane refill)

=== a / pipeline over 1710 frames, 752x480 ===
both pipelines see bit-identical input: median_filter then rl_fast_edge_filter_wide(17)

 ... 200 frames
 ... 400 frames
 ... 600 frames
 ... 800 frames
 ... 1000 frames
 ... 1200 frames
 ... 1400 frames
 ... 1600 frames

--- CRITERION 2: agreement with the reference pipeline ---
 flow vectors compared : 2029 over 1709 frames (82 re-detections)
 flow difference : median 0.0437 px p90 0.1614 p99 22.4941 max 213.8032
 (RMS over all : 7.0313 px -- reported for completeness; the
 comparisons) percentiles above are the honest summary, see
 agreeing within 1 px : 95.6%
 track lifetime median : binCV 11 frames OpenCV 12 frames
 tracks observed : binCV 10279 OpenCV 10108
 per-frame survival : binCV 96.4% OpenCV 96.6%
 detections truncated : 1 of 82 (capacity 20000)

--- CRITERION 3: peak footprint over the pipeline operation set ---
 binCV :   436704 B (1/2/2/2 pyramid x2, derivative ladders, 3-row response ring)
 OpenCV :  2719832 B (CV_8U pyramid x2 with 31-px border/level, CV_32F eigen map)
 RATIO : 6.23x smaller

--- binCV per-stage, AT THE REAL DUTY CYCLE ---
 detect                          0.072 ms/frame   7.2% (82 detections in 1709 frames = 4.8%)
 track (LK)                      0.728 ms/frame  73.2%
 build (pyrDown + derivatives)    0.195 ms/frame  19.6%
  ... sensor stage               0.093 ms/frame   9.4%
  ... median                     0.060 ms/frame   6.0%
  ... edge                       0.033 ms/frame   3.3%
  ... pyrDown                    0.060 ms/frame   6.0%
  ... derivatives                0.041 ms/frame   4.2%

 sensor stage vs OpenCV's: BIT-EXACT (0 pixels differ over 1709 frames)

--- CRITERION 4: speed against the byte-per-pixel denominator ---
 binCV :    0.994 ms/frame
 OpenCV :    3.959 ms/frame
 RATIO : 3.98x
 NOTE: binCV builds ONE pyramid per frame (the previous frame's is
 swapped in, proven bit-identical under BINCV_PYR_CHECK=1). OpenCV's
 calcOpticalFlowPyrLK rebuilds both of its pyramids per call; the
 redundancy was symmetric, and removing it on binCV's side only is the
 owner's recorded decision, not an oversight in the comparison.
 NOTE: OpenCV threads = 1 (binCV is single-threaded, always), and its
 LK and gftt are SIMD-vectorized.
 binCV has its AVX2 paths here -- the eight-keypoint LK batch,
 the sensor stage's median and edge kernels, and packing --
 so this is SIMD against SIMD, as the aarch64 arm is. What
 measured remains the point: at equal threads binCV LEADS, and the
 x86 deficit reported before it was THREADS, not vector width.
### run 16
binCV SIMD: NEON=NO AVX2=yes popcount=hardware (fast paths active)
LK residual kernel: AVX2, eight keypoints per batch
LK keypoint batch: ON (AVX2, 8 lanes, lane refill)

=== a / pipeline over 1710 frames, 752x480 ===
both pipelines see bit-identical input: median_filter then rl_fast_edge_filter_wide(17)

 ... 200 frames
 ... 400 frames
 ... 600 frames
 ... 800 frames
 ... 1000 frames
 ... 1200 frames
 ... 1400 frames
 ... 1600 frames

--- CRITERION 2: agreement with the reference pipeline ---
 flow vectors compared : 2029 over 1709 frames (82 re-detections)
 flow difference : median 0.0437 px p90 0.1614 p99 22.4941 max 213.8032
 (RMS over all : 7.0313 px -- reported for completeness; the
 comparisons) percentiles above are the honest summary, see
 agreeing within 1 px : 95.6%
 track lifetime median : binCV 11 frames OpenCV 12 frames
 tracks observed : binCV 10279 OpenCV 10108
 per-frame survival : binCV 96.4% OpenCV 96.6%
 detections truncated : 1 of 82 (capacity 20000)

--- CRITERION 3: peak footprint over the pipeline operation set ---
 binCV :   436704 B (1/2/2/2 pyramid x2, derivative ladders, 3-row response ring)
 OpenCV :  2719832 B (CV_8U pyramid x2 with 31-px border/level, CV_32F eigen map)
 RATIO : 6.23x smaller

--- binCV per-stage, AT THE REAL DUTY CYCLE ---
 detect                          0.072 ms/frame   7.2% (82 detections in 1709 frames = 4.8%)
 track (LK)                      0.725 ms/frame  72.6%
 build (pyrDown + derivatives)    0.202 ms/frame  20.2%
  ... sensor stage               0.101 ms/frame  10.2%
  ... median                     0.067 ms/frame   6.7%
  ... edge                       0.034 ms/frame   3.4%
  ... pyrDown                    0.059 ms/frame   5.9%
  ... derivatives                0.041 ms/frame   4.1%

 sensor stage vs OpenCV's: BIT-EXACT (0 pixels differ over 1709 frames)

--- CRITERION 4: speed against the byte-per-pixel denominator ---
 binCV :    0.998 ms/frame
 OpenCV :    3.991 ms/frame
 RATIO : 4.00x
 NOTE: binCV builds ONE pyramid per frame (the previous frame's is
 swapped in, proven bit-identical under BINCV_PYR_CHECK=1). OpenCV's
 calcOpticalFlowPyrLK rebuilds both of its pyramids per call; the
 redundancy was symmetric, and removing it on binCV's side only is the
 owner's recorded decision, not an oversight in the comparison.
 NOTE: OpenCV threads = 1 (binCV is single-threaded, always), and its
 LK and gftt are SIMD-vectorized.
 binCV has its AVX2 paths here -- the eight-keypoint LK batch,
 the sensor stage's median and edge kernels, and packing --
 so this is SIMD against SIMD, as the aarch64 arm is. What
 measured remains the point: at equal threads binCV LEADS, and the
 x86 deficit reported before it was THREADS, not vector width.
### run 17
binCV SIMD: NEON=NO AVX2=yes popcount=hardware (fast paths active)
LK residual kernel: AVX2, eight keypoints per batch
LK keypoint batch: ON (AVX2, 8 lanes, lane refill)

=== a / pipeline over 1710 frames, 752x480 ===
both pipelines see bit-identical input: median_filter then rl_fast_edge_filter_wide(17)

 ... 200 frames
 ... 400 frames
 ... 600 frames
 ... 800 frames
 ... 1000 frames
 ... 1200 frames
 ... 1400 frames
 ... 1600 frames

--- CRITERION 2: agreement with the reference pipeline ---
 flow vectors compared : 2029 over 1709 frames (82 re-detections)
 flow difference : median 0.0437 px p90 0.1614 p99 22.4941 max 213.8032
 (RMS over all : 7.0313 px -- reported for completeness; the
 comparisons) percentiles above are the honest summary, see
 agreeing within 1 px : 95.6%
 track lifetime median : binCV 11 frames OpenCV 12 frames
 tracks observed : binCV 10279 OpenCV 10108
 per-frame survival : binCV 96.4% OpenCV 96.6%
 detections truncated : 1 of 82 (capacity 20000)

--- CRITERION 3: peak footprint over the pipeline operation set ---
 binCV :   436704 B (1/2/2/2 pyramid x2, derivative ladders, 3-row response ring)
 OpenCV :  2719832 B (CV_8U pyramid x2 with 31-px border/level, CV_32F eigen map)
 RATIO : 6.23x smaller

--- binCV per-stage, AT THE REAL DUTY CYCLE ---
 detect                          0.073 ms/frame   7.2% (82 detections in 1709 frames = 4.8%)
 track (LK)                      0.734 ms/frame  73.2%
 build (pyrDown + derivatives)    0.196 ms/frame  19.5%
  ... sensor stage               0.096 ms/frame   9.6%
  ... median                     0.062 ms/frame   6.2%
  ... edge                       0.034 ms/frame   3.4%
  ... pyrDown                    0.058 ms/frame   5.8%
  ... derivatives                0.041 ms/frame   4.1%

 sensor stage vs OpenCV's: BIT-EXACT (0 pixels differ over 1709 frames)

--- CRITERION 4: speed against the byte-per-pixel denominator ---
 binCV :    1.003 ms/frame
 OpenCV :    4.008 ms/frame
 RATIO : 3.99x
 NOTE: binCV builds ONE pyramid per frame (the previous frame's is
 swapped in, proven bit-identical under BINCV_PYR_CHECK=1). OpenCV's
 calcOpticalFlowPyrLK rebuilds both of its pyramids per call; the
 redundancy was symmetric, and removing it on binCV's side only is the
 owner's recorded decision, not an oversight in the comparison.
 NOTE: OpenCV threads = 1 (binCV is single-threaded, always), and its
 LK and gftt are SIMD-vectorized.
 binCV has its AVX2 paths here -- the eight-keypoint LK batch,
 the sensor stage's median and edge kernels, and packing --
 so this is SIMD against SIMD, as the aarch64 arm is. What
 measured remains the point: at equal threads binCV LEADS, and the
 x86 deficit reported before it was THREADS, not vector width.
### run 18
binCV SIMD: NEON=NO AVX2=yes popcount=hardware (fast paths active)
LK residual kernel: AVX2, eight keypoints per batch
LK keypoint batch: ON (AVX2, 8 lanes, lane refill)

=== a / pipeline over 1710 frames, 752x480 ===
both pipelines see bit-identical input: median_filter then rl_fast_edge_filter_wide(17)

 ... 200 frames
 ... 400 frames
 ... 600 frames
 ... 800 frames
 ... 1000 frames
 ... 1200 frames
 ... 1400 frames
 ... 1600 frames

--- CRITERION 2: agreement with the reference pipeline ---
 flow vectors compared : 2029 over 1709 frames (82 re-detections)
 flow difference : median 0.0437 px p90 0.1614 p99 22.4941 max 213.8032
 (RMS over all : 7.0313 px -- reported for completeness; the
 comparisons) percentiles above are the honest summary, see
 agreeing within 1 px : 95.6%
 track lifetime median : binCV 11 frames OpenCV 12 frames
 tracks observed : binCV 10279 OpenCV 10108
 per-frame survival : binCV 96.4% OpenCV 96.6%
 detections truncated : 1 of 82 (capacity 20000)

--- CRITERION 3: peak footprint over the pipeline operation set ---
 binCV :   436704 B (1/2/2/2 pyramid x2, derivative ladders, 3-row response ring)
 OpenCV :  2719832 B (CV_8U pyramid x2 with 31-px border/level, CV_32F eigen map)
 RATIO : 6.23x smaller

--- binCV per-stage, AT THE REAL DUTY CYCLE ---
 detect                          0.072 ms/frame   7.3% (82 detections in 1709 frames = 4.8%)
 track (LK)                      0.727 ms/frame  72.9%
 build (pyrDown + derivatives)    0.198 ms/frame  19.8%
  ... sensor stage               0.099 ms/frame   9.9%
  ... median                     0.062 ms/frame   6.2%
  ... edge                       0.036 ms/frame   3.6%
  ... pyrDown                    0.058 ms/frame   5.9%
  ... derivatives                0.040 ms/frame   4.0%

 sensor stage vs OpenCV's: BIT-EXACT (0 pixels differ over 1709 frames)

--- CRITERION 4: speed against the byte-per-pixel denominator ---
 binCV :    0.998 ms/frame
 OpenCV :    3.924 ms/frame
 RATIO : 3.93x
 NOTE: binCV builds ONE pyramid per frame (the previous frame's is
 swapped in, proven bit-identical under BINCV_PYR_CHECK=1). OpenCV's
 calcOpticalFlowPyrLK rebuilds both of its pyramids per call; the
 redundancy was symmetric, and removing it on binCV's side only is the
 owner's recorded decision, not an oversight in the comparison.
 NOTE: OpenCV threads = 1 (binCV is single-threaded, always), and its
 LK and gftt are SIMD-vectorized.
 binCV has its AVX2 paths here -- the eight-keypoint LK batch,
 the sensor stage's median and edge kernels, and packing --
 so this is SIMD against SIMD, as the aarch64 arm is. What
 measured remains the point: at equal threads binCV LEADS, and the
 x86 deficit reported before it was THREADS, not vector width.
### run 19
binCV SIMD: NEON=NO AVX2=yes popcount=hardware (fast paths active)
LK residual kernel: AVX2, eight keypoints per batch
LK keypoint batch: ON (AVX2, 8 lanes, lane refill)

=== a / pipeline over 1710 frames, 752x480 ===
both pipelines see bit-identical input: median_filter then rl_fast_edge_filter_wide(17)

 ... 200 frames
 ... 400 frames
 ... 600 frames
 ... 800 frames
 ... 1000 frames
 ... 1200 frames
 ... 1400 frames
 ... 1600 frames

--- CRITERION 2: agreement with the reference pipeline ---
 flow vectors compared : 2029 over 1709 frames (82 re-detections)
 flow difference : median 0.0437 px p90 0.1614 p99 22.4941 max 213.8032
 (RMS over all : 7.0313 px -- reported for completeness; the
 comparisons) percentiles above are the honest summary, see
 agreeing within 1 px : 95.6%
 track lifetime median : binCV 11 frames OpenCV 12 frames
 tracks observed : binCV 10279 OpenCV 10108
 per-frame survival : binCV 96.4% OpenCV 96.6%
 detections truncated : 1 of 82 (capacity 20000)

--- CRITERION 3: peak footprint over the pipeline operation set ---
 binCV :   436704 B (1/2/2/2 pyramid x2, derivative ladders, 3-row response ring)
 OpenCV :  2719832 B (CV_8U pyramid x2 with 31-px border/level, CV_32F eigen map)
 RATIO : 6.23x smaller

--- binCV per-stage, AT THE REAL DUTY CYCLE ---
 detect                          0.071 ms/frame   7.3% (82 detections in 1709 frames = 4.8%)
 track (LK)                      0.717 ms/frame  73.1%
 build (pyrDown + derivatives)    0.193 ms/frame  19.7%
  ... sensor stage               0.092 ms/frame   9.4%
  ... median                     0.059 ms/frame   6.0%
  ... edge                       0.033 ms/frame   3.4%
  ... pyrDown                    0.058 ms/frame   5.9%
  ... derivatives                0.043 ms/frame   4.3%

 sensor stage vs OpenCV's: BIT-EXACT (0 pixels differ over 1709 frames)

--- CRITERION 4: speed against the byte-per-pixel denominator ---
 binCV :    0.981 ms/frame
 OpenCV :    4.010 ms/frame
 RATIO : 4.09x
 NOTE: binCV builds ONE pyramid per frame (the previous frame's is
 swapped in, proven bit-identical under BINCV_PYR_CHECK=1). OpenCV's
 calcOpticalFlowPyrLK rebuilds both of its pyramids per call; the
 redundancy was symmetric, and removing it on binCV's side only is the
 owner's recorded decision, not an oversight in the comparison.
 NOTE: OpenCV threads = 1 (binCV is single-threaded, always), and its
 LK and gftt are SIMD-vectorized.
 binCV has its AVX2 paths here -- the eight-keypoint LK batch,
 the sensor stage's median and edge kernels, and packing --
 so this is SIMD against SIMD, as the aarch64 arm is. What
 measured remains the point: at equal threads binCV LEADS, and the
 x86 deficit reported before it was THREADS, not vector width.
### run 20
binCV SIMD: NEON=NO AVX2=yes popcount=hardware (fast paths active)
LK residual kernel: AVX2, eight keypoints per batch
LK keypoint batch: ON (AVX2, 8 lanes, lane refill)

=== a / pipeline over 1710 frames, 752x480 ===
both pipelines see bit-identical input: median_filter then rl_fast_edge_filter_wide(17)

 ... 200 frames
 ... 400 frames
 ... 600 frames
 ... 800 frames
 ... 1000 frames
 ... 1200 frames
 ... 1400 frames
 ... 1600 frames

--- CRITERION 2: agreement with the reference pipeline ---
 flow vectors compared : 2029 over 1709 frames (82 re-detections)
 flow difference : median 0.0437 px p90 0.1614 p99 22.4941 max 213.8032
 (RMS over all : 7.0313 px -- reported for completeness; the
 comparisons) percentiles above are the honest summary, see
 agreeing within 1 px : 95.6%
 track lifetime median : binCV 11 frames OpenCV 12 frames
 tracks observed : binCV 10279 OpenCV 10108
 per-frame survival : binCV 96.4% OpenCV 96.6%
 detections truncated : 1 of 82 (capacity 20000)

--- CRITERION 3: peak footprint over the pipeline operation set ---
 binCV :   436704 B (1/2/2/2 pyramid x2, derivative ladders, 3-row response ring)
 OpenCV :  2719832 B (CV_8U pyramid x2 with 31-px border/level, CV_32F eigen map)
 RATIO : 6.23x smaller

--- binCV per-stage, AT THE REAL DUTY CYCLE ---
 detect                          0.074 ms/frame   7.6% (82 detections in 1709 frames = 4.8%)
 track (LK)                      0.707 ms/frame  72.5%
 build (pyrDown + derivatives)    0.195 ms/frame  20.0%
  ... sensor stage               0.095 ms/frame   9.8%
  ... median                     0.062 ms/frame   6.3%
  ... edge                       0.033 ms/frame   3.4%
  ... pyrDown                    0.058 ms/frame   5.9%
  ... derivatives                0.040 ms/frame   4.2%

 sensor stage vs OpenCV's: BIT-EXACT (0 pixels differ over 1709 frames)

--- CRITERION 4: speed against the byte-per-pixel denominator ---
 binCV :    0.975 ms/frame
 OpenCV :    3.962 ms/frame
 RATIO : 4.06x
 NOTE: binCV builds ONE pyramid per frame (the previous frame's is
 swapped in, proven bit-identical under BINCV_PYR_CHECK=1). OpenCV's
 calcOpticalFlowPyrLK rebuilds both of its pyramids per call; the
 redundancy was symmetric, and removing it on binCV's side only is the
 owner's recorded decision, not an oversight in the comparison.
 NOTE: OpenCV threads = 1 (binCV is single-threaded, always), and its
 LK and gftt are SIMD-vectorized.
 binCV has its AVX2 paths here -- the eight-keypoint LK batch,
 the sensor stage's median and edge kernels, and packing --
 so this is SIMD against SIMD, as the aarch64 arm is. What
 measured remains the point: at equal threads binCV LEADS, and the
 x86 deficit reported before it was THREADS, not vector width.
### run 21
binCV SIMD: NEON=NO AVX2=yes popcount=hardware (fast paths active)
LK residual kernel: AVX2, eight keypoints per batch
LK keypoint batch: ON (AVX2, 8 lanes, lane refill)

=== a / pipeline over 1710 frames, 752x480 ===
both pipelines see bit-identical input: median_filter then rl_fast_edge_filter_wide(17)

 ... 200 frames
 ... 400 frames
 ... 600 frames
 ... 800 frames
 ... 1000 frames
 ... 1200 frames
 ... 1400 frames
 ... 1600 frames

--- CRITERION 2: agreement with the reference pipeline ---
 flow vectors compared : 2029 over 1709 frames (82 re-detections)
 flow difference : median 0.0437 px p90 0.1614 p99 22.4941 max 213.8032
 (RMS over all : 7.0313 px -- reported for completeness; the
 comparisons) percentiles above are the honest summary, see
 agreeing within 1 px : 95.6%
 track lifetime median : binCV 11 frames OpenCV 12 frames
 tracks observed : binCV 10279 OpenCV 10108
 per-frame survival : binCV 96.4% OpenCV 96.6%
 detections truncated : 1 of 82 (capacity 20000)

--- CRITERION 3: peak footprint over the pipeline operation set ---
 binCV :   436704 B (1/2/2/2 pyramid x2, derivative ladders, 3-row response ring)
 OpenCV :  2719832 B (CV_8U pyramid x2 with 31-px border/level, CV_32F eigen map)
 RATIO : 6.23x smaller

--- binCV per-stage, AT THE REAL DUTY CYCLE ---
 detect                          0.074 ms/frame   7.4% (82 detections in 1709 frames = 4.8%)
 track (LK)                      0.728 ms/frame  73.1%
 build (pyrDown + derivatives)    0.194 ms/frame  19.5%
  ... sensor stage               0.095 ms/frame   9.5%
  ... median                     0.061 ms/frame   6.1%
  ... edge                       0.034 ms/frame   3.4%
  ... pyrDown                    0.059 ms/frame   5.9%
  ... derivatives                0.040 ms/frame   4.1%

 sensor stage vs OpenCV's: BIT-EXACT (0 pixels differ over 1709 frames)

--- CRITERION 4: speed against the byte-per-pixel denominator ---
 binCV :    0.996 ms/frame
 OpenCV :    3.971 ms/frame
 RATIO : 3.99x
 NOTE: binCV builds ONE pyramid per frame (the previous frame's is
 swapped in, proven bit-identical under BINCV_PYR_CHECK=1). OpenCV's
 calcOpticalFlowPyrLK rebuilds both of its pyramids per call; the
 redundancy was symmetric, and removing it on binCV's side only is the
 owner's recorded decision, not an oversight in the comparison.
 NOTE: OpenCV threads = 1 (binCV is single-threaded, always), and its
 LK and gftt are SIMD-vectorized.
 binCV has its AVX2 paths here -- the eight-keypoint LK batch,
 the sensor stage's median and edge kernels, and packing --
 so this is SIMD against SIMD, as the aarch64 arm is. What
 measured remains the point: at equal threads binCV LEADS, and the
 x86 deficit reported before it was THREADS, not vector width.
### run 22
binCV SIMD: NEON=NO AVX2=yes popcount=hardware (fast paths active)
LK residual kernel: AVX2, eight keypoints per batch
LK keypoint batch: ON (AVX2, 8 lanes, lane refill)

=== a / pipeline over 1710 frames, 752x480 ===
both pipelines see bit-identical input: median_filter then rl_fast_edge_filter_wide(17)

 ... 200 frames
 ... 400 frames
 ... 600 frames
 ... 800 frames
 ... 1000 frames
 ... 1200 frames
 ... 1400 frames
 ... 1600 frames

--- CRITERION 2: agreement with the reference pipeline ---
 flow vectors compared : 2029 over 1709 frames (82 re-detections)
 flow difference : median 0.0437 px p90 0.1614 p99 22.4941 max 213.8032
 (RMS over all : 7.0313 px -- reported for completeness; the
 comparisons) percentiles above are the honest summary, see
 agreeing within 1 px : 95.6%
 track lifetime median : binCV 11 frames OpenCV 12 frames
 tracks observed : binCV 10279 OpenCV 10108
 per-frame survival : binCV 96.4% OpenCV 96.6%
 detections truncated : 1 of 82 (capacity 20000)

--- CRITERION 3: peak footprint over the pipeline operation set ---
 binCV :   436704 B (1/2/2/2 pyramid x2, derivative ladders, 3-row response ring)
 OpenCV :  2719832 B (CV_8U pyramid x2 with 31-px border/level, CV_32F eigen map)
 RATIO : 6.23x smaller

--- binCV per-stage, AT THE REAL DUTY CYCLE ---
 detect                          0.078 ms/frame   7.6% (82 detections in 1709 frames = 4.8%)
 track (LK)                      0.754 ms/frame  73.1%
 build (pyrDown + derivatives)    0.200 ms/frame  19.4%
  ... sensor stage               0.098 ms/frame   9.5%
  ... median                     0.062 ms/frame   6.0%
  ... edge                       0.036 ms/frame   3.5%
  ... pyrDown                    0.059 ms/frame   5.7%
  ... derivatives                0.042 ms/frame   4.1%

 sensor stage vs OpenCV's: BIT-EXACT (0 pixels differ over 1709 frames)

--- CRITERION 4: speed against the byte-per-pixel denominator ---
 binCV :    1.032 ms/frame
 OpenCV :    4.087 ms/frame
 RATIO : 3.96x
 NOTE: binCV builds ONE pyramid per frame (the previous frame's is
 swapped in, proven bit-identical under BINCV_PYR_CHECK=1). OpenCV's
 calcOpticalFlowPyrLK rebuilds both of its pyramids per call; the
 redundancy was symmetric, and removing it on binCV's side only is the
 owner's recorded decision, not an oversight in the comparison.
 NOTE: OpenCV threads = 1 (binCV is single-threaded, always), and its
 LK and gftt are SIMD-vectorized.
 binCV has its AVX2 paths here -- the eight-keypoint LK batch,
 the sensor stage's median and edge kernels, and packing --
 so this is SIMD against SIMD, as the aarch64 arm is. What
 measured remains the point: at equal threads binCV LEADS, and the
 x86 deficit reported before it was THREADS, not vector width.
### run 23
binCV SIMD: NEON=NO AVX2=yes popcount=hardware (fast paths active)
LK residual kernel: AVX2, eight keypoints per batch
LK keypoint batch: ON (AVX2, 8 lanes, lane refill)

=== a / pipeline over 1710 frames, 752x480 ===
both pipelines see bit-identical input: median_filter then rl_fast_edge_filter_wide(17)

 ... 200 frames
 ... 400 frames
 ... 600 frames
 ... 800 frames
 ... 1000 frames
 ... 1200 frames
 ... 1400 frames
 ... 1600 frames

--- CRITERION 2: agreement with the reference pipeline ---
 flow vectors compared : 2029 over 1709 frames (82 re-detections)
 flow difference : median 0.0437 px p90 0.1614 p99 22.4941 max 213.8032
 (RMS over all : 7.0313 px -- reported for completeness; the
 comparisons) percentiles above are the honest summary, see
 agreeing within 1 px : 95.6%
 track lifetime median : binCV 11 frames OpenCV 12 frames
 tracks observed : binCV 10279 OpenCV 10108
 per-frame survival : binCV 96.4% OpenCV 96.6%
 detections truncated : 1 of 82 (capacity 20000)

--- CRITERION 3: peak footprint over the pipeline operation set ---
 binCV :   436704 B (1/2/2/2 pyramid x2, derivative ladders, 3-row response ring)
 OpenCV :  2719832 B (CV_8U pyramid x2 with 31-px border/level, CV_32F eigen map)
 RATIO : 6.23x smaller

--- binCV per-stage, AT THE REAL DUTY CYCLE ---
 detect                          0.083 ms/frame   7.7% (82 detections in 1709 frames = 4.8%)
 track (LK)                      0.774 ms/frame  71.7%
 build (pyrDown + derivatives)    0.222 ms/frame  20.6%
  ... sensor stage               0.111 ms/frame  10.3%
  ... median                     0.072 ms/frame   6.7%
  ... edge                       0.038 ms/frame   3.5%
  ... pyrDown                    0.063 ms/frame   5.9%
  ... derivatives                0.047 ms/frame   4.4%

 sensor stage vs OpenCV's: BIT-EXACT (0 pixels differ over 1709 frames)

--- CRITERION 4: speed against the byte-per-pixel denominator ---
 binCV :    1.080 ms/frame
 OpenCV :    4.446 ms/frame
 RATIO : 4.12x
 NOTE: binCV builds ONE pyramid per frame (the previous frame's is
 swapped in, proven bit-identical under BINCV_PYR_CHECK=1). OpenCV's
 calcOpticalFlowPyrLK rebuilds both of its pyramids per call; the
 redundancy was symmetric, and removing it on binCV's side only is the
 owner's recorded decision, not an oversight in the comparison.
 NOTE: OpenCV threads = 1 (binCV is single-threaded, always), and its
 LK and gftt are SIMD-vectorized.
 binCV has its AVX2 paths here -- the eight-keypoint LK batch,
 the sensor stage's median and edge kernels, and packing --
 so this is SIMD against SIMD, as the aarch64 arm is. What
 measured remains the point: at equal threads binCV LEADS, and the
 x86 deficit reported before it was THREADS, not vector width.
### run 24
binCV SIMD: NEON=NO AVX2=yes popcount=hardware (fast paths active)
LK residual kernel: AVX2, eight keypoints per batch
LK keypoint batch: ON (AVX2, 8 lanes, lane refill)

=== a / pipeline over 1710 frames, 752x480 ===
both pipelines see bit-identical input: median_filter then rl_fast_edge_filter_wide(17)

 ... 200 frames
 ... 400 frames
 ... 600 frames
 ... 800 frames
 ... 1000 frames
 ... 1200 frames
 ... 1400 frames
 ... 1600 frames

--- CRITERION 2: agreement with the reference pipeline ---
 flow vectors compared : 2029 over 1709 frames (82 re-detections)
 flow difference : median 0.0437 px p90 0.1614 p99 22.4941 max 213.8032
 (RMS over all : 7.0313 px -- reported for completeness; the
 comparisons) percentiles above are the honest summary, see
 agreeing within 1 px : 95.6%
 track lifetime median : binCV 11 frames OpenCV 12 frames
 tracks observed : binCV 10279 OpenCV 10108
 per-frame survival : binCV 96.4% OpenCV 96.6%
 detections truncated : 1 of 82 (capacity 20000)

--- CRITERION 3: peak footprint over the pipeline operation set ---
 binCV :   436704 B (1/2/2/2 pyramid x2, derivative ladders, 3-row response ring)
 OpenCV :  2719832 B (CV_8U pyramid x2 with 31-px border/level, CV_32F eigen map)
 RATIO : 6.23x smaller

--- binCV per-stage, AT THE REAL DUTY CYCLE ---
 detect                          0.076 ms/frame   7.4% (82 detections in 1709 frames = 4.8%)
 track (LK)                      0.747 ms/frame  73.1%
 build (pyrDown + derivatives)    0.200 ms/frame  19.5%
  ... sensor stage               0.098 ms/frame   9.6%
  ... median                     0.063 ms/frame   6.2%
  ... edge                       0.034 ms/frame   3.3%
  ... pyrDown                    0.060 ms/frame   5.8%
  ... derivatives                0.042 ms/frame   4.1%

 sensor stage vs OpenCV's: BIT-EXACT (0 pixels differ over 1709 frames)

--- CRITERION 4: speed against the byte-per-pixel denominator ---
 binCV :    1.023 ms/frame
 OpenCV :    4.029 ms/frame
 RATIO : 3.94x
 NOTE: binCV builds ONE pyramid per frame (the previous frame's is
 swapped in, proven bit-identical under BINCV_PYR_CHECK=1). OpenCV's
 calcOpticalFlowPyrLK rebuilds both of its pyramids per call; the
 redundancy was symmetric, and removing it on binCV's side only is the
 owner's recorded decision, not an oversight in the comparison.
 NOTE: OpenCV threads = 1 (binCV is single-threaded, always), and its
 LK and gftt are SIMD-vectorized.
 binCV has its AVX2 paths here -- the eight-keypoint LK batch,
 the sensor stage's median and edge kernels, and packing --
 so this is SIMD against SIMD, as the aarch64 arm is. What
 measured remains the point: at equal threads binCV LEADS, and the
 x86 deficit reported before it was THREADS, not vector width.
### run 25
binCV SIMD: NEON=NO AVX2=yes popcount=hardware (fast paths active)
LK residual kernel: AVX2, eight keypoints per batch
LK keypoint batch: ON (AVX2, 8 lanes, lane refill)

=== a / pipeline over 1710 frames, 752x480 ===
both pipelines see bit-identical input: median_filter then rl_fast_edge_filter_wide(17)

 ... 200 frames
 ... 400 frames
 ... 600 frames
 ... 800 frames
 ... 1000 frames
 ... 1200 frames
 ... 1400 frames
 ... 1600 frames

--- CRITERION 2: agreement with the reference pipeline ---
 flow vectors compared : 2029 over 1709 frames (82 re-detections)
 flow difference : median 0.0437 px p90 0.1614 p99 22.4941 max 213.8032
 (RMS over all : 7.0313 px -- reported for completeness; the
 comparisons) percentiles above are the honest summary, see
 agreeing within 1 px : 95.6%
 track lifetime median : binCV 11 frames OpenCV 12 frames
 tracks observed : binCV 10279 OpenCV 10108
 per-frame survival : binCV 96.4% OpenCV 96.6%
 detections truncated : 1 of 82 (capacity 20000)

--- CRITERION 3: peak footprint over the pipeline operation set ---
 binCV :   436704 B (1/2/2/2 pyramid x2, derivative ladders, 3-row response ring)
 OpenCV :  2719832 B (CV_8U pyramid x2 with 31-px border/level, CV_32F eigen map)
 RATIO : 6.23x smaller

--- binCV per-stage, AT THE REAL DUTY CYCLE ---
 detect                          0.073 ms/frame   7.2% (82 detections in 1709 frames = 4.8%)
 track (LK)                      0.743 ms/frame  73.5%
 build (pyrDown + derivatives)    0.196 ms/frame  19.3%
  ... sensor stage               0.094 ms/frame   9.3%
  ... median                     0.061 ms/frame   6.0%
  ... edge                       0.033 ms/frame   3.3%
  ... pyrDown                    0.058 ms/frame   5.8%
  ... derivatives                0.042 ms/frame   4.2%

 sensor stage vs OpenCV's: BIT-EXACT (0 pixels differ over 1709 frames)

--- CRITERION 4: speed against the byte-per-pixel denominator ---
 binCV :    1.012 ms/frame
 OpenCV :    4.029 ms/frame
 RATIO : 3.98x
 NOTE: binCV builds ONE pyramid per frame (the previous frame's is
 swapped in, proven bit-identical under BINCV_PYR_CHECK=1). OpenCV's
 calcOpticalFlowPyrLK rebuilds both of its pyramids per call; the
 redundancy was symmetric, and removing it on binCV's side only is the
 owner's recorded decision, not an oversight in the comparison.
 NOTE: OpenCV threads = 1 (binCV is single-threaded, always), and its
 LK and gftt are SIMD-vectorized.
 binCV has its AVX2 paths here -- the eight-keypoint LK batch,
 the sensor stage's median and edge kernels, and packing --
 so this is SIMD against SIMD, as the aarch64 arm is. What
 measured remains the point: at equal threads binCV LEADS, and the
 x86 deficit reported before it was THREADS, not vector width.
### run 26
binCV SIMD: NEON=NO AVX2=yes popcount=hardware (fast paths active)
LK residual kernel: AVX2, eight keypoints per batch
LK keypoint batch: ON (AVX2, 8 lanes, lane refill)

=== a / pipeline over 1710 frames, 752x480 ===
both pipelines see bit-identical input: median_filter then rl_fast_edge_filter_wide(17)

 ... 200 frames
 ... 400 frames
 ... 600 frames
 ... 800 frames
 ... 1000 frames
 ... 1200 frames
 ... 1400 frames
 ... 1600 frames

--- CRITERION 2: agreement with the reference pipeline ---
 flow vectors compared : 2029 over 1709 frames (82 re-detections)
 flow difference : median 0.0437 px p90 0.1614 p99 22.4941 max 213.8032
 (RMS over all : 7.0313 px -- reported for completeness; the
 comparisons) percentiles above are the honest summary, see
 agreeing within 1 px : 95.6%
 track lifetime median : binCV 11 frames OpenCV 12 frames
 tracks observed : binCV 10279 OpenCV 10108
 per-frame survival : binCV 96.4% OpenCV 96.6%
 detections truncated : 1 of 82 (capacity 20000)

--- CRITERION 3: peak footprint over the pipeline operation set ---
 binCV :   436704 B (1/2/2/2 pyramid x2, derivative ladders, 3-row response ring)
 OpenCV :  2719832 B (CV_8U pyramid x2 with 31-px border/level, CV_32F eigen map)
 RATIO : 6.23x smaller

--- binCV per-stage, AT THE REAL DUTY CYCLE ---
 detect                          0.073 ms/frame   7.4% (82 detections in 1709 frames = 4.8%)
 track (LK)                      0.720 ms/frame  72.7%
 build (pyrDown + derivatives)    0.197 ms/frame  19.9%
  ... sensor stage               0.097 ms/frame   9.9%
  ... median                     0.064 ms/frame   6.4%
  ... edge                       0.033 ms/frame   3.4%
  ... pyrDown                    0.059 ms/frame   5.9%
  ... derivatives                0.040 ms/frame   4.1%

 sensor stage vs OpenCV's: BIT-EXACT (0 pixels differ over 1709 frames)

--- CRITERION 4: speed against the byte-per-pixel denominator ---
 binCV :    0.990 ms/frame
 OpenCV :    3.966 ms/frame
 RATIO : 4.01x
 NOTE: binCV builds ONE pyramid per frame (the previous frame's is
 swapped in, proven bit-identical under BINCV_PYR_CHECK=1). OpenCV's
 calcOpticalFlowPyrLK rebuilds both of its pyramids per call; the
 redundancy was symmetric, and removing it on binCV's side only is the
 owner's recorded decision, not an oversight in the comparison.
 NOTE: OpenCV threads = 1 (binCV is single-threaded, always), and its
 LK and gftt are SIMD-vectorized.
 binCV has its AVX2 paths here -- the eight-keypoint LK batch,
 the sensor stage's median and edge kernels, and packing --
 so this is SIMD against SIMD, as the aarch64 arm is. What
 measured remains the point: at equal threads binCV LEADS, and the
 x86 deficit reported before it was THREADS, not vector width.
### run 27
binCV SIMD: NEON=NO AVX2=yes popcount=hardware (fast paths active)
LK residual kernel: AVX2, eight keypoints per batch
LK keypoint batch: ON (AVX2, 8 lanes, lane refill)

=== a / pipeline over 1710 frames, 752x480 ===
both pipelines see bit-identical input: median_filter then rl_fast_edge_filter_wide(17)

 ... 200 frames
 ... 400 frames
 ... 600 frames
 ... 800 frames
 ... 1000 frames
 ... 1200 frames
 ... 1400 frames
 ... 1600 frames

--- CRITERION 2: agreement with the reference pipeline ---
 flow vectors compared : 2029 over 1709 frames (82 re-detections)
 flow difference : median 0.0437 px p90 0.1614 p99 22.4941 max 213.8032
 (RMS over all : 7.0313 px -- reported for completeness; the
 comparisons) percentiles above are the honest summary, see
 agreeing within 1 px : 95.6%
 track lifetime median : binCV 11 frames OpenCV 12 frames
 tracks observed : binCV 10279 OpenCV 10108
 per-frame survival : binCV 96.4% OpenCV 96.6%
 detections truncated : 1 of 82 (capacity 20000)

--- CRITERION 3: peak footprint over the pipeline operation set ---
 binCV :   436704 B (1/2/2/2 pyramid x2, derivative ladders, 3-row response ring)
 OpenCV :  2719832 B (CV_8U pyramid x2 with 31-px border/level, CV_32F eigen map)
 RATIO : 6.23x smaller

--- binCV per-stage, AT THE REAL DUTY CYCLE ---
 detect                          0.078 ms/frame   7.2% (82 detections in 1709 frames = 4.8%)
 track (LK)                      0.791 ms/frame  73.0%
 build (pyrDown + derivatives)    0.215 ms/frame  19.8%
  ... sensor stage               0.109 ms/frame  10.1%
  ... median                     0.072 ms/frame   6.6%
  ... edge                       0.037 ms/frame   3.4%
  ... pyrDown                    0.061 ms/frame   5.6%
  ... derivatives                0.044 ms/frame   4.1%

 sensor stage vs OpenCV's: BIT-EXACT (0 pixels differ over 1709 frames)

--- CRITERION 4: speed against the byte-per-pixel denominator ---
 binCV :    1.084 ms/frame
 OpenCV :    4.264 ms/frame
 RATIO : 3.93x
 NOTE: binCV builds ONE pyramid per frame (the previous frame's is
 swapped in, proven bit-identical under BINCV_PYR_CHECK=1). OpenCV's
 calcOpticalFlowPyrLK rebuilds both of its pyramids per call; the
 redundancy was symmetric, and removing it on binCV's side only is the
 owner's recorded decision, not an oversight in the comparison.
 NOTE: OpenCV threads = 1 (binCV is single-threaded, always), and its
 LK and gftt are SIMD-vectorized.
 binCV has its AVX2 paths here -- the eight-keypoint LK batch,
 the sensor stage's median and edge kernels, and packing --
 so this is SIMD against SIMD, as the aarch64 arm is. What
 measured remains the point: at equal threads binCV LEADS, and the
 x86 deficit reported before it was THREADS, not vector width.
### run 28
binCV SIMD: NEON=NO AVX2=yes popcount=hardware (fast paths active)
LK residual kernel: AVX2, eight keypoints per batch
LK keypoint batch: ON (AVX2, 8 lanes, lane refill)

=== a / pipeline over 1710 frames, 752x480 ===
both pipelines see bit-identical input: median_filter then rl_fast_edge_filter_wide(17)

 ... 200 frames
 ... 400 frames
 ... 600 frames
 ... 800 frames
 ... 1000 frames
 ... 1200 frames
 ... 1400 frames
 ... 1600 frames

--- CRITERION 2: agreement with the reference pipeline ---
 flow vectors compared : 2029 over 1709 frames (82 re-detections)
 flow difference : median 0.0437 px p90 0.1614 p99 22.4941 max 213.8032
 (RMS over all : 7.0313 px -- reported for completeness; the
 comparisons) percentiles above are the honest summary, see
 agreeing within 1 px : 95.6%
 track lifetime median : binCV 11 frames OpenCV 12 frames
 tracks observed : binCV 10279 OpenCV 10108
 per-frame survival : binCV 96.4% OpenCV 96.6%
 detections truncated : 1 of 82 (capacity 20000)

--- CRITERION 3: peak footprint over the pipeline operation set ---
 binCV :   436704 B (1/2/2/2 pyramid x2, derivative ladders, 3-row response ring)
 OpenCV :  2719832 B (CV_8U pyramid x2 with 31-px border/level, CV_32F eigen map)
 RATIO : 6.23x smaller

--- binCV per-stage, AT THE REAL DUTY CYCLE ---
 detect                          0.075 ms/frame   7.3% (82 detections in 1709 frames = 4.8%)
 track (LK)                      0.750 ms/frame  72.8%
 build (pyrDown + derivatives)    0.206 ms/frame  20.0%
  ... sensor stage               0.101 ms/frame   9.8%
  ... median                     0.063 ms/frame   6.1%
  ... edge                       0.037 ms/frame   3.6%
  ... pyrDown                    0.062 ms/frame   6.0%
  ... derivatives                0.043 ms/frame   4.1%

 sensor stage vs OpenCV's: BIT-EXACT (0 pixels differ over 1709 frames)

--- CRITERION 4: speed against the byte-per-pixel denominator ---
 binCV :    1.031 ms/frame
 OpenCV :    4.145 ms/frame
 RATIO : 4.02x
 NOTE: binCV builds ONE pyramid per frame (the previous frame's is
 swapped in, proven bit-identical under BINCV_PYR_CHECK=1). OpenCV's
 calcOpticalFlowPyrLK rebuilds both of its pyramids per call; the
 redundancy was symmetric, and removing it on binCV's side only is the
 owner's recorded decision, not an oversight in the comparison.
 NOTE: OpenCV threads = 1 (binCV is single-threaded, always), and its
 LK and gftt are SIMD-vectorized.
 binCV has its AVX2 paths here -- the eight-keypoint LK batch,
 the sensor stage's median and edge kernels, and packing --
 so this is SIMD against SIMD, as the aarch64 arm is. What
 measured remains the point: at equal threads binCV LEADS, and the
 x86 deficit reported before it was THREADS, not vector width.
### run 29
binCV SIMD: NEON=NO AVX2=yes popcount=hardware (fast paths active)
LK residual kernel: AVX2, eight keypoints per batch
LK keypoint batch: ON (AVX2, 8 lanes, lane refill)

=== a / pipeline over 1710 frames, 752x480 ===
both pipelines see bit-identical input: median_filter then rl_fast_edge_filter_wide(17)

 ... 200 frames
 ... 400 frames
 ... 600 frames
 ... 800 frames
 ... 1000 frames
 ... 1200 frames
 ... 1400 frames
 ... 1600 frames

--- CRITERION 2: agreement with the reference pipeline ---
 flow vectors compared : 2029 over 1709 frames (82 re-detections)
 flow difference : median 0.0437 px p90 0.1614 p99 22.4941 max 213.8032
 (RMS over all : 7.0313 px -- reported for completeness; the
 comparisons) percentiles above are the honest summary, see
 agreeing within 1 px : 95.6%
 track lifetime median : binCV 11 frames OpenCV 12 frames
 tracks observed : binCV 10279 OpenCV 10108
 per-frame survival : binCV 96.4% OpenCV 96.6%
 detections truncated : 1 of 82 (capacity 20000)

--- CRITERION 3: peak footprint over the pipeline operation set ---
 binCV :   436704 B (1/2/2/2 pyramid x2, derivative ladders, 3-row response ring)
 OpenCV :  2719832 B (CV_8U pyramid x2 with 31-px border/level, CV_32F eigen map)
 RATIO : 6.23x smaller

--- binCV per-stage, AT THE REAL DUTY CYCLE ---
 detect                          0.077 ms/frame   7.4% (82 detections in 1709 frames = 4.8%)
 track (LK)                      0.755 ms/frame  72.0%
 build (pyrDown + derivatives)    0.216 ms/frame  20.6%
  ... sensor stage               0.108 ms/frame  10.3%
  ... median                     0.070 ms/frame   6.7%
  ... edge                       0.037 ms/frame   3.6%
  ... pyrDown                    0.062 ms/frame   5.9%
  ... derivatives                0.045 ms/frame   4.3%

 sensor stage vs OpenCV's: BIT-EXACT (0 pixels differ over 1709 frames)

--- CRITERION 4: speed against the byte-per-pixel denominator ---
 binCV :    1.049 ms/frame
 OpenCV :    4.224 ms/frame
 RATIO : 4.03x
 NOTE: binCV builds ONE pyramid per frame (the previous frame's is
 swapped in, proven bit-identical under BINCV_PYR_CHECK=1). OpenCV's
 calcOpticalFlowPyrLK rebuilds both of its pyramids per call; the
 redundancy was symmetric, and removing it on binCV's side only is the
 owner's recorded decision, not an oversight in the comparison.
 NOTE: OpenCV threads = 1 (binCV is single-threaded, always), and its
 LK and gftt are SIMD-vectorized.
 binCV has its AVX2 paths here -- the eight-keypoint LK batch,
 the sensor stage's median and edge kernels, and packing --
 so this is SIMD against SIMD, as the aarch64 arm is. What
 measured remains the point: at equal threads binCV LEADS, and the
 x86 deficit reported before it was THREADS, not vector width.
### run 30
binCV SIMD: NEON=NO AVX2=yes popcount=hardware (fast paths active)
LK residual kernel: AVX2, eight keypoints per batch
LK keypoint batch: ON (AVX2, 8 lanes, lane refill)

=== a / pipeline over 1710 frames, 752x480 ===
both pipelines see bit-identical input: median_filter then rl_fast_edge_filter_wide(17)

 ... 200 frames
 ... 400 frames
 ... 600 frames
 ... 800 frames
 ... 1000 frames
 ... 1200 frames
 ... 1400 frames
 ... 1600 frames

--- CRITERION 2: agreement with the reference pipeline ---
 flow vectors compared : 2029 over 1709 frames (82 re-detections)
 flow difference : median 0.0437 px p90 0.1614 p99 22.4941 max 213.8032
 (RMS over all : 7.0313 px -- reported for completeness; the
 comparisons) percentiles above are the honest summary, see
 agreeing within 1 px : 95.6%
 track lifetime median : binCV 11 frames OpenCV 12 frames
 tracks observed : binCV 10279 OpenCV 10108
 per-frame survival : binCV 96.4% OpenCV 96.6%
 detections truncated : 1 of 82 (capacity 20000)

--- CRITERION 3: peak footprint over the pipeline operation set ---
 binCV :   436704 B (1/2/2/2 pyramid x2, derivative ladders, 3-row response ring)
 OpenCV :  2719832 B (CV_8U pyramid x2 with 31-px border/level, CV_32F eigen map)
 RATIO : 6.23x smaller

--- binCV per-stage, AT THE REAL DUTY CYCLE ---
 detect                          0.080 ms/frame   7.6% (82 detections in 1709 frames = 4.8%)
 track (LK)                      0.762 ms/frame  72.4%
 build (pyrDown + derivatives)    0.210 ms/frame  20.0%
  ... sensor stage               0.100 ms/frame   9.5%
  ... median                     0.064 ms/frame   6.1%
  ... edge                       0.035 ms/frame   3.3%
  ... pyrDown                    0.066 ms/frame   6.2%
  ... derivatives                0.045 ms/frame   4.2%

 sensor stage vs OpenCV's: BIT-EXACT (0 pixels differ over 1709 frames)

--- CRITERION 4: speed against the byte-per-pixel denominator ---
 binCV :    1.053 ms/frame
 OpenCV :    4.096 ms/frame
 RATIO : 3.89x
 NOTE: binCV builds ONE pyramid per frame (the previous frame's is
 swapped in, proven bit-identical under BINCV_PYR_CHECK=1). OpenCV's
 calcOpticalFlowPyrLK rebuilds both of its pyramids per call; the
 redundancy was symmetric, and removing it on binCV's side only is the
 owner's recorded decision, not an oversight in the comparison.
 NOTE: OpenCV threads = 1 (binCV is single-threaded, always), and its
 LK and gftt are SIMD-vectorized.
 binCV has its AVX2 paths here -- the eight-keypoint LK batch,
 the sensor stage's median and edge kernels, and packing --
 so this is SIMD against SIMD, as the aarch64 arm is. What
 measured remains the point: at equal threads binCV LEADS, and the
 x86 deficit reported before it was THREADS, not vector width.

# loadavg at end: 1.94 1.72 2.27 2/1317 17249
# date:     2026-09-22T17:18:02-07:00
# done

# ---- aggregate (scripts/aggregate_launches.py --ratio i2:OpenCV :/i2:binCV :) ----
# 30 launches parsed from 1 path(s); bootstrap 10000 resamples, seed 12345
# 
# row                                  n     median        min        max    r2r  scatter  within     ci95 of the median     +/-   minres
# i1 / ... derivatives                30    0.04200    0.04000    0.04700  1.175    16.7%      --  [ 0.04100,  0.04200]   1.19%   1.024x
# i1 / ... edge                       30    0.03450    0.03300    0.03800  1.152    14.5%      --  [ 0.03400,  0.03550]   2.17%   1.029x
# i1 / ... median                     30    0.06250    0.05900    0.07200  1.220    20.8%      --  [ 0.06200,  0.06350]   1.20%   1.016x
# i1 / ... pyrDown                    30    0.05900    0.05800    0.06700  1.155    15.3%      --  [ 0.05900,  0.06000]   0.85%   1.017x
# i1 / ... sensor stage               30    0.09800    0.09200     0.1110  1.207    19.4%      --  [ 0.09700,  0.09900]   1.02%   1.010x
# i1 / build (pyrDown + derivatives)  30     0.1995     0.1930     0.2220  1.150    14.5%      --  [  0.1970,   0.2000]   0.75%   1.013x
# i1 / detect                         30    0.07300    0.07000    0.08300  1.186    17.8%      --  [ 0.07300,  0.07400]   0.68%   1.014x
# i1 / track (LK)                     30     0.7365     0.7070     0.7910  1.119    11.4%      --  [  0.7280,   0.7430]   1.02%   1.012x
# i2 / OpenCV :                       30     4.0070     3.9240     4.4460  1.133    13.0%      --  [  3.9770,   4.0290]   0.65%   1.008x
# i2 / binCV :                        30     1.0095     0.9750     1.0840  1.112    10.8%      --  [  0.9980,   1.0165]   0.92%   1.012x
# 
# RATIO  i2:OpenCV :  /  i2:binCV :   over 30 launches
#   paired per launch (the published estimator)
#     median 3.9872   min 3.8868   max 4.1167   scatter 5.8%
#     bootstrap 95% CI of the median: [3.9508, 4.0075]   +/- 0.71%
#     launches with the ratio above 1.00: 30 of 30
#     smallest resolvable difference at 30 launches: 1.009x
#   ratio of the two medians, same launches
#     point 3.9693   bootstrap 95% CI: [3.9352, 4.0040]
#     the two intervals differ by 0.39% and 0.09% of the median at the two ends.
#     Say which estimator a quoted interval came from. The paired one is what the
#     committed logs publish.
# 
#   median   median of the per-launch medians -- the value to quote.
#   r2r      run-to-run scatter as a factor, max/min of those medians.
#   scatter  (max-min)/median ACROSS launches: Timing::spreadPct()'s own
#            arithmetic, so it reads directly against the next column.
#   within   median of the per-launch spread column -- what one launch
#            reports about itself, and all it can report.
#   minres   smallest difference these launches resolve on this row,
#            max(hi/median, median/lo). Derived from the row's scatter;
#            whether it is small ENOUGH is a per-case call, so state the
#            difference with --resolve rather than reading a bar into it.
# 
#   tables in a launch, in order:
#     i1       --- binCV per-stage, AT THE REAL DUTY CYCLE ---
#     i2       --- CRITERION 4: speed against the byte-per-pixel denomina
