# frontend-repeats -- x86-64  (runs 2-4; run 1 is frontend-x86_64.log)
# host:     AMD Ryzen 5 5600X 6-Core Processor
# compiler: c++ (Ubuntu 11.4.0-1ubuntu1~22.04) 11.4.0
# commit:   25065d7
# pinning:  taskset -c 2
# date:     2026-09-01T12:47:48-07:00

### run 2
--- CRITERION 4: speed against the byte-per-pixel denominator ---
 binCV :    1.143 ms/frame
 OpenCV :    3.841 ms/frame
 RATIO : 3.36x
### run 3
--- CRITERION 4: speed against the byte-per-pixel denominator ---
 binCV :    1.230 ms/frame
 OpenCV :    4.149 ms/frame
 RATIO : 3.37x
### run 4
--- CRITERION 4: speed against the byte-per-pixel denominator ---
 binCV :    1.134 ms/frame
 OpenCV :    3.896 ms/frame
 RATIO : 3.43x
