# launch sweep -- 30 separate processes of one benchmark
# benchmark: ./build/benchmark/feature_tracking_sequence /home/ryanhou28/bincv-data/euroc-v1_02-cam0
# launches: 30
# arch:     x86_64
# host:     AMD Ryzen 5 5600X 6-Core Processor
# kernel:   5.15.167.4-microsoft-standard-WSL2
# compiler: g++ (Ubuntu 11.4.0-1ubuntu1~22.04) 11.4.0
# commit:   7076747 (dirty)
# governor: none (this host exposes no cpufreq)
# pinning:  taskset -c 2
# sleep between launches: 0s
# date:     2026-09-21T16:28:41-07:00
# loadavg at start: 2.15 1.89 1.88 1/1328 18138
# NO launch is discarded -- a cold start is part of what varies between
# launches, and trimming it would trim the tail this sweep measures.

### run 1
binCV SIMD: NEON=NO AVX2=yes popcount=hardware (fast paths active)
LK residual kernel: AVX2, eight keypoints per batch
LK keypoint batch: ON (AVX2, 8 lanes, lane refill)

=== a / pipeline over 1710 frames, 752x480 ===
both pipelines see bit-identical input: median_filter then rl_fast_edge_filter_wide(17)

 ... 200 frames
 ... 400 frames
 ... 600 frames
 ... 800 frames
 ... 1000 frames
 ... 1200 frames
 ... 1400 frames
 ... 1600 frames

--- CRITERION 2: agreement with the reference pipeline ---
 flow vectors compared : 2029 over 1709 frames (82 re-detections)
 flow difference : median 0.0437 px p90 0.1614 p99 22.4941 max 213.8032
 (RMS over all : 7.0313 px -- reported for completeness; the
 comparisons) percentiles above are the honest summary, see
 agreeing within 1 px : 95.6%
 track lifetime median : binCV 11 frames OpenCV 12 frames
 tracks observed : binCV 10279 OpenCV 10108
 per-frame survival : binCV 96.4% OpenCV 96.6%
 detections truncated : 1 of 82 (capacity 20000)

--- CRITERION 3: peak footprint over the pipeline operation set ---
 binCV :   436704 B (1/2/2/2 pyramid x2, derivative ladders, 3-row response ring)
 OpenCV :  2719832 B (CV_8U pyramid x2 with 31-px border/level, CV_32F eigen map)
 RATIO : 6.23x smaller

--- binCV per-stage, AT THE REAL DUTY CYCLE ---
 detect                          0.139 ms/frame  13.6% (82 detections in 1709 frames = 4.8%)
 track (LK)                      0.698 ms/frame  68.7%
 build (pyrDown + derivatives)    0.180 ms/frame  17.7%
  ... sensor stage               0.085 ms/frame   8.4%
  ... median                     0.052 ms/frame   5.1%
  ... edge                       0.033 ms/frame   3.3%
  ... pyrDown                    0.057 ms/frame   5.7%
  ... derivatives                0.037 ms/frame   3.6%

 sensor stage vs OpenCV's: BIT-EXACT (0 pixels differ over 1709 frames)

--- CRITERION 4: speed against the byte-per-pixel denominator ---
 binCV :    1.016 ms/frame
 OpenCV :    3.730 ms/frame
 RATIO : 3.67x
 NOTE: binCV builds ONE pyramid per frame (the previous frame's is
 swapped in, proven bit-identical under BINCV_PYR_CHECK=1). OpenCV's
 calcOpticalFlowPyrLK rebuilds both of its pyramids per call; the
 redundancy was symmetric, and removing it on binCV's side only is the
 owner's recorded decision, not an oversight in the comparison.
 NOTE: OpenCV threads = 1 (binCV is single-threaded, always), and its
 LK and gftt are SIMD-vectorized.
 binCV has its AVX2 paths here -- the eight-keypoint LK batch,
 the sensor stage's median and edge kernels, and packing --
 so this is SIMD against SIMD, as the aarch64 arm is. What
 measured remains the point: at equal threads binCV LEADS, and the
 x86 deficit reported before it was THREADS, not vector width.
### run 2
binCV SIMD: NEON=NO AVX2=yes popcount=hardware (fast paths active)
LK residual kernel: AVX2, eight keypoints per batch
LK keypoint batch: ON (AVX2, 8 lanes, lane refill)

=== a / pipeline over 1710 frames, 752x480 ===
both pipelines see bit-identical input: median_filter then rl_fast_edge_filter_wide(17)

 ... 200 frames
 ... 400 frames
 ... 600 frames
 ... 800 frames
 ... 1000 frames
 ... 1200 frames
 ... 1400 frames
 ... 1600 frames

--- CRITERION 2: agreement with the reference pipeline ---
 flow vectors compared : 2029 over 1709 frames (82 re-detections)
 flow difference : median 0.0437 px p90 0.1614 p99 22.4941 max 213.8032
 (RMS over all : 7.0313 px -- reported for completeness; the
 comparisons) percentiles above are the honest summary, see
 agreeing within 1 px : 95.6%
 track lifetime median : binCV 11 frames OpenCV 12 frames
 tracks observed : binCV 10279 OpenCV 10108
 per-frame survival : binCV 96.4% OpenCV 96.6%
 detections truncated : 1 of 82 (capacity 20000)

--- CRITERION 3: peak footprint over the pipeline operation set ---
 binCV :   436704 B (1/2/2/2 pyramid x2, derivative ladders, 3-row response ring)
 OpenCV :  2719832 B (CV_8U pyramid x2 with 31-px border/level, CV_32F eigen map)
 RATIO : 6.23x smaller

--- binCV per-stage, AT THE REAL DUTY CYCLE ---
 detect                          0.137 ms/frame  13.2% (82 detections in 1709 frames = 4.8%)
 track (LK)                      0.718 ms/frame  69.5%
 build (pyrDown + derivatives)    0.178 ms/frame  17.3%
  ... sensor stage               0.084 ms/frame   8.1%
  ... median                     0.052 ms/frame   5.0%
  ... edge                       0.032 ms/frame   3.1%
  ... pyrDown                    0.057 ms/frame   5.5%
  ... derivatives                0.037 ms/frame   3.6%

 sensor stage vs OpenCV's: BIT-EXACT (0 pixels differ over 1709 frames)

--- CRITERION 4: speed against the byte-per-pixel denominator ---
 binCV :    1.033 ms/frame
 OpenCV :    3.737 ms/frame
 RATIO : 3.62x
 NOTE: binCV builds ONE pyramid per frame (the previous frame's is
 swapped in, proven bit-identical under BINCV_PYR_CHECK=1). OpenCV's
 calcOpticalFlowPyrLK rebuilds both of its pyramids per call; the
 redundancy was symmetric, and removing it on binCV's side only is the
 owner's recorded decision, not an oversight in the comparison.
 NOTE: OpenCV threads = 1 (binCV is single-threaded, always), and its
 LK and gftt are SIMD-vectorized.
 binCV has its AVX2 paths here -- the eight-keypoint LK batch,
 the sensor stage's median and edge kernels, and packing --
 so this is SIMD against SIMD, as the aarch64 arm is. What
 measured remains the point: at equal threads binCV LEADS, and the
 x86 deficit reported before it was THREADS, not vector width.
### run 3
binCV SIMD: NEON=NO AVX2=yes popcount=hardware (fast paths active)
LK residual kernel: AVX2, eight keypoints per batch
LK keypoint batch: ON (AVX2, 8 lanes, lane refill)

=== a / pipeline over 1710 frames, 752x480 ===
both pipelines see bit-identical input: median_filter then rl_fast_edge_filter_wide(17)

 ... 200 frames
 ... 400 frames
 ... 600 frames
 ... 800 frames
 ... 1000 frames
 ... 1200 frames
 ... 1400 frames
 ... 1600 frames

--- CRITERION 2: agreement with the reference pipeline ---
 flow vectors compared : 2029 over 1709 frames (82 re-detections)
 flow difference : median 0.0437 px p90 0.1614 p99 22.4941 max 213.8032
 (RMS over all : 7.0313 px -- reported for completeness; the
 comparisons) percentiles above are the honest summary, see
 agreeing within 1 px : 95.6%
 track lifetime median : binCV 11 frames OpenCV 12 frames
 tracks observed : binCV 10279 OpenCV 10108
 per-frame survival : binCV 96.4% OpenCV 96.6%
 detections truncated : 1 of 82 (capacity 20000)

--- CRITERION 3: peak footprint over the pipeline operation set ---
 binCV :   436704 B (1/2/2/2 pyramid x2, derivative ladders, 3-row response ring)
 OpenCV :  2719832 B (CV_8U pyramid x2 with 31-px border/level, CV_32F eigen map)
 RATIO : 6.23x smaller

--- binCV per-stage, AT THE REAL DUTY CYCLE ---
 detect                          0.145 ms/frame  13.8% (82 detections in 1709 frames = 4.8%)
 track (LK)                      0.713 ms/frame  67.8%
 build (pyrDown + derivatives)    0.193 ms/frame  18.3%
  ... sensor stage               0.088 ms/frame   8.4%
  ... median                     0.055 ms/frame   5.2%
  ... edge                       0.033 ms/frame   3.1%
  ... pyrDown                    0.064 ms/frame   6.1%
  ... derivatives                0.040 ms/frame   3.8%

 sensor stage vs OpenCV's: BIT-EXACT (0 pixels differ over 1709 frames)

--- CRITERION 4: speed against the byte-per-pixel denominator ---
 binCV :    1.051 ms/frame
 OpenCV :    3.858 ms/frame
 RATIO : 3.67x
 NOTE: binCV builds ONE pyramid per frame (the previous frame's is
 swapped in, proven bit-identical under BINCV_PYR_CHECK=1). OpenCV's
 calcOpticalFlowPyrLK rebuilds both of its pyramids per call; the
 redundancy was symmetric, and removing it on binCV's side only is the
 owner's recorded decision, not an oversight in the comparison.
 NOTE: OpenCV threads = 1 (binCV is single-threaded, always), and its
 LK and gftt are SIMD-vectorized.
 binCV has its AVX2 paths here -- the eight-keypoint LK batch,
 the sensor stage's median and edge kernels, and packing --
 so this is SIMD against SIMD, as the aarch64 arm is. What
 measured remains the point: at equal threads binCV LEADS, and the
 x86 deficit reported before it was THREADS, not vector width.
### run 4
binCV SIMD: NEON=NO AVX2=yes popcount=hardware (fast paths active)
LK residual kernel: AVX2, eight keypoints per batch
LK keypoint batch: ON (AVX2, 8 lanes, lane refill)

=== a / pipeline over 1710 frames, 752x480 ===
both pipelines see bit-identical input: median_filter then rl_fast_edge_filter_wide(17)

 ... 200 frames
 ... 400 frames
 ... 600 frames
 ... 800 frames
 ... 1000 frames
 ... 1200 frames
 ... 1400 frames
 ... 1600 frames

--- CRITERION 2: agreement with the reference pipeline ---
 flow vectors compared : 2029 over 1709 frames (82 re-detections)
 flow difference : median 0.0437 px p90 0.1614 p99 22.4941 max 213.8032
 (RMS over all : 7.0313 px -- reported for completeness; the
 comparisons) percentiles above are the honest summary, see
 agreeing within 1 px : 95.6%
 track lifetime median : binCV 11 frames OpenCV 12 frames
 tracks observed : binCV 10279 OpenCV 10108
 per-frame survival : binCV 96.4% OpenCV 96.6%
 detections truncated : 1 of 82 (capacity 20000)

--- CRITERION 3: peak footprint over the pipeline operation set ---
 binCV :   436704 B (1/2/2/2 pyramid x2, derivative ladders, 3-row response ring)
 OpenCV :  2719832 B (CV_8U pyramid x2 with 31-px border/level, CV_32F eigen map)
 RATIO : 6.23x smaller

--- binCV per-stage, AT THE REAL DUTY CYCLE ---
 detect                          0.137 ms/frame  13.2% (82 detections in 1709 frames = 4.8%)
 track (LK)                      0.720 ms/frame  69.3%
 build (pyrDown + derivatives)    0.182 ms/frame  17.5%
  ... sensor stage               0.086 ms/frame   8.3%
  ... median                     0.054 ms/frame   5.2%
  ... edge                       0.032 ms/frame   3.1%
  ... pyrDown                    0.057 ms/frame   5.5%
  ... derivatives                0.038 ms/frame   3.7%

 sensor stage vs OpenCV's: BIT-EXACT (0 pixels differ over 1709 frames)

--- CRITERION 4: speed against the byte-per-pixel denominator ---
 binCV :    1.039 ms/frame
 OpenCV :    3.821 ms/frame
 RATIO : 3.68x
 NOTE: binCV builds ONE pyramid per frame (the previous frame's is
 swapped in, proven bit-identical under BINCV_PYR_CHECK=1). OpenCV's
 calcOpticalFlowPyrLK rebuilds both of its pyramids per call; the
 redundancy was symmetric, and removing it on binCV's side only is the
 owner's recorded decision, not an oversight in the comparison.
 NOTE: OpenCV threads = 1 (binCV is single-threaded, always), and its
 LK and gftt are SIMD-vectorized.
 binCV has its AVX2 paths here -- the eight-keypoint LK batch,
 the sensor stage's median and edge kernels, and packing --
 so this is SIMD against SIMD, as the aarch64 arm is. What
 measured remains the point: at equal threads binCV LEADS, and the
 x86 deficit reported before it was THREADS, not vector width.
### run 5
binCV SIMD: NEON=NO AVX2=yes popcount=hardware (fast paths active)
LK residual kernel: AVX2, eight keypoints per batch
LK keypoint batch: ON (AVX2, 8 lanes, lane refill)

=== a / pipeline over 1710 frames, 752x480 ===
both pipelines see bit-identical input: median_filter then rl_fast_edge_filter_wide(17)

 ... 200 frames
 ... 400 frames
 ... 600 frames
 ... 800 frames
 ... 1000 frames
 ... 1200 frames
 ... 1400 frames
 ... 1600 frames

--- CRITERION 2: agreement with the reference pipeline ---
 flow vectors compared : 2029 over 1709 frames (82 re-detections)
 flow difference : median 0.0437 px p90 0.1614 p99 22.4941 max 213.8032
 (RMS over all : 7.0313 px -- reported for completeness; the
 comparisons) percentiles above are the honest summary, see
 agreeing within 1 px : 95.6%
 track lifetime median : binCV 11 frames OpenCV 12 frames
 tracks observed : binCV 10279 OpenCV 10108
 per-frame survival : binCV 96.4% OpenCV 96.6%
 detections truncated : 1 of 82 (capacity 20000)

--- CRITERION 3: peak footprint over the pipeline operation set ---
 binCV :   436704 B (1/2/2/2 pyramid x2, derivative ladders, 3-row response ring)
 OpenCV :  2719832 B (CV_8U pyramid x2 with 31-px border/level, CV_32F eigen map)
 RATIO : 6.23x smaller

--- binCV per-stage, AT THE REAL DUTY CYCLE ---
 detect                          0.150 ms/frame  14.5% (82 detections in 1709 frames = 4.8%)
 track (LK)                      0.701 ms/frame  67.8%
 build (pyrDown + derivatives)    0.183 ms/frame  17.7%
  ... sensor stage               0.086 ms/frame   8.3%
  ... median                     0.053 ms/frame   5.1%
  ... edge                       0.032 ms/frame   3.1%
  ... pyrDown                    0.057 ms/frame   5.5%
  ... derivatives                0.040 ms/frame   3.9%

 sensor stage vs OpenCV's: BIT-EXACT (0 pixels differ over 1709 frames)

--- CRITERION 4: speed against the byte-per-pixel denominator ---
 binCV :    1.034 ms/frame
 OpenCV :    3.788 ms/frame
 RATIO : 3.66x
 NOTE: binCV builds ONE pyramid per frame (the previous frame's is
 swapped in, proven bit-identical under BINCV_PYR_CHECK=1). OpenCV's
 calcOpticalFlowPyrLK rebuilds both of its pyramids per call; the
 redundancy was symmetric, and removing it on binCV's side only is the
 owner's recorded decision, not an oversight in the comparison.
 NOTE: OpenCV threads = 1 (binCV is single-threaded, always), and its
 LK and gftt are SIMD-vectorized.
 binCV has its AVX2 paths here -- the eight-keypoint LK batch,
 the sensor stage's median and edge kernels, and packing --
 so this is SIMD against SIMD, as the aarch64 arm is. What
 measured remains the point: at equal threads binCV LEADS, and the
 x86 deficit reported before it was THREADS, not vector width.
### run 6
binCV SIMD: NEON=NO AVX2=yes popcount=hardware (fast paths active)
LK residual kernel: AVX2, eight keypoints per batch
LK keypoint batch: ON (AVX2, 8 lanes, lane refill)

=== a / pipeline over 1710 frames, 752x480 ===
both pipelines see bit-identical input: median_filter then rl_fast_edge_filter_wide(17)

 ... 200 frames
 ... 400 frames
 ... 600 frames
 ... 800 frames
 ... 1000 frames
 ... 1200 frames
 ... 1400 frames
 ... 1600 frames

--- CRITERION 2: agreement with the reference pipeline ---
 flow vectors compared : 2029 over 1709 frames (82 re-detections)
 flow difference : median 0.0437 px p90 0.1614 p99 22.4941 max 213.8032
 (RMS over all : 7.0313 px -- reported for completeness; the
 comparisons) percentiles above are the honest summary, see
 agreeing within 1 px : 95.6%
 track lifetime median : binCV 11 frames OpenCV 12 frames
 tracks observed : binCV 10279 OpenCV 10108
 per-frame survival : binCV 96.4% OpenCV 96.6%
 detections truncated : 1 of 82 (capacity 20000)

--- CRITERION 3: peak footprint over the pipeline operation set ---
 binCV :   436704 B (1/2/2/2 pyramid x2, derivative ladders, 3-row response ring)
 OpenCV :  2719832 B (CV_8U pyramid x2 with 31-px border/level, CV_32F eigen map)
 RATIO : 6.23x smaller

--- binCV per-stage, AT THE REAL DUTY CYCLE ---
 detect                          0.140 ms/frame  13.4% (82 detections in 1709 frames = 4.8%)
 track (LK)                      0.723 ms/frame  69.1%
 build (pyrDown + derivatives)    0.183 ms/frame  17.5%
  ... sensor stage               0.087 ms/frame   8.3%
  ... median                     0.053 ms/frame   5.1%
  ... edge                       0.033 ms/frame   3.1%
  ... pyrDown                    0.058 ms/frame   5.5%
  ... derivatives                0.038 ms/frame   3.6%

 sensor stage vs OpenCV's: BIT-EXACT (0 pixels differ over 1709 frames)

--- CRITERION 4: speed against the byte-per-pixel denominator ---
 binCV :    1.046 ms/frame
 OpenCV :    3.726 ms/frame
 RATIO : 3.56x
 NOTE: binCV builds ONE pyramid per frame (the previous frame's is
 swapped in, proven bit-identical under BINCV_PYR_CHECK=1). OpenCV's
 calcOpticalFlowPyrLK rebuilds both of its pyramids per call; the
 redundancy was symmetric, and removing it on binCV's side only is the
 owner's recorded decision, not an oversight in the comparison.
 NOTE: OpenCV threads = 1 (binCV is single-threaded, always), and its
 LK and gftt are SIMD-vectorized.
 binCV has its AVX2 paths here -- the eight-keypoint LK batch,
 the sensor stage's median and edge kernels, and packing --
 so this is SIMD against SIMD, as the aarch64 arm is. What
 measured remains the point: at equal threads binCV LEADS, and the
 x86 deficit reported before it was THREADS, not vector width.
### run 7
binCV SIMD: NEON=NO AVX2=yes popcount=hardware (fast paths active)
LK residual kernel: AVX2, eight keypoints per batch
LK keypoint batch: ON (AVX2, 8 lanes, lane refill)

=== a / pipeline over 1710 frames, 752x480 ===
both pipelines see bit-identical input: median_filter then rl_fast_edge_filter_wide(17)

 ... 200 frames
 ... 400 frames
 ... 600 frames
 ... 800 frames
 ... 1000 frames
 ... 1200 frames
 ... 1400 frames
 ... 1600 frames

--- CRITERION 2: agreement with the reference pipeline ---
 flow vectors compared : 2029 over 1709 frames (82 re-detections)
 flow difference : median 0.0437 px p90 0.1614 p99 22.4941 max 213.8032
 (RMS over all : 7.0313 px -- reported for completeness; the
 comparisons) percentiles above are the honest summary, see
 agreeing within 1 px : 95.6%
 track lifetime median : binCV 11 frames OpenCV 12 frames
 tracks observed : binCV 10279 OpenCV 10108
 per-frame survival : binCV 96.4% OpenCV 96.6%
 detections truncated : 1 of 82 (capacity 20000)

--- CRITERION 3: peak footprint over the pipeline operation set ---
 binCV :   436704 B (1/2/2/2 pyramid x2, derivative ladders, 3-row response ring)
 OpenCV :  2719832 B (CV_8U pyramid x2 with 31-px border/level, CV_32F eigen map)
 RATIO : 6.23x smaller

--- binCV per-stage, AT THE REAL DUTY CYCLE ---
 detect                          0.139 ms/frame  13.7% (82 detections in 1709 frames = 4.8%)
 track (LK)                      0.699 ms/frame  68.7%
 build (pyrDown + derivatives)    0.179 ms/frame  17.6%
  ... sensor stage               0.085 ms/frame   8.4%
  ... median                     0.052 ms/frame   5.1%
  ... edge                       0.034 ms/frame   3.3%
  ... pyrDown                    0.056 ms/frame   5.5%
  ... derivatives                0.037 ms/frame   3.7%

 sensor stage vs OpenCV's: BIT-EXACT (0 pixels differ over 1709 frames)

--- CRITERION 4: speed against the byte-per-pixel denominator ---
 binCV :    1.018 ms/frame
 OpenCV :    3.710 ms/frame
 RATIO : 3.64x
 NOTE: binCV builds ONE pyramid per frame (the previous frame's is
 swapped in, proven bit-identical under BINCV_PYR_CHECK=1). OpenCV's
 calcOpticalFlowPyrLK rebuilds both of its pyramids per call; the
 redundancy was symmetric, and removing it on binCV's side only is the
 owner's recorded decision, not an oversight in the comparison.
 NOTE: OpenCV threads = 1 (binCV is single-threaded, always), and its
 LK and gftt are SIMD-vectorized.
 binCV has its AVX2 paths here -- the eight-keypoint LK batch,
 the sensor stage's median and edge kernels, and packing --
 so this is SIMD against SIMD, as the aarch64 arm is. What
 measured remains the point: at equal threads binCV LEADS, and the
 x86 deficit reported before it was THREADS, not vector width.
### run 8
binCV SIMD: NEON=NO AVX2=yes popcount=hardware (fast paths active)
LK residual kernel: AVX2, eight keypoints per batch
LK keypoint batch: ON (AVX2, 8 lanes, lane refill)

=== a / pipeline over 1710 frames, 752x480 ===
both pipelines see bit-identical input: median_filter then rl_fast_edge_filter_wide(17)

 ... 200 frames
 ... 400 frames
 ... 600 frames
 ... 800 frames
 ... 1000 frames
 ... 1200 frames
 ... 1400 frames
 ... 1600 frames

--- CRITERION 2: agreement with the reference pipeline ---
 flow vectors compared : 2029 over 1709 frames (82 re-detections)
 flow difference : median 0.0437 px p90 0.1614 p99 22.4941 max 213.8032
 (RMS over all : 7.0313 px -- reported for completeness; the
 comparisons) percentiles above are the honest summary, see
 agreeing within 1 px : 95.6%
 track lifetime median : binCV 11 frames OpenCV 12 frames
 tracks observed : binCV 10279 OpenCV 10108
 per-frame survival : binCV 96.4% OpenCV 96.6%
 detections truncated : 1 of 82 (capacity 20000)

--- CRITERION 3: peak footprint over the pipeline operation set ---
 binCV :   436704 B (1/2/2/2 pyramid x2, derivative ladders, 3-row response ring)
 OpenCV :  2719832 B (CV_8U pyramid x2 with 31-px border/level, CV_32F eigen map)
 RATIO : 6.23x smaller

--- binCV per-stage, AT THE REAL DUTY CYCLE ---
 detect                          0.143 ms/frame  13.9% (82 detections in 1709 frames = 4.8%)
 track (LK)                      0.701 ms/frame  68.5%
 build (pyrDown + derivatives)    0.179 ms/frame  17.5%
  ... sensor stage               0.082 ms/frame   8.0%
  ... median                     0.051 ms/frame   4.9%
  ... edge                       0.031 ms/frame   3.1%
  ... pyrDown                    0.056 ms/frame   5.5%
  ... derivatives                0.040 ms/frame   3.9%

 sensor stage vs OpenCV's: BIT-EXACT (0 pixels differ over 1709 frames)

--- CRITERION 4: speed against the byte-per-pixel denominator ---
 binCV :    1.023 ms/frame
 OpenCV :    3.682 ms/frame
 RATIO : 3.60x
 NOTE: binCV builds ONE pyramid per frame (the previous frame's is
 swapped in, proven bit-identical under BINCV_PYR_CHECK=1). OpenCV's
 calcOpticalFlowPyrLK rebuilds both of its pyramids per call; the
 redundancy was symmetric, and removing it on binCV's side only is the
 owner's recorded decision, not an oversight in the comparison.
 NOTE: OpenCV threads = 1 (binCV is single-threaded, always), and its
 LK and gftt are SIMD-vectorized.
 binCV has its AVX2 paths here -- the eight-keypoint LK batch,
 the sensor stage's median and edge kernels, and packing --
 so this is SIMD against SIMD, as the aarch64 arm is. What
 measured remains the point: at equal threads binCV LEADS, and the
 x86 deficit reported before it was THREADS, not vector width.
### run 9
binCV SIMD: NEON=NO AVX2=yes popcount=hardware (fast paths active)
LK residual kernel: AVX2, eight keypoints per batch
LK keypoint batch: ON (AVX2, 8 lanes, lane refill)

=== a / pipeline over 1710 frames, 752x480 ===
both pipelines see bit-identical input: median_filter then rl_fast_edge_filter_wide(17)

 ... 200 frames
 ... 400 frames
 ... 600 frames
 ... 800 frames
 ... 1000 frames
 ... 1200 frames
 ... 1400 frames
 ... 1600 frames

--- CRITERION 2: agreement with the reference pipeline ---
 flow vectors compared : 2029 over 1709 frames (82 re-detections)
 flow difference : median 0.0437 px p90 0.1614 p99 22.4941 max 213.8032
 (RMS over all : 7.0313 px -- reported for completeness; the
 comparisons) percentiles above are the honest summary, see
 agreeing within 1 px : 95.6%
 track lifetime median : binCV 11 frames OpenCV 12 frames
 tracks observed : binCV 10279 OpenCV 10108
 per-frame survival : binCV 96.4% OpenCV 96.6%
 detections truncated : 1 of 82 (capacity 20000)

--- CRITERION 3: peak footprint over the pipeline operation set ---
 binCV :   436704 B (1/2/2/2 pyramid x2, derivative ladders, 3-row response ring)
 OpenCV :  2719832 B (CV_8U pyramid x2 with 31-px border/level, CV_32F eigen map)
 RATIO : 6.23x smaller

--- binCV per-stage, AT THE REAL DUTY CYCLE ---
 detect                          0.138 ms/frame  13.2% (82 detections in 1709 frames = 4.8%)
 track (LK)                      0.717 ms/frame  69.0%
 build (pyrDown + derivatives)    0.185 ms/frame  17.8%
  ... sensor stage               0.089 ms/frame   8.6%
  ... median                     0.056 ms/frame   5.3%
  ... edge                       0.033 ms/frame   3.2%
  ... pyrDown                    0.058 ms/frame   5.5%
  ... derivatives                0.038 ms/frame   3.7%

 sensor stage vs OpenCV's: BIT-EXACT (0 pixels differ over 1709 frames)

--- CRITERION 4: speed against the byte-per-pixel denominator ---
 binCV :    1.039 ms/frame
 OpenCV :    3.717 ms/frame
 RATIO : 3.58x
 NOTE: binCV builds ONE pyramid per frame (the previous frame's is
 swapped in, proven bit-identical under BINCV_PYR_CHECK=1). OpenCV's
 calcOpticalFlowPyrLK rebuilds both of its pyramids per call; the
 redundancy was symmetric, and removing it on binCV's side only is the
 owner's recorded decision, not an oversight in the comparison.
 NOTE: OpenCV threads = 1 (binCV is single-threaded, always), and its
 LK and gftt are SIMD-vectorized.
 binCV has its AVX2 paths here -- the eight-keypoint LK batch,
 the sensor stage's median and edge kernels, and packing --
 so this is SIMD against SIMD, as the aarch64 arm is. What
 measured remains the point: at equal threads binCV LEADS, and the
 x86 deficit reported before it was THREADS, not vector width.
### run 10
binCV SIMD: NEON=NO AVX2=yes popcount=hardware (fast paths active)
LK residual kernel: AVX2, eight keypoints per batch
LK keypoint batch: ON (AVX2, 8 lanes, lane refill)

=== a / pipeline over 1710 frames, 752x480 ===
both pipelines see bit-identical input: median_filter then rl_fast_edge_filter_wide(17)

 ... 200 frames
 ... 400 frames
 ... 600 frames
 ... 800 frames
 ... 1000 frames
 ... 1200 frames
 ... 1400 frames
 ... 1600 frames

--- CRITERION 2: agreement with the reference pipeline ---
 flow vectors compared : 2029 over 1709 frames (82 re-detections)
 flow difference : median 0.0437 px p90 0.1614 p99 22.4941 max 213.8032
 (RMS over all : 7.0313 px -- reported for completeness; the
 comparisons) percentiles above are the honest summary, see
 agreeing within 1 px : 95.6%
 track lifetime median : binCV 11 frames OpenCV 12 frames
 tracks observed : binCV 10279 OpenCV 10108
 per-frame survival : binCV 96.4% OpenCV 96.6%
 detections truncated : 1 of 82 (capacity 20000)

--- CRITERION 3: peak footprint over the pipeline operation set ---
 binCV :   436704 B (1/2/2/2 pyramid x2, derivative ladders, 3-row response ring)
 OpenCV :  2719832 B (CV_8U pyramid x2 with 31-px border/level, CV_32F eigen map)
 RATIO : 6.23x smaller

--- binCV per-stage, AT THE REAL DUTY CYCLE ---
 detect                          0.141 ms/frame  13.9% (82 detections in 1709 frames = 4.8%)
 track (LK)                      0.699 ms/frame  68.6%
 build (pyrDown + derivatives)    0.178 ms/frame  17.5%
  ... sensor stage               0.085 ms/frame   8.3%
  ... median                     0.052 ms/frame   5.1%
  ... edge                       0.032 ms/frame   3.2%
  ... pyrDown                    0.057 ms/frame   5.6%
  ... derivatives                0.036 ms/frame   3.5%

 sensor stage vs OpenCV's: BIT-EXACT (0 pixels differ over 1709 frames)

--- CRITERION 4: speed against the byte-per-pixel denominator ---
 binCV :    1.018 ms/frame
 OpenCV :    3.711 ms/frame
 RATIO : 3.64x
 NOTE: binCV builds ONE pyramid per frame (the previous frame's is
 swapped in, proven bit-identical under BINCV_PYR_CHECK=1). OpenCV's
 calcOpticalFlowPyrLK rebuilds both of its pyramids per call; the
 redundancy was symmetric, and removing it on binCV's side only is the
 owner's recorded decision, not an oversight in the comparison.
 NOTE: OpenCV threads = 1 (binCV is single-threaded, always), and its
 LK and gftt are SIMD-vectorized.
 binCV has its AVX2 paths here -- the eight-keypoint LK batch,
 the sensor stage's median and edge kernels, and packing --
 so this is SIMD against SIMD, as the aarch64 arm is. What
 measured remains the point: at equal threads binCV LEADS, and the
 x86 deficit reported before it was THREADS, not vector width.
### run 11
binCV SIMD: NEON=NO AVX2=yes popcount=hardware (fast paths active)
LK residual kernel: AVX2, eight keypoints per batch
LK keypoint batch: ON (AVX2, 8 lanes, lane refill)

=== a / pipeline over 1710 frames, 752x480 ===
both pipelines see bit-identical input: median_filter then rl_fast_edge_filter_wide(17)

 ... 200 frames
 ... 400 frames
 ... 600 frames
 ... 800 frames
 ... 1000 frames
 ... 1200 frames
 ... 1400 frames
 ... 1600 frames

--- CRITERION 2: agreement with the reference pipeline ---
 flow vectors compared : 2029 over 1709 frames (82 re-detections)
 flow difference : median 0.0437 px p90 0.1614 p99 22.4941 max 213.8032
 (RMS over all : 7.0313 px -- reported for completeness; the
 comparisons) percentiles above are the honest summary, see
 agreeing within 1 px : 95.6%
 track lifetime median : binCV 11 frames OpenCV 12 frames
 tracks observed : binCV 10279 OpenCV 10108
 per-frame survival : binCV 96.4% OpenCV 96.6%
 detections truncated : 1 of 82 (capacity 20000)

--- CRITERION 3: peak footprint over the pipeline operation set ---
 binCV :   436704 B (1/2/2/2 pyramid x2, derivative ladders, 3-row response ring)
 OpenCV :  2719832 B (CV_8U pyramid x2 with 31-px border/level, CV_32F eigen map)
 RATIO : 6.23x smaller

--- binCV per-stage, AT THE REAL DUTY CYCLE ---
 detect                          0.141 ms/frame  13.8% (82 detections in 1709 frames = 4.8%)
 track (LK)                      0.698 ms/frame  68.2%
 build (pyrDown + derivatives)    0.185 ms/frame  18.1%
  ... sensor stage               0.088 ms/frame   8.6%
  ... median                     0.054 ms/frame   5.3%
  ... edge                       0.034 ms/frame   3.3%
  ... pyrDown                    0.058 ms/frame   5.7%
  ... derivatives                0.038 ms/frame   3.8%

 sensor stage vs OpenCV's: BIT-EXACT (0 pixels differ over 1709 frames)

--- CRITERION 4: speed against the byte-per-pixel denominator ---
 binCV :    1.024 ms/frame
 OpenCV :    3.759 ms/frame
 RATIO : 3.67x
 NOTE: binCV builds ONE pyramid per frame (the previous frame's is
 swapped in, proven bit-identical under BINCV_PYR_CHECK=1). OpenCV's
 calcOpticalFlowPyrLK rebuilds both of its pyramids per call; the
 redundancy was symmetric, and removing it on binCV's side only is the
 owner's recorded decision, not an oversight in the comparison.
 NOTE: OpenCV threads = 1 (binCV is single-threaded, always), and its
 LK and gftt are SIMD-vectorized.
 binCV has its AVX2 paths here -- the eight-keypoint LK batch,
 the sensor stage's median and edge kernels, and packing --
 so this is SIMD against SIMD, as the aarch64 arm is. What
 measured remains the point: at equal threads binCV LEADS, and the
 x86 deficit reported before it was THREADS, not vector width.
### run 12
binCV SIMD: NEON=NO AVX2=yes popcount=hardware (fast paths active)
LK residual kernel: AVX2, eight keypoints per batch
LK keypoint batch: ON (AVX2, 8 lanes, lane refill)

=== a / pipeline over 1710 frames, 752x480 ===
both pipelines see bit-identical input: median_filter then rl_fast_edge_filter_wide(17)

 ... 200 frames
 ... 400 frames
 ... 600 frames
 ... 800 frames
 ... 1000 frames
 ... 1200 frames
 ... 1400 frames
 ... 1600 frames

--- CRITERION 2: agreement with the reference pipeline ---
 flow vectors compared : 2029 over 1709 frames (82 re-detections)
 flow difference : median 0.0437 px p90 0.1614 p99 22.4941 max 213.8032
 (RMS over all : 7.0313 px -- reported for completeness; the
 comparisons) percentiles above are the honest summary, see
 agreeing within 1 px : 95.6%
 track lifetime median : binCV 11 frames OpenCV 12 frames
 tracks observed : binCV 10279 OpenCV 10108
 per-frame survival : binCV 96.4% OpenCV 96.6%
 detections truncated : 1 of 82 (capacity 20000)

--- CRITERION 3: peak footprint over the pipeline operation set ---
 binCV :   436704 B (1/2/2/2 pyramid x2, derivative ladders, 3-row response ring)
 OpenCV :  2719832 B (CV_8U pyramid x2 with 31-px border/level, CV_32F eigen map)
 RATIO : 6.23x smaller

--- binCV per-stage, AT THE REAL DUTY CYCLE ---
 detect                          0.135 ms/frame  13.7% (82 detections in 1709 frames = 4.8%)
 track (LK)                      0.679 ms/frame  68.5%
 build (pyrDown + derivatives)    0.177 ms/frame  17.9%
  ... sensor stage               0.083 ms/frame   8.4%
  ... median                     0.052 ms/frame   5.2%
  ... edge                       0.032 ms/frame   3.2%
  ... pyrDown                    0.056 ms/frame   5.7%
  ... derivatives                0.037 ms/frame   3.7%

 sensor stage vs OpenCV's: BIT-EXACT (0 pixels differ over 1709 frames)

--- CRITERION 4: speed against the byte-per-pixel denominator ---
 binCV :    0.991 ms/frame
 OpenCV :    3.717 ms/frame
 RATIO : 3.75x
 NOTE: binCV builds ONE pyramid per frame (the previous frame's is
 swapped in, proven bit-identical under BINCV_PYR_CHECK=1). OpenCV's
 calcOpticalFlowPyrLK rebuilds both of its pyramids per call; the
 redundancy was symmetric, and removing it on binCV's side only is the
 owner's recorded decision, not an oversight in the comparison.
 NOTE: OpenCV threads = 1 (binCV is single-threaded, always), and its
 LK and gftt are SIMD-vectorized.
 binCV has its AVX2 paths here -- the eight-keypoint LK batch,
 the sensor stage's median and edge kernels, and packing --
 so this is SIMD against SIMD, as the aarch64 arm is. What
 measured remains the point: at equal threads binCV LEADS, and the
 x86 deficit reported before it was THREADS, not vector width.
### run 13
binCV SIMD: NEON=NO AVX2=yes popcount=hardware (fast paths active)
LK residual kernel: AVX2, eight keypoints per batch
LK keypoint batch: ON (AVX2, 8 lanes, lane refill)

=== a / pipeline over 1710 frames, 752x480 ===
both pipelines see bit-identical input: median_filter then rl_fast_edge_filter_wide(17)

 ... 200 frames
 ... 400 frames
 ... 600 frames
 ... 800 frames
 ... 1000 frames
 ... 1200 frames
 ... 1400 frames
 ... 1600 frames

--- CRITERION 2: agreement with the reference pipeline ---
 flow vectors compared : 2029 over 1709 frames (82 re-detections)
 flow difference : median 0.0437 px p90 0.1614 p99 22.4941 max 213.8032
 (RMS over all : 7.0313 px -- reported for completeness; the
 comparisons) percentiles above are the honest summary, see
 agreeing within 1 px : 95.6%
 track lifetime median : binCV 11 frames OpenCV 12 frames
 tracks observed : binCV 10279 OpenCV 10108
 per-frame survival : binCV 96.4% OpenCV 96.6%
 detections truncated : 1 of 82 (capacity 20000)

--- CRITERION 3: peak footprint over the pipeline operation set ---
 binCV :   436704 B (1/2/2/2 pyramid x2, derivative ladders, 3-row response ring)
 OpenCV :  2719832 B (CV_8U pyramid x2 with 31-px border/level, CV_32F eigen map)
 RATIO : 6.23x smaller

--- binCV per-stage, AT THE REAL DUTY CYCLE ---
 detect                          0.137 ms/frame  13.2% (82 detections in 1709 frames = 4.8%)
 track (LK)                      0.718 ms/frame  69.6%
 build (pyrDown + derivatives)    0.177 ms/frame  17.2%
  ... sensor stage               0.084 ms/frame   8.1%
  ... median                     0.052 ms/frame   5.0%
  ... edge                       0.032 ms/frame   3.1%
  ... pyrDown                    0.056 ms/frame   5.4%
  ... derivatives                0.037 ms/frame   3.6%

 sensor stage vs OpenCV's: BIT-EXACT (0 pixels differ over 1709 frames)

--- CRITERION 4: speed against the byte-per-pixel denominator ---
 binCV :    1.032 ms/frame
 OpenCV :    3.749 ms/frame
 RATIO : 3.63x
 NOTE: binCV builds ONE pyramid per frame (the previous frame's is
 swapped in, proven bit-identical under BINCV_PYR_CHECK=1). OpenCV's
 calcOpticalFlowPyrLK rebuilds both of its pyramids per call; the
 redundancy was symmetric, and removing it on binCV's side only is the
 owner's recorded decision, not an oversight in the comparison.
 NOTE: OpenCV threads = 1 (binCV is single-threaded, always), and its
 LK and gftt are SIMD-vectorized.
 binCV has its AVX2 paths here -- the eight-keypoint LK batch,
 the sensor stage's median and edge kernels, and packing --
 so this is SIMD against SIMD, as the aarch64 arm is. What
 measured remains the point: at equal threads binCV LEADS, and the
 x86 deficit reported before it was THREADS, not vector width.
### run 14
binCV SIMD: NEON=NO AVX2=yes popcount=hardware (fast paths active)
LK residual kernel: AVX2, eight keypoints per batch
LK keypoint batch: ON (AVX2, 8 lanes, lane refill)

=== a / pipeline over 1710 frames, 752x480 ===
both pipelines see bit-identical input: median_filter then rl_fast_edge_filter_wide(17)

 ... 200 frames
 ... 400 frames
 ... 600 frames
 ... 800 frames
 ... 1000 frames
 ... 1200 frames
 ... 1400 frames
 ... 1600 frames

--- CRITERION 2: agreement with the reference pipeline ---
 flow vectors compared : 2029 over 1709 frames (82 re-detections)
 flow difference : median 0.0437 px p90 0.1614 p99 22.4941 max 213.8032
 (RMS over all : 7.0313 px -- reported for completeness; the
 comparisons) percentiles above are the honest summary, see
 agreeing within 1 px : 95.6%
 track lifetime median : binCV 11 frames OpenCV 12 frames
 tracks observed : binCV 10279 OpenCV 10108
 per-frame survival : binCV 96.4% OpenCV 96.6%
 detections truncated : 1 of 82 (capacity 20000)

--- CRITERION 3: peak footprint over the pipeline operation set ---
 binCV :   436704 B (1/2/2/2 pyramid x2, derivative ladders, 3-row response ring)
 OpenCV :  2719832 B (CV_8U pyramid x2 with 31-px border/level, CV_32F eigen map)
 RATIO : 6.23x smaller

--- binCV per-stage, AT THE REAL DUTY CYCLE ---
 detect                          0.138 ms/frame  13.5% (82 detections in 1709 frames = 4.8%)
 track (LK)                      0.706 ms/frame  68.9%
 build (pyrDown + derivatives)    0.180 ms/frame  17.6%
  ... sensor stage               0.085 ms/frame   8.3%
  ... median                     0.052 ms/frame   5.1%
  ... edge                       0.032 ms/frame   3.1%
  ... pyrDown                    0.057 ms/frame   5.6%
  ... derivatives                0.038 ms/frame   3.7%

 sensor stage vs OpenCV's: BIT-EXACT (0 pixels differ over 1709 frames)

--- CRITERION 4: speed against the byte-per-pixel denominator ---
 binCV :    1.025 ms/frame
 OpenCV :    3.691 ms/frame
 RATIO : 3.60x
 NOTE: binCV builds ONE pyramid per frame (the previous frame's is
 swapped in, proven bit-identical under BINCV_PYR_CHECK=1). OpenCV's
 calcOpticalFlowPyrLK rebuilds both of its pyramids per call; the
 redundancy was symmetric, and removing it on binCV's side only is the
 owner's recorded decision, not an oversight in the comparison.
 NOTE: OpenCV threads = 1 (binCV is single-threaded, always), and its
 LK and gftt are SIMD-vectorized.
 binCV has its AVX2 paths here -- the eight-keypoint LK batch,
 the sensor stage's median and edge kernels, and packing --
 so this is SIMD against SIMD, as the aarch64 arm is. What
 measured remains the point: at equal threads binCV LEADS, and the
 x86 deficit reported before it was THREADS, not vector width.
### run 15
binCV SIMD: NEON=NO AVX2=yes popcount=hardware (fast paths active)
LK residual kernel: AVX2, eight keypoints per batch
LK keypoint batch: ON (AVX2, 8 lanes, lane refill)

=== a / pipeline over 1710 frames, 752x480 ===
both pipelines see bit-identical input: median_filter then rl_fast_edge_filter_wide(17)

 ... 200 frames
 ... 400 frames
 ... 600 frames
 ... 800 frames
 ... 1000 frames
 ... 1200 frames
 ... 1400 frames
 ... 1600 frames

--- CRITERION 2: agreement with the reference pipeline ---
 flow vectors compared : 2029 over 1709 frames (82 re-detections)
 flow difference : median 0.0437 px p90 0.1614 p99 22.4941 max 213.8032
 (RMS over all : 7.0313 px -- reported for completeness; the
 comparisons) percentiles above are the honest summary, see
 agreeing within 1 px : 95.6%
 track lifetime median : binCV 11 frames OpenCV 12 frames
 tracks observed : binCV 10279 OpenCV 10108
 per-frame survival : binCV 96.4% OpenCV 96.6%
 detections truncated : 1 of 82 (capacity 20000)

--- CRITERION 3: peak footprint over the pipeline operation set ---
 binCV :   436704 B (1/2/2/2 pyramid x2, derivative ladders, 3-row response ring)
 OpenCV :  2719832 B (CV_8U pyramid x2 with 31-px border/level, CV_32F eigen map)
 RATIO : 6.23x smaller

--- binCV per-stage, AT THE REAL DUTY CYCLE ---
 detect                          0.138 ms/frame  13.5% (82 detections in 1709 frames = 4.8%)
 track (LK)                      0.705 ms/frame  68.9%
 build (pyrDown + derivatives)    0.179 ms/frame  17.5%
  ... sensor stage               0.084 ms/frame   8.2%
  ... median                     0.052 ms/frame   5.1%
  ... edge                       0.032 ms/frame   3.1%
  ... pyrDown                    0.058 ms/frame   5.6%
  ... derivatives                0.037 ms/frame   3.6%

 sensor stage vs OpenCV's: BIT-EXACT (0 pixels differ over 1709 frames)

--- CRITERION 4: speed against the byte-per-pixel denominator ---
 binCV :    1.022 ms/frame
 OpenCV :    3.722 ms/frame
 RATIO : 3.64x
 NOTE: binCV builds ONE pyramid per frame (the previous frame's is
 swapped in, proven bit-identical under BINCV_PYR_CHECK=1). OpenCV's
 calcOpticalFlowPyrLK rebuilds both of its pyramids per call; the
 redundancy was symmetric, and removing it on binCV's side only is the
 owner's recorded decision, not an oversight in the comparison.
 NOTE: OpenCV threads = 1 (binCV is single-threaded, always), and its
 LK and gftt are SIMD-vectorized.
 binCV has its AVX2 paths here -- the eight-keypoint LK batch,
 the sensor stage's median and edge kernels, and packing --
 so this is SIMD against SIMD, as the aarch64 arm is. What
 measured remains the point: at equal threads binCV LEADS, and the
 x86 deficit reported before it was THREADS, not vector width.
### run 16
binCV SIMD: NEON=NO AVX2=yes popcount=hardware (fast paths active)
LK residual kernel: AVX2, eight keypoints per batch
LK keypoint batch: ON (AVX2, 8 lanes, lane refill)

=== a / pipeline over 1710 frames, 752x480 ===
both pipelines see bit-identical input: median_filter then rl_fast_edge_filter_wide(17)

 ... 200 frames
 ... 400 frames
 ... 600 frames
 ... 800 frames
 ... 1000 frames
 ... 1200 frames
 ... 1400 frames
 ... 1600 frames

--- CRITERION 2: agreement with the reference pipeline ---
 flow vectors compared : 2029 over 1709 frames (82 re-detections)
 flow difference : median 0.0437 px p90 0.1614 p99 22.4941 max 213.8032
 (RMS over all : 7.0313 px -- reported for completeness; the
 comparisons) percentiles above are the honest summary, see
 agreeing within 1 px : 95.6%
 track lifetime median : binCV 11 frames OpenCV 12 frames
 tracks observed : binCV 10279 OpenCV 10108
 per-frame survival : binCV 96.4% OpenCV 96.6%
 detections truncated : 1 of 82 (capacity 20000)

--- CRITERION 3: peak footprint over the pipeline operation set ---
 binCV :   436704 B (1/2/2/2 pyramid x2, derivative ladders, 3-row response ring)
 OpenCV :  2719832 B (CV_8U pyramid x2 with 31-px border/level, CV_32F eigen map)
 RATIO : 6.23x smaller

--- binCV per-stage, AT THE REAL DUTY CYCLE ---
 detect                          0.139 ms/frame  13.4% (82 detections in 1709 frames = 4.8%)
 track (LK)                      0.709 ms/frame  68.6%
 build (pyrDown + derivatives)    0.185 ms/frame  17.9%
  ... sensor stage               0.089 ms/frame   8.6%
  ... median                     0.055 ms/frame   5.3%
  ... edge                       0.033 ms/frame   3.2%
  ... pyrDown                    0.058 ms/frame   5.6%
  ... derivatives                0.039 ms/frame   3.7%

 sensor stage vs OpenCV's: BIT-EXACT (0 pixels differ over 1709 frames)

--- CRITERION 4: speed against the byte-per-pixel denominator ---
 binCV :    1.033 ms/frame
 OpenCV :    3.718 ms/frame
 RATIO : 3.60x
 NOTE: binCV builds ONE pyramid per frame (the previous frame's is
 swapped in, proven bit-identical under BINCV_PYR_CHECK=1). OpenCV's
 calcOpticalFlowPyrLK rebuilds both of its pyramids per call; the
 redundancy was symmetric, and removing it on binCV's side only is the
 owner's recorded decision, not an oversight in the comparison.
 NOTE: OpenCV threads = 1 (binCV is single-threaded, always), and its
 LK and gftt are SIMD-vectorized.
 binCV has its AVX2 paths here -- the eight-keypoint LK batch,
 the sensor stage's median and edge kernels, and packing --
 so this is SIMD against SIMD, as the aarch64 arm is. What
 measured remains the point: at equal threads binCV LEADS, and the
 x86 deficit reported before it was THREADS, not vector width.
### run 17
binCV SIMD: NEON=NO AVX2=yes popcount=hardware (fast paths active)
LK residual kernel: AVX2, eight keypoints per batch
LK keypoint batch: ON (AVX2, 8 lanes, lane refill)

=== a / pipeline over 1710 frames, 752x480 ===
both pipelines see bit-identical input: median_filter then rl_fast_edge_filter_wide(17)

 ... 200 frames
 ... 400 frames
 ... 600 frames
 ... 800 frames
 ... 1000 frames
 ... 1200 frames
 ... 1400 frames
 ... 1600 frames

--- CRITERION 2: agreement with the reference pipeline ---
 flow vectors compared : 2029 over 1709 frames (82 re-detections)
 flow difference : median 0.0437 px p90 0.1614 p99 22.4941 max 213.8032
 (RMS over all : 7.0313 px -- reported for completeness; the
 comparisons) percentiles above are the honest summary, see
 agreeing within 1 px : 95.6%
 track lifetime median : binCV 11 frames OpenCV 12 frames
 tracks observed : binCV 10279 OpenCV 10108
 per-frame survival : binCV 96.4% OpenCV 96.6%
 detections truncated : 1 of 82 (capacity 20000)

--- CRITERION 3: peak footprint over the pipeline operation set ---
 binCV :   436704 B (1/2/2/2 pyramid x2, derivative ladders, 3-row response ring)
 OpenCV :  2719832 B (CV_8U pyramid x2 with 31-px border/level, CV_32F eigen map)
 RATIO : 6.23x smaller

--- binCV per-stage, AT THE REAL DUTY CYCLE ---
 detect                          0.135 ms/frame  13.5% (82 detections in 1709 frames = 4.8%)
 track (LK)                      0.683 ms/frame  68.5%
 build (pyrDown + derivatives)    0.180 ms/frame  18.0%
  ... sensor stage               0.083 ms/frame   8.3%
  ... median                     0.051 ms/frame   5.1%
  ... edge                       0.031 ms/frame   3.2%
  ... pyrDown                    0.058 ms/frame   5.8%
  ... derivatives                0.038 ms/frame   3.8%

 sensor stage vs OpenCV's: BIT-EXACT (0 pixels differ over 1709 frames)

--- CRITERION 4: speed against the byte-per-pixel denominator ---
 binCV :    0.998 ms/frame
 OpenCV :    3.687 ms/frame
 RATIO : 3.69x
 NOTE: binCV builds ONE pyramid per frame (the previous frame's is
 swapped in, proven bit-identical under BINCV_PYR_CHECK=1). OpenCV's
 calcOpticalFlowPyrLK rebuilds both of its pyramids per call; the
 redundancy was symmetric, and removing it on binCV's side only is the
 owner's recorded decision, not an oversight in the comparison.
 NOTE: OpenCV threads = 1 (binCV is single-threaded, always), and its
 LK and gftt are SIMD-vectorized.
 binCV has its AVX2 paths here -- the eight-keypoint LK batch,
 the sensor stage's median and edge kernels, and packing --
 so this is SIMD against SIMD, as the aarch64 arm is. What
 measured remains the point: at equal threads binCV LEADS, and the
 x86 deficit reported before it was THREADS, not vector width.
### run 18
binCV SIMD: NEON=NO AVX2=yes popcount=hardware (fast paths active)
LK residual kernel: AVX2, eight keypoints per batch
LK keypoint batch: ON (AVX2, 8 lanes, lane refill)

=== a / pipeline over 1710 frames, 752x480 ===
both pipelines see bit-identical input: median_filter then rl_fast_edge_filter_wide(17)

 ... 200 frames
 ... 400 frames
 ... 600 frames
 ... 800 frames
 ... 1000 frames
 ... 1200 frames
 ... 1400 frames
 ... 1600 frames

--- CRITERION 2: agreement with the reference pipeline ---
 flow vectors compared : 2029 over 1709 frames (82 re-detections)
 flow difference : median 0.0437 px p90 0.1614 p99 22.4941 max 213.8032
 (RMS over all : 7.0313 px -- reported for completeness; the
 comparisons) percentiles above are the honest summary, see
 agreeing within 1 px : 95.6%
 track lifetime median : binCV 11 frames OpenCV 12 frames
 tracks observed : binCV 10279 OpenCV 10108
 per-frame survival : binCV 96.4% OpenCV 96.6%
 detections truncated : 1 of 82 (capacity 20000)

--- CRITERION 3: peak footprint over the pipeline operation set ---
 binCV :   436704 B (1/2/2/2 pyramid x2, derivative ladders, 3-row response ring)
 OpenCV :  2719832 B (CV_8U pyramid x2 with 31-px border/level, CV_32F eigen map)
 RATIO : 6.23x smaller

--- binCV per-stage, AT THE REAL DUTY CYCLE ---
 detect                          0.144 ms/frame  13.8% (82 detections in 1709 frames = 4.8%)
 track (LK)                      0.717 ms/frame  68.7%
 build (pyrDown + derivatives)    0.183 ms/frame  17.5%
  ... sensor stage               0.087 ms/frame   8.3%
  ... median                     0.053 ms/frame   5.1%
  ... edge                       0.033 ms/frame   3.2%
  ... pyrDown                    0.057 ms/frame   5.4%
  ... derivatives                0.039 ms/frame   3.7%

 sensor stage vs OpenCV's: BIT-EXACT (0 pixels differ over 1709 frames)

--- CRITERION 4: speed against the byte-per-pixel denominator ---
 binCV :    1.044 ms/frame
 OpenCV :    3.700 ms/frame
 RATIO : 3.54x
 NOTE: binCV builds ONE pyramid per frame (the previous frame's is
 swapped in, proven bit-identical under BINCV_PYR_CHECK=1). OpenCV's
 calcOpticalFlowPyrLK rebuilds both of its pyramids per call; the
 redundancy was symmetric, and removing it on binCV's side only is the
 owner's recorded decision, not an oversight in the comparison.
 NOTE: OpenCV threads = 1 (binCV is single-threaded, always), and its
 LK and gftt are SIMD-vectorized.
 binCV has its AVX2 paths here -- the eight-keypoint LK batch,
 the sensor stage's median and edge kernels, and packing --
 so this is SIMD against SIMD, as the aarch64 arm is. What
 measured remains the point: at equal threads binCV LEADS, and the
 x86 deficit reported before it was THREADS, not vector width.
### run 19
binCV SIMD: NEON=NO AVX2=yes popcount=hardware (fast paths active)
LK residual kernel: AVX2, eight keypoints per batch
LK keypoint batch: ON (AVX2, 8 lanes, lane refill)

=== a / pipeline over 1710 frames, 752x480 ===
both pipelines see bit-identical input: median_filter then rl_fast_edge_filter_wide(17)

 ... 200 frames
 ... 400 frames
 ... 600 frames
 ... 800 frames
 ... 1000 frames
 ... 1200 frames
 ... 1400 frames
 ... 1600 frames

--- CRITERION 2: agreement with the reference pipeline ---
 flow vectors compared : 2029 over 1709 frames (82 re-detections)
 flow difference : median 0.0437 px p90 0.1614 p99 22.4941 max 213.8032
 (RMS over all : 7.0313 px -- reported for completeness; the
 comparisons) percentiles above are the honest summary, see
 agreeing within 1 px : 95.6%
 track lifetime median : binCV 11 frames OpenCV 12 frames
 tracks observed : binCV 10279 OpenCV 10108
 per-frame survival : binCV 96.4% OpenCV 96.6%
 detections truncated : 1 of 82 (capacity 20000)

--- CRITERION 3: peak footprint over the pipeline operation set ---
 binCV :   436704 B (1/2/2/2 pyramid x2, derivative ladders, 3-row response ring)
 OpenCV :  2719832 B (CV_8U pyramid x2 with 31-px border/level, CV_32F eigen map)
 RATIO : 6.23x smaller

--- binCV per-stage, AT THE REAL DUTY CYCLE ---
 detect                          0.141 ms/frame  13.7% (82 detections in 1709 frames = 4.8%)
 track (LK)                      0.704 ms/frame  68.4%
 build (pyrDown + derivatives)    0.185 ms/frame  17.9%
  ... sensor stage               0.087 ms/frame   8.4%
  ... median                     0.055 ms/frame   5.3%
  ... edge                       0.032 ms/frame   3.1%
  ... pyrDown                    0.061 ms/frame   5.9%
  ... derivatives                0.037 ms/frame   3.6%

 sensor stage vs OpenCV's: BIT-EXACT (0 pixels differ over 1709 frames)

--- CRITERION 4: speed against the byte-per-pixel denominator ---
 binCV :    1.031 ms/frame
 OpenCV :    3.730 ms/frame
 RATIO : 3.62x
 NOTE: binCV builds ONE pyramid per frame (the previous frame's is
 swapped in, proven bit-identical under BINCV_PYR_CHECK=1). OpenCV's
 calcOpticalFlowPyrLK rebuilds both of its pyramids per call; the
 redundancy was symmetric, and removing it on binCV's side only is the
 owner's recorded decision, not an oversight in the comparison.
 NOTE: OpenCV threads = 1 (binCV is single-threaded, always), and its
 LK and gftt are SIMD-vectorized.
 binCV has its AVX2 paths here -- the eight-keypoint LK batch,
 the sensor stage's median and edge kernels, and packing --
 so this is SIMD against SIMD, as the aarch64 arm is. What
 measured remains the point: at equal threads binCV LEADS, and the
 x86 deficit reported before it was THREADS, not vector width.
### run 20
binCV SIMD: NEON=NO AVX2=yes popcount=hardware (fast paths active)
LK residual kernel: AVX2, eight keypoints per batch
LK keypoint batch: ON (AVX2, 8 lanes, lane refill)

=== a / pipeline over 1710 frames, 752x480 ===
both pipelines see bit-identical input: median_filter then rl_fast_edge_filter_wide(17)

 ... 200 frames
 ... 400 frames
 ... 600 frames
 ... 800 frames
 ... 1000 frames
 ... 1200 frames
 ... 1400 frames
 ... 1600 frames

--- CRITERION 2: agreement with the reference pipeline ---
 flow vectors compared : 2029 over 1709 frames (82 re-detections)
 flow difference : median 0.0437 px p90 0.1614 p99 22.4941 max 213.8032
 (RMS over all : 7.0313 px -- reported for completeness; the
 comparisons) percentiles above are the honest summary, see
 agreeing within 1 px : 95.6%
 track lifetime median : binCV 11 frames OpenCV 12 frames
 tracks observed : binCV 10279 OpenCV 10108
 per-frame survival : binCV 96.4% OpenCV 96.6%
 detections truncated : 1 of 82 (capacity 20000)

--- CRITERION 3: peak footprint over the pipeline operation set ---
 binCV :   436704 B (1/2/2/2 pyramid x2, derivative ladders, 3-row response ring)
 OpenCV :  2719832 B (CV_8U pyramid x2 with 31-px border/level, CV_32F eigen map)
 RATIO : 6.23x smaller

--- binCV per-stage, AT THE REAL DUTY CYCLE ---
 detect                          0.141 ms/frame  13.8% (82 detections in 1709 frames = 4.8%)
 track (LK)                      0.700 ms/frame  68.5%
 build (pyrDown + derivatives)    0.180 ms/frame  17.6%
  ... sensor stage               0.087 ms/frame   8.6%
  ... median                     0.055 ms/frame   5.4%
  ... edge                       0.032 ms/frame   3.1%
  ... pyrDown                    0.056 ms/frame   5.5%
  ... derivatives                0.036 ms/frame   3.6%

 sensor stage vs OpenCV's: BIT-EXACT (0 pixels differ over 1709 frames)

--- CRITERION 4: speed against the byte-per-pixel denominator ---
 binCV :    1.021 ms/frame
 OpenCV :    3.698 ms/frame
 RATIO : 3.62x
 NOTE: binCV builds ONE pyramid per frame (the previous frame's is
 swapped in, proven bit-identical under BINCV_PYR_CHECK=1). OpenCV's
 calcOpticalFlowPyrLK rebuilds both of its pyramids per call; the
 redundancy was symmetric, and removing it on binCV's side only is the
 owner's recorded decision, not an oversight in the comparison.
 NOTE: OpenCV threads = 1 (binCV is single-threaded, always), and its
 LK and gftt are SIMD-vectorized.
 binCV has its AVX2 paths here -- the eight-keypoint LK batch,
 the sensor stage's median and edge kernels, and packing --
 so this is SIMD against SIMD, as the aarch64 arm is. What
 measured remains the point: at equal threads binCV LEADS, and the
 x86 deficit reported before it was THREADS, not vector width.
### run 21
binCV SIMD: NEON=NO AVX2=yes popcount=hardware (fast paths active)
LK residual kernel: AVX2, eight keypoints per batch
LK keypoint batch: ON (AVX2, 8 lanes, lane refill)

=== a / pipeline over 1710 frames, 752x480 ===
both pipelines see bit-identical input: median_filter then rl_fast_edge_filter_wide(17)

 ... 200 frames
 ... 400 frames
 ... 600 frames
 ... 800 frames
 ... 1000 frames
 ... 1200 frames
 ... 1400 frames
 ... 1600 frames

--- CRITERION 2: agreement with the reference pipeline ---
 flow vectors compared : 2029 over 1709 frames (82 re-detections)
 flow difference : median 0.0437 px p90 0.1614 p99 22.4941 max 213.8032
 (RMS over all : 7.0313 px -- reported for completeness; the
 comparisons) percentiles above are the honest summary, see
 agreeing within 1 px : 95.6%
 track lifetime median : binCV 11 frames OpenCV 12 frames
 tracks observed : binCV 10279 OpenCV 10108
 per-frame survival : binCV 96.4% OpenCV 96.6%
 detections truncated : 1 of 82 (capacity 20000)

--- CRITERION 3: peak footprint over the pipeline operation set ---
 binCV :   436704 B (1/2/2/2 pyramid x2, derivative ladders, 3-row response ring)
 OpenCV :  2719832 B (CV_8U pyramid x2 with 31-px border/level, CV_32F eigen map)
 RATIO : 6.23x smaller

--- binCV per-stage, AT THE REAL DUTY CYCLE ---
 detect                          0.136 ms/frame  13.5% (82 detections in 1709 frames = 4.8%)
 track (LK)                      0.692 ms/frame  68.7%
 build (pyrDown + derivatives)    0.180 ms/frame  17.8%
  ... sensor stage               0.085 ms/frame   8.5%
  ... median                     0.053 ms/frame   5.2%
  ... edge                       0.032 ms/frame   3.2%
  ... pyrDown                    0.056 ms/frame   5.6%
  ... derivatives                0.038 ms/frame   3.7%

 sensor stage vs OpenCV's: BIT-EXACT (0 pixels differ over 1709 frames)

--- CRITERION 4: speed against the byte-per-pixel denominator ---
 binCV :    1.008 ms/frame
 OpenCV :    3.752 ms/frame
 RATIO : 3.72x
 NOTE: binCV builds ONE pyramid per frame (the previous frame's is
 swapped in, proven bit-identical under BINCV_PYR_CHECK=1). OpenCV's
 calcOpticalFlowPyrLK rebuilds both of its pyramids per call; the
 redundancy was symmetric, and removing it on binCV's side only is the
 owner's recorded decision, not an oversight in the comparison.
 NOTE: OpenCV threads = 1 (binCV is single-threaded, always), and its
 LK and gftt are SIMD-vectorized.
 binCV has its AVX2 paths here -- the eight-keypoint LK batch,
 the sensor stage's median and edge kernels, and packing --
 so this is SIMD against SIMD, as the aarch64 arm is. What
 measured remains the point: at equal threads binCV LEADS, and the
 x86 deficit reported before it was THREADS, not vector width.
### run 22
binCV SIMD: NEON=NO AVX2=yes popcount=hardware (fast paths active)
LK residual kernel: AVX2, eight keypoints per batch
LK keypoint batch: ON (AVX2, 8 lanes, lane refill)

=== a / pipeline over 1710 frames, 752x480 ===
both pipelines see bit-identical input: median_filter then rl_fast_edge_filter_wide(17)

 ... 200 frames
 ... 400 frames
 ... 600 frames
 ... 800 frames
 ... 1000 frames
 ... 1200 frames
 ... 1400 frames
 ... 1600 frames

--- CRITERION 2: agreement with the reference pipeline ---
 flow vectors compared : 2029 over 1709 frames (82 re-detections)
 flow difference : median 0.0437 px p90 0.1614 p99 22.4941 max 213.8032
 (RMS over all : 7.0313 px -- reported for completeness; the
 comparisons) percentiles above are the honest summary, see
 agreeing within 1 px : 95.6%
 track lifetime median : binCV 11 frames OpenCV 12 frames
 tracks observed : binCV 10279 OpenCV 10108
 per-frame survival : binCV 96.4% OpenCV 96.6%
 detections truncated : 1 of 82 (capacity 20000)

--- CRITERION 3: peak footprint over the pipeline operation set ---
 binCV :   436704 B (1/2/2/2 pyramid x2, derivative ladders, 3-row response ring)
 OpenCV :  2719832 B (CV_8U pyramid x2 with 31-px border/level, CV_32F eigen map)
 RATIO : 6.23x smaller

--- binCV per-stage, AT THE REAL DUTY CYCLE ---
 detect                          0.138 ms/frame  13.4% (82 detections in 1709 frames = 4.8%)
 track (LK)                      0.705 ms/frame  68.8%
 build (pyrDown + derivatives)    0.182 ms/frame  17.8%
  ... sensor stage               0.088 ms/frame   8.5%
  ... median                     0.053 ms/frame   5.2%
  ... edge                       0.034 ms/frame   3.3%
  ... pyrDown                    0.058 ms/frame   5.6%
  ... derivatives                0.037 ms/frame   3.6%

 sensor stage vs OpenCV's: BIT-EXACT (0 pixels differ over 1709 frames)

--- CRITERION 4: speed against the byte-per-pixel denominator ---
 binCV :    1.026 ms/frame
 OpenCV :    3.684 ms/frame
 RATIO : 3.59x
 NOTE: binCV builds ONE pyramid per frame (the previous frame's is
 swapped in, proven bit-identical under BINCV_PYR_CHECK=1). OpenCV's
 calcOpticalFlowPyrLK rebuilds both of its pyramids per call; the
 redundancy was symmetric, and removing it on binCV's side only is the
 owner's recorded decision, not an oversight in the comparison.
 NOTE: OpenCV threads = 1 (binCV is single-threaded, always), and its
 LK and gftt are SIMD-vectorized.
 binCV has its AVX2 paths here -- the eight-keypoint LK batch,
 the sensor stage's median and edge kernels, and packing --
 so this is SIMD against SIMD, as the aarch64 arm is. What
 measured remains the point: at equal threads binCV LEADS, and the
 x86 deficit reported before it was THREADS, not vector width.
### run 23
binCV SIMD: NEON=NO AVX2=yes popcount=hardware (fast paths active)
LK residual kernel: AVX2, eight keypoints per batch
LK keypoint batch: ON (AVX2, 8 lanes, lane refill)

=== a / pipeline over 1710 frames, 752x480 ===
both pipelines see bit-identical input: median_filter then rl_fast_edge_filter_wide(17)

 ... 200 frames
 ... 400 frames
 ... 600 frames
 ... 800 frames
 ... 1000 frames
 ... 1200 frames
 ... 1400 frames
 ... 1600 frames

--- CRITERION 2: agreement with the reference pipeline ---
 flow vectors compared : 2029 over 1709 frames (82 re-detections)
 flow difference : median 0.0437 px p90 0.1614 p99 22.4941 max 213.8032
 (RMS over all : 7.0313 px -- reported for completeness; the
 comparisons) percentiles above are the honest summary, see
 agreeing within 1 px : 95.6%
 track lifetime median : binCV 11 frames OpenCV 12 frames
 tracks observed : binCV 10279 OpenCV 10108
 per-frame survival : binCV 96.4% OpenCV 96.6%
 detections truncated : 1 of 82 (capacity 20000)

--- CRITERION 3: peak footprint over the pipeline operation set ---
 binCV :   436704 B (1/2/2/2 pyramid x2, derivative ladders, 3-row response ring)
 OpenCV :  2719832 B (CV_8U pyramid x2 with 31-px border/level, CV_32F eigen map)
 RATIO : 6.23x smaller

--- binCV per-stage, AT THE REAL DUTY CYCLE ---
 detect                          0.140 ms/frame  13.8% (82 detections in 1709 frames = 4.8%)
 track (LK)                      0.696 ms/frame  68.6%
 build (pyrDown + derivatives)    0.179 ms/frame  17.7%
  ... sensor stage               0.085 ms/frame   8.4%
  ... median                     0.052 ms/frame   5.1%
  ... edge                       0.033 ms/frame   3.2%
  ... pyrDown                    0.057 ms/frame   5.6%
  ... derivatives                0.037 ms/frame   3.6%

 sensor stage vs OpenCV's: BIT-EXACT (0 pixels differ over 1709 frames)

--- CRITERION 4: speed against the byte-per-pixel denominator ---
 binCV :    1.015 ms/frame
 OpenCV :    3.706 ms/frame
 RATIO : 3.65x
 NOTE: binCV builds ONE pyramid per frame (the previous frame's is
 swapped in, proven bit-identical under BINCV_PYR_CHECK=1). OpenCV's
 calcOpticalFlowPyrLK rebuilds both of its pyramids per call; the
 redundancy was symmetric, and removing it on binCV's side only is the
 owner's recorded decision, not an oversight in the comparison.
 NOTE: OpenCV threads = 1 (binCV is single-threaded, always), and its
 LK and gftt are SIMD-vectorized.
 binCV has its AVX2 paths here -- the eight-keypoint LK batch,
 the sensor stage's median and edge kernels, and packing --
 so this is SIMD against SIMD, as the aarch64 arm is. What
 measured remains the point: at equal threads binCV LEADS, and the
 x86 deficit reported before it was THREADS, not vector width.
### run 24
binCV SIMD: NEON=NO AVX2=yes popcount=hardware (fast paths active)
LK residual kernel: AVX2, eight keypoints per batch
LK keypoint batch: ON (AVX2, 8 lanes, lane refill)

=== a / pipeline over 1710 frames, 752x480 ===
both pipelines see bit-identical input: median_filter then rl_fast_edge_filter_wide(17)

 ... 200 frames
 ... 400 frames
 ... 600 frames
 ... 800 frames
 ... 1000 frames
 ... 1200 frames
 ... 1400 frames
 ... 1600 frames

--- CRITERION 2: agreement with the reference pipeline ---
 flow vectors compared : 2029 over 1709 frames (82 re-detections)
 flow difference : median 0.0437 px p90 0.1614 p99 22.4941 max 213.8032
 (RMS over all : 7.0313 px -- reported for completeness; the
 comparisons) percentiles above are the honest summary, see
 agreeing within 1 px : 95.6%
 track lifetime median : binCV 11 frames OpenCV 12 frames
 tracks observed : binCV 10279 OpenCV 10108
 per-frame survival : binCV 96.4% OpenCV 96.6%
 detections truncated : 1 of 82 (capacity 20000)

--- CRITERION 3: peak footprint over the pipeline operation set ---
 binCV :   436704 B (1/2/2/2 pyramid x2, derivative ladders, 3-row response ring)
 OpenCV :  2719832 B (CV_8U pyramid x2 with 31-px border/level, CV_32F eigen map)
 RATIO : 6.23x smaller

--- binCV per-stage, AT THE REAL DUTY CYCLE ---
 detect                          0.141 ms/frame  13.8% (82 detections in 1709 frames = 4.8%)
 track (LK)                      0.705 ms/frame  68.6%
 build (pyrDown + derivatives)    0.182 ms/frame  17.7%
  ... sensor stage               0.087 ms/frame   8.5%
  ... median                     0.053 ms/frame   5.2%
  ... edge                       0.033 ms/frame   3.2%
  ... pyrDown                    0.057 ms/frame   5.5%
  ... derivatives                0.037 ms/frame   3.6%

 sensor stage vs OpenCV's: BIT-EXACT (0 pixels differ over 1709 frames)

--- CRITERION 4: speed against the byte-per-pixel denominator ---
 binCV :    1.028 ms/frame
 OpenCV :    3.768 ms/frame
 RATIO : 3.66x
 NOTE: binCV builds ONE pyramid per frame (the previous frame's is
 swapped in, proven bit-identical under BINCV_PYR_CHECK=1). OpenCV's
 calcOpticalFlowPyrLK rebuilds both of its pyramids per call; the
 redundancy was symmetric, and removing it on binCV's side only is the
 owner's recorded decision, not an oversight in the comparison.
 NOTE: OpenCV threads = 1 (binCV is single-threaded, always), and its
 LK and gftt are SIMD-vectorized.
 binCV has its AVX2 paths here -- the eight-keypoint LK batch,
 the sensor stage's median and edge kernels, and packing --
 so this is SIMD against SIMD, as the aarch64 arm is. What
 measured remains the point: at equal threads binCV LEADS, and the
 x86 deficit reported before it was THREADS, not vector width.
### run 25
binCV SIMD: NEON=NO AVX2=yes popcount=hardware (fast paths active)
LK residual kernel: AVX2, eight keypoints per batch
LK keypoint batch: ON (AVX2, 8 lanes, lane refill)

=== a / pipeline over 1710 frames, 752x480 ===
both pipelines see bit-identical input: median_filter then rl_fast_edge_filter_wide(17)

 ... 200 frames
 ... 400 frames
 ... 600 frames
 ... 800 frames
 ... 1000 frames
 ... 1200 frames
 ... 1400 frames
 ... 1600 frames

--- CRITERION 2: agreement with the reference pipeline ---
 flow vectors compared : 2029 over 1709 frames (82 re-detections)
 flow difference : median 0.0437 px p90 0.1614 p99 22.4941 max 213.8032
 (RMS over all : 7.0313 px -- reported for completeness; the
 comparisons) percentiles above are the honest summary, see
 agreeing within 1 px : 95.6%
 track lifetime median : binCV 11 frames OpenCV 12 frames
 tracks observed : binCV 10279 OpenCV 10108
 per-frame survival : binCV 96.4% OpenCV 96.6%
 detections truncated : 1 of 82 (capacity 20000)

--- CRITERION 3: peak footprint over the pipeline operation set ---
 binCV :   436704 B (1/2/2/2 pyramid x2, derivative ladders, 3-row response ring)
 OpenCV :  2719832 B (CV_8U pyramid x2 with 31-px border/level, CV_32F eigen map)
 RATIO : 6.23x smaller

--- binCV per-stage, AT THE REAL DUTY CYCLE ---
 detect                          0.141 ms/frame  13.5% (82 detections in 1709 frames = 4.8%)
 track (LK)                      0.720 ms/frame  69.2%
 build (pyrDown + derivatives)    0.180 ms/frame  17.3%
  ... sensor stage               0.085 ms/frame   8.2%
  ... median                     0.052 ms/frame   5.0%
  ... edge                       0.032 ms/frame   3.1%
  ... pyrDown                    0.058 ms/frame   5.5%
  ... derivatives                0.037 ms/frame   3.6%

 sensor stage vs OpenCV's: BIT-EXACT (0 pixels differ over 1709 frames)

--- CRITERION 4: speed against the byte-per-pixel denominator ---
 binCV :    1.041 ms/frame
 OpenCV :    3.781 ms/frame
 RATIO : 3.63x
 NOTE: binCV builds ONE pyramid per frame (the previous frame's is
 swapped in, proven bit-identical under BINCV_PYR_CHECK=1). OpenCV's
 calcOpticalFlowPyrLK rebuilds both of its pyramids per call; the
 redundancy was symmetric, and removing it on binCV's side only is the
 owner's recorded decision, not an oversight in the comparison.
 NOTE: OpenCV threads = 1 (binCV is single-threaded, always), and its
 LK and gftt are SIMD-vectorized.
 binCV has its AVX2 paths here -- the eight-keypoint LK batch,
 the sensor stage's median and edge kernels, and packing --
 so this is SIMD against SIMD, as the aarch64 arm is. What
 measured remains the point: at equal threads binCV LEADS, and the
 x86 deficit reported before it was THREADS, not vector width.
### run 26
binCV SIMD: NEON=NO AVX2=yes popcount=hardware (fast paths active)
LK residual kernel: AVX2, eight keypoints per batch
LK keypoint batch: ON (AVX2, 8 lanes, lane refill)

=== a / pipeline over 1710 frames, 752x480 ===
both pipelines see bit-identical input: median_filter then rl_fast_edge_filter_wide(17)

 ... 200 frames
 ... 400 frames
 ... 600 frames
 ... 800 frames
 ... 1000 frames
 ... 1200 frames
 ... 1400 frames
 ... 1600 frames

--- CRITERION 2: agreement with the reference pipeline ---
 flow vectors compared : 2029 over 1709 frames (82 re-detections)
 flow difference : median 0.0437 px p90 0.1614 p99 22.4941 max 213.8032
 (RMS over all : 7.0313 px -- reported for completeness; the
 comparisons) percentiles above are the honest summary, see
 agreeing within 1 px : 95.6%
 track lifetime median : binCV 11 frames OpenCV 12 frames
 tracks observed : binCV 10279 OpenCV 10108
 per-frame survival : binCV 96.4% OpenCV 96.6%
 detections truncated : 1 of 82 (capacity 20000)

--- CRITERION 3: peak footprint over the pipeline operation set ---
 binCV :   436704 B (1/2/2/2 pyramid x2, derivative ladders, 3-row response ring)
 OpenCV :  2719832 B (CV_8U pyramid x2 with 31-px border/level, CV_32F eigen map)
 RATIO : 6.23x smaller

--- binCV per-stage, AT THE REAL DUTY CYCLE ---
 detect                          0.141 ms/frame  13.5% (82 detections in 1709 frames = 4.8%)
 track (LK)                      0.716 ms/frame  68.9%
 build (pyrDown + derivatives)    0.182 ms/frame  17.5%
  ... sensor stage               0.087 ms/frame   8.4%
  ... median                     0.054 ms/frame   5.2%
  ... edge                       0.032 ms/frame   3.1%
  ... pyrDown                    0.057 ms/frame   5.5%
  ... derivatives                0.038 ms/frame   3.6%

 sensor stage vs OpenCV's: BIT-EXACT (0 pixels differ over 1709 frames)

--- CRITERION 4: speed against the byte-per-pixel denominator ---
 binCV :    1.039 ms/frame
 OpenCV :    3.710 ms/frame
 RATIO : 3.57x
 NOTE: binCV builds ONE pyramid per frame (the previous frame's is
 swapped in, proven bit-identical under BINCV_PYR_CHECK=1). OpenCV's
 calcOpticalFlowPyrLK rebuilds both of its pyramids per call; the
 redundancy was symmetric, and removing it on binCV's side only is the
 owner's recorded decision, not an oversight in the comparison.
 NOTE: OpenCV threads = 1 (binCV is single-threaded, always), and its
 LK and gftt are SIMD-vectorized.
 binCV has its AVX2 paths here -- the eight-keypoint LK batch,
 the sensor stage's median and edge kernels, and packing --
 so this is SIMD against SIMD, as the aarch64 arm is. What
 measured remains the point: at equal threads binCV LEADS, and the
 x86 deficit reported before it was THREADS, not vector width.
### run 27
binCV SIMD: NEON=NO AVX2=yes popcount=hardware (fast paths active)
LK residual kernel: AVX2, eight keypoints per batch
LK keypoint batch: ON (AVX2, 8 lanes, lane refill)

=== a / pipeline over 1710 frames, 752x480 ===
both pipelines see bit-identical input: median_filter then rl_fast_edge_filter_wide(17)

 ... 200 frames
 ... 400 frames
 ... 600 frames
 ... 800 frames
 ... 1000 frames
 ... 1200 frames
 ... 1400 frames
 ... 1600 frames

--- CRITERION 2: agreement with the reference pipeline ---
 flow vectors compared : 2029 over 1709 frames (82 re-detections)
 flow difference : median 0.0437 px p90 0.1614 p99 22.4941 max 213.8032
 (RMS over all : 7.0313 px -- reported for completeness; the
 comparisons) percentiles above are the honest summary, see
 agreeing within 1 px : 95.6%
 track lifetime median : binCV 11 frames OpenCV 12 frames
 tracks observed : binCV 10279 OpenCV 10108
 per-frame survival : binCV 96.4% OpenCV 96.6%
 detections truncated : 1 of 82 (capacity 20000)

--- CRITERION 3: peak footprint over the pipeline operation set ---
 binCV :   436704 B (1/2/2/2 pyramid x2, derivative ladders, 3-row response ring)
 OpenCV :  2719832 B (CV_8U pyramid x2 with 31-px border/level, CV_32F eigen map)
 RATIO : 6.23x smaller

--- binCV per-stage, AT THE REAL DUTY CYCLE ---
 detect                          0.138 ms/frame  13.4% (82 detections in 1709 frames = 4.8%)
 track (LK)                      0.709 ms/frame  68.9%
 build (pyrDown + derivatives)    0.182 ms/frame  17.7%
  ... sensor stage               0.086 ms/frame   8.3%
  ... median                     0.053 ms/frame   5.2%
  ... edge                       0.032 ms/frame   3.1%
  ... pyrDown                    0.058 ms/frame   5.7%
  ... derivatives                0.038 ms/frame   3.7%

 sensor stage vs OpenCV's: BIT-EXACT (0 pixels differ over 1709 frames)

--- CRITERION 4: speed against the byte-per-pixel denominator ---
 binCV :    1.029 ms/frame
 OpenCV :    3.722 ms/frame
 RATIO : 3.62x
 NOTE: binCV builds ONE pyramid per frame (the previous frame's is
 swapped in, proven bit-identical under BINCV_PYR_CHECK=1). OpenCV's
 calcOpticalFlowPyrLK rebuilds both of its pyramids per call; the
 redundancy was symmetric, and removing it on binCV's side only is the
 owner's recorded decision, not an oversight in the comparison.
 NOTE: OpenCV threads = 1 (binCV is single-threaded, always), and its
 LK and gftt are SIMD-vectorized.
 binCV has its AVX2 paths here -- the eight-keypoint LK batch,
 the sensor stage's median and edge kernels, and packing --
 so this is SIMD against SIMD, as the aarch64 arm is. What
 measured remains the point: at equal threads binCV LEADS, and the
 x86 deficit reported before it was THREADS, not vector width.
### run 28
binCV SIMD: NEON=NO AVX2=yes popcount=hardware (fast paths active)
LK residual kernel: AVX2, eight keypoints per batch
LK keypoint batch: ON (AVX2, 8 lanes, lane refill)

=== a / pipeline over 1710 frames, 752x480 ===
both pipelines see bit-identical input: median_filter then rl_fast_edge_filter_wide(17)

 ... 200 frames
 ... 400 frames
 ... 600 frames
 ... 800 frames
 ... 1000 frames
 ... 1200 frames
 ... 1400 frames
 ... 1600 frames

--- CRITERION 2: agreement with the reference pipeline ---
 flow vectors compared : 2029 over 1709 frames (82 re-detections)
 flow difference : median 0.0437 px p90 0.1614 p99 22.4941 max 213.8032
 (RMS over all : 7.0313 px -- reported for completeness; the
 comparisons) percentiles above are the honest summary, see
 agreeing within 1 px : 95.6%
 track lifetime median : binCV 11 frames OpenCV 12 frames
 tracks observed : binCV 10279 OpenCV 10108
 per-frame survival : binCV 96.4% OpenCV 96.6%
 detections truncated : 1 of 82 (capacity 20000)

--- CRITERION 3: peak footprint over the pipeline operation set ---
 binCV :   436704 B (1/2/2/2 pyramid x2, derivative ladders, 3-row response ring)
 OpenCV :  2719832 B (CV_8U pyramid x2 with 31-px border/level, CV_32F eigen map)
 RATIO : 6.23x smaller

--- binCV per-stage, AT THE REAL DUTY CYCLE ---
 detect                          0.142 ms/frame  13.8% (82 detections in 1709 frames = 4.8%)
 track (LK)                      0.709 ms/frame  68.8%
 build (pyrDown + derivatives)    0.180 ms/frame  17.4%
  ... sensor stage               0.084 ms/frame   8.1%
  ... median                     0.052 ms/frame   5.0%
  ... edge                       0.032 ms/frame   3.1%
  ... pyrDown                    0.058 ms/frame   5.6%
  ... derivatives                0.038 ms/frame   3.6%

 sensor stage vs OpenCV's: BIT-EXACT (0 pixels differ over 1709 frames)

--- CRITERION 4: speed against the byte-per-pixel denominator ---
 binCV :    1.031 ms/frame
 OpenCV :    3.699 ms/frame
 RATIO : 3.59x
 NOTE: binCV builds ONE pyramid per frame (the previous frame's is
 swapped in, proven bit-identical under BINCV_PYR_CHECK=1). OpenCV's
 calcOpticalFlowPyrLK rebuilds both of its pyramids per call; the
 redundancy was symmetric, and removing it on binCV's side only is the
 owner's recorded decision, not an oversight in the comparison.
 NOTE: OpenCV threads = 1 (binCV is single-threaded, always), and its
 LK and gftt are SIMD-vectorized.
 binCV has its AVX2 paths here -- the eight-keypoint LK batch,
 the sensor stage's median and edge kernels, and packing --
 so this is SIMD against SIMD, as the aarch64 arm is. What
 measured remains the point: at equal threads binCV LEADS, and the
 x86 deficit reported before it was THREADS, not vector width.
### run 29
binCV SIMD: NEON=NO AVX2=yes popcount=hardware (fast paths active)
LK residual kernel: AVX2, eight keypoints per batch
LK keypoint batch: ON (AVX2, 8 lanes, lane refill)

=== a / pipeline over 1710 frames, 752x480 ===
both pipelines see bit-identical input: median_filter then rl_fast_edge_filter_wide(17)

 ... 200 frames
 ... 400 frames
 ... 600 frames
 ... 800 frames
 ... 1000 frames
 ... 1200 frames
 ... 1400 frames
 ... 1600 frames

--- CRITERION 2: agreement with the reference pipeline ---
 flow vectors compared : 2029 over 1709 frames (82 re-detections)
 flow difference : median 0.0437 px p90 0.1614 p99 22.4941 max 213.8032
 (RMS over all : 7.0313 px -- reported for completeness; the
 comparisons) percentiles above are the honest summary, see
 agreeing within 1 px : 95.6%
 track lifetime median : binCV 11 frames OpenCV 12 frames
 tracks observed : binCV 10279 OpenCV 10108
 per-frame survival : binCV 96.4% OpenCV 96.6%
 detections truncated : 1 of 82 (capacity 20000)

--- CRITERION 3: peak footprint over the pipeline operation set ---
 binCV :   436704 B (1/2/2/2 pyramid x2, derivative ladders, 3-row response ring)
 OpenCV :  2719832 B (CV_8U pyramid x2 with 31-px border/level, CV_32F eigen map)
 RATIO : 6.23x smaller

--- binCV per-stage, AT THE REAL DUTY CYCLE ---
 detect                          0.136 ms/frame  13.4% (82 detections in 1709 frames = 4.8%)
 track (LK)                      0.699 ms/frame  68.6%
 build (pyrDown + derivatives)    0.184 ms/frame  18.0%
  ... sensor stage               0.087 ms/frame   8.5%
  ... median                     0.053 ms/frame   5.2%
  ... edge                       0.033 ms/frame   3.3%
  ... pyrDown                    0.059 ms/frame   5.8%
  ... derivatives                0.037 ms/frame   3.6%

 sensor stage vs OpenCV's: BIT-EXACT (0 pixels differ over 1709 frames)

--- CRITERION 4: speed against the byte-per-pixel denominator ---
 binCV :    1.019 ms/frame
 OpenCV :    3.711 ms/frame
 RATIO : 3.64x
 NOTE: binCV builds ONE pyramid per frame (the previous frame's is
 swapped in, proven bit-identical under BINCV_PYR_CHECK=1). OpenCV's
 calcOpticalFlowPyrLK rebuilds both of its pyramids per call; the
 redundancy was symmetric, and removing it on binCV's side only is the
 owner's recorded decision, not an oversight in the comparison.
 NOTE: OpenCV threads = 1 (binCV is single-threaded, always), and its
 LK and gftt are SIMD-vectorized.
 binCV has its AVX2 paths here -- the eight-keypoint LK batch,
 the sensor stage's median and edge kernels, and packing --
 so this is SIMD against SIMD, as the aarch64 arm is. What
 measured remains the point: at equal threads binCV LEADS, and the
 x86 deficit reported before it was THREADS, not vector width.
### run 30
binCV SIMD: NEON=NO AVX2=yes popcount=hardware (fast paths active)
LK residual kernel: AVX2, eight keypoints per batch
LK keypoint batch: ON (AVX2, 8 lanes, lane refill)

=== a / pipeline over 1710 frames, 752x480 ===
both pipelines see bit-identical input: median_filter then rl_fast_edge_filter_wide(17)

 ... 200 frames
 ... 400 frames
 ... 600 frames
 ... 800 frames
 ... 1000 frames
 ... 1200 frames
 ... 1400 frames
 ... 1600 frames

--- CRITERION 2: agreement with the reference pipeline ---
 flow vectors compared : 2029 over 1709 frames (82 re-detections)
 flow difference : median 0.0437 px p90 0.1614 p99 22.4941 max 213.8032
 (RMS over all : 7.0313 px -- reported for completeness; the
 comparisons) percentiles above are the honest summary, see
 agreeing within 1 px : 95.6%
 track lifetime median : binCV 11 frames OpenCV 12 frames
 tracks observed : binCV 10279 OpenCV 10108
 per-frame survival : binCV 96.4% OpenCV 96.6%
 detections truncated : 1 of 82 (capacity 20000)

--- CRITERION 3: peak footprint over the pipeline operation set ---
 binCV :   436704 B (1/2/2/2 pyramid x2, derivative ladders, 3-row response ring)
 OpenCV :  2719832 B (CV_8U pyramid x2 with 31-px border/level, CV_32F eigen map)
 RATIO : 6.23x smaller

--- binCV per-stage, AT THE REAL DUTY CYCLE ---
 detect                          0.137 ms/frame  13.3% (82 detections in 1709 frames = 4.8%)
 track (LK)                      0.711 ms/frame  69.1%
 build (pyrDown + derivatives)    0.181 ms/frame  17.6%
  ... sensor stage               0.084 ms/frame   8.2%
  ... median                     0.053 ms/frame   5.1%
  ... edge                       0.032 ms/frame   3.1%
  ... pyrDown                    0.060 ms/frame   5.8%
  ... derivatives                0.037 ms/frame   3.6%

 sensor stage vs OpenCV's: BIT-EXACT (0 pixels differ over 1709 frames)

--- CRITERION 4: speed against the byte-per-pixel denominator ---
 binCV :    1.029 ms/frame
 OpenCV :    3.715 ms/frame
 RATIO : 3.61x
 NOTE: binCV builds ONE pyramid per frame (the previous frame's is
 swapped in, proven bit-identical under BINCV_PYR_CHECK=1). OpenCV's
 calcOpticalFlowPyrLK rebuilds both of its pyramids per call; the
 redundancy was symmetric, and removing it on binCV's side only is the
 owner's recorded decision, not an oversight in the comparison.
 NOTE: OpenCV threads = 1 (binCV is single-threaded, always), and its
 LK and gftt are SIMD-vectorized.
 binCV has its AVX2 paths here -- the eight-keypoint LK batch,
 the sensor stage's median and edge kernels, and packing --
 so this is SIMD against SIMD, as the aarch64 arm is. What
 measured remains the point: at equal threads binCV LEADS, and the
 x86 deficit reported before it was THREADS, not vector width.

# loadavg at end: 2.33 2.27 2.05 3/1328 23341
# date:     2026-09-21T16:34:20-07:00
# done

# ---- aggregate (scripts/aggregate_launches.py --ratio OpenCV :/binCV :) ----
# 30 launches parsed from 1 path(s); bootstrap 10000 resamples, seed 12345
# 
# row                                  n     median        min        max    r2r  scatter  within     ci95 of the median     +/-   minres
# i1 / ... derivatives                30    0.03750    0.03600    0.04000  1.111    10.7%      --  [ 0.03700,  0.03800]   1.33%   1.014x
# i1 / ... edge                       30    0.03200    0.03100    0.03400  1.097     9.4%      --  [ 0.03200,  0.03300]   1.56%   1.031x
# i1 / ... median                     30    0.05300    0.05100    0.05600  1.098     9.4%      --  [ 0.05200,  0.05300]   0.94%   1.019x
# i1 / ... pyrDown                    30    0.05700    0.05600    0.06400  1.143    14.0%      --  [ 0.05700,  0.05800]   0.88%   1.018x
# i1 / ... sensor stage               30    0.08550    0.08200    0.08900  1.085     8.2%      --  [ 0.08500,  0.08700]   1.17%   1.018x
# i1 / build (pyrDown + derivatives)  30     0.1805     0.1770     0.1930  1.090     8.9%      --  [  0.1800,   0.1820]   0.55%   1.008x
# i1 / detect                         30     0.1390     0.1350     0.1500  1.111    10.8%      --  [  0.1380,   0.1410]   1.08%   1.014x
# i1 / track (LK)                     30     0.7050     0.6790     0.7230  1.065     6.2%      --  [  0.7005,   0.7100]   0.67%   1.007x
# i2 / OpenCV :                       30     3.7175     3.6820     3.8580  1.048     4.7%      --  [  3.7105,   3.7300]   0.26%   1.003x
# i2 / binCV :                        30     1.0285     0.9910     1.0510  1.061     5.8%      --  [  1.0225,   1.0325]   0.49%   1.006x
# 
# RATIO  OpenCV :  /  binCV :   over 30 launches
#   paired per launch (the published estimator)
#     median 3.6324   min 3.5441   max 3.7508   scatter 5.7%
#     bootstrap 95% CI of the median: [3.6137, 3.6483]   +/- 0.48%
#     launches with the ratio above 1.00: 30 of 30
#     smallest resolvable difference at 30 launches: 1.005x
#   ratio of the two medians, same launches
#     point 3.6145   bootstrap 95% CI: [3.6017, 3.6370]
#     the two intervals differ by 0.33% and 0.31% of the median at the two ends.
#     Say which estimator a quoted interval came from. The paired one is what the
#     committed logs publish.
# 
#   median   median of the per-launch medians -- the value to quote.
#   r2r      run-to-run scatter as a factor, max/min of those medians.
#   scatter  (max-min)/median ACROSS launches: Timing::spreadPct()'s own
#            arithmetic, so it reads directly against the next column.
#   within   median of the per-launch spread column -- what one launch
#            reports about itself, and all it can report.
#   minres   smallest difference these launches resolve on this row,
#            max(hi/median, median/lo). Derived from the row's scatter;
#            whether it is small ENOUGH is a per-case call, so state the
#            difference with --resolve rather than reading a bar into it.
# 
#   tables in a launch, in order:
#     i1       --- binCV per-stage, AT THE REAL DUTY CYCLE ---
#     i2       --- CRITERION 4: speed against the byte-per-pixel denomina
