# pyramid -- aarch64
# host:     
# kernel:   6.18.34+rpt-rpi-v8
# compiler: g++ (Debian 14.2.0-19) 14.2.0
# governor: performance
# throttled:throttled=0x80000
# pinning:  taskset -c 3 (applied by the runner)
# date:     2026-09-01T12:23:20-07:00

binCV pyramid downsample --
================================

BIT GROWTH AND PEAK FOOTPRINT -- four levels from 640x480, uint32_t
 the CV_8U denominator is 408000 bytes (one byte per pixel, four levels,
 all resident)

 ladder (NOut caps)     declared  in the frame   reachable      bits needed    bytes   vs 8U
 ---------------------- --------- -------------- -------------- ----------- -------- -------
 1-3-5-7 uncapped       1/3/5/7   2/8/16/31      2/5/26/121     1/3/5/7        84240   4.84x
 1-3-4-5 reference      1/3/4/5   2/8/8/9        2/5/16/32      1/3/4/5        80400   5.07x
 1-3-3-3                1/3/3/3   2/8/4/3        2/5/8/8        1/3/3/3        76560   5.33x
 1-2-2-2                1/2/2/2   2/4/2/2        2/4/4/4        1/2/2/2        63840   6.39x
 1-1-1-1 re-binarized   1/1/1/1   2/2/2/2        2/2/2/2        1/1/1/1        51120   7.98x
 1-8-8-8 CV_8U-like     1/8/8/8   2/233/113/54   2/5/21/95      1/3/5/7       140160   2.91x

 "in the frame" counts DISTINCT VALUES PRESENT in one 640x480-derived
 level; "reachable" is the alphabet the arithmetic can produce at all, and
 "bits needed" follows the reachable column. The two differ, and the
 difference matters: EXPERIMENTS.md reported 2/5/15/26 for the CV_8U
 ladder, which is what a 256x256 frame CONTAINED -- its level 3 is 32x32,
 i.e. 1024 pixels drawn from an alphabet of 65. A frame statistic falls
 with the frame size; the reachable alphabet does not.

THE 2x2 BOX SUM: LINEAR AGAINST EXPONENTIAL -- 640x480 -> 320x240, uint32_t
 NOut = NIn + 1 throughout, so the requantizer is the same shape in every
 row and the difference between the pair is the SUM alone.

 route                     ns/dst px     spread   stages   inputs  vs linear
 ------------------------ ---------- ---------- -------- -------- ----------
 NIn=1 linear adder           1.3762       0.1%        4        -          -
 NIn=1 replicated             2.4501       0.1%        -        4      1.78x
 NIn=2 linear adder           2.7592       0.1%        7        -          -
 NIn=2 replicated             6.3304       0.1%        -       12      2.29x
 NIn=3 linear adder           4.3990       0.2%       10        -          -
 NIn=3 replicated            14.0301       0.2%        -       28      3.19x
 NIn=4 linear adder           8.8996       0.1%       13        -          -
 NIn=4 replicated            31.2502       0.1%        -       60      3.51x

 The stage counts are impl::boxSumFullAdders(NIn) = 3*NIn + 1 and
 impl::boxSum4ReplicatedInputs(NIn) = 4*(2^NIn - 1). At NIn = 8 they are 25
 and 1020; the replicated arm refuses to compile above NIn = 5, where its
 input array is already 124 words per destination word.

sink = 31835053542195
