# launch sweep -- 10 separate processes of one benchmark
# benchmark: ./build-pi/benchmark/pyramid_benchmark 
# launches: 10
# arch:     aarch64
# host:     Raspberry Pi 4 Model B Rev 1.5
# kernel:   6.18.34+rpt-rpi-v8
# compiler: g++ (Debian 14.2.0-19) 14.2.0
# commit:   80ff0a8
# sources:  benchmark/measure_util.hpp=7b35f7a51f9b benchmark/pyramid_benchmark.cpp=e12008cfe50d include/bincv/binMat.hpp=90b29c8f718a include/bincv/core/error.hpp=43506907e810 include/bincv/core/simd.hpp=19736b8d5614 include/bincv/core/storage.hpp=74525f70a0a6 include/bincv/core/types.hpp=97966010c55c include/bincv/core/view.hpp=342aae906df4 include/bincv/impl/binMat_impl.hpp=f25f40f9b1d4 include/bincv/impl/kernel_util.hpp=66921f7f7ffe include/bincv/ops/bitslice.hpp=218ecd55278c include/bincv/ops/pyramid.hpp=b24cd24378a5 include/bincv/ops/resample.hpp=d0db5aee157f include/bincv/quantMat.hpp=9571cce97de6
# governor: performance
# throttled before: throttled=0x80000
# temp before: temp=63.7'C
# pinning:  taskset -c 3
# sleep between launches: 0s
# date:     2026-09-21T16:53:30-07:00
# loadavg at start: 1.00 1.02 0.92 1/308 916225
# NO launch is discarded -- a cold start is part of what varies between
# launches, and trimming it would trim the tail this sweep measures.

### run 1
binCV pyramid downsample --
================================

BIT GROWTH AND PEAK FOOTPRINT -- four levels from 640x480, uint32_t
 the CV_8U denominator is 408000 bytes (one byte per pixel, four levels,
 all resident)

 ladder (NOut caps)     declared  in the frame   reachable      bits needed    bytes   vs 8U
 ---------------------- --------- -------------- -------------- ----------- -------- -------
 1-3-5-7 uncapped       1/3/5/7   2/8/16/31      2/5/26/121     1/3/5/7        84240   4.84x
 1-3-4-5 reference      1/3/4/5   2/8/8/9        2/5/16/32      1/3/4/5        80400   5.07x
 1-3-3-3                1/3/3/3   2/8/4/3        2/5/8/8        1/3/3/3        76560   5.33x
 1-2-2-2                1/2/2/2   2/4/2/2        2/4/4/4        1/2/2/2        63840   6.39x
 1-1-1-1 re-binarized   1/1/1/1   2/2/2/2        2/2/2/2        1/1/1/1        51120   7.98x
 1-8-8-8 CV_8U-like     1/8/8/8   2/233/113/54   2/5/21/95      1/3/5/7       140160   2.91x

 "in the frame" counts DISTINCT VALUES PRESENT in one 640x480-derived
 level; "reachable" is the alphabet the arithmetic can produce at all, and
 "bits needed" follows the reachable column. The two differ, and the
 difference matters: an earlier run reported 2/5/15/26 for the CV_8U
 ladder, which is what a 256x256 frame CONTAINED -- its level 3 is 32x32,
 i.e. 1024 pixels drawn from an alphabet of 65. A frame statistic falls
 with the frame size; the reachable alphabet does not.

THE 2x2 BOX SUM: LINEAR AGAINST EXPONENTIAL -- 640x480 -> 320x240, uint32_t
 NOut = NIn + 1 throughout, so the requantizer is the same shape in every
 row and the difference between the pair is the SUM alone.

 route                     ns/dst px     spread   stages   inputs  vs linear
 ------------------------ ---------- ---------- -------- -------- ----------
 NIn=1 linear adder           1.3765       0.1%        4        -          -
 NIn=1 replicated             2.4507       0.1%        -        4      1.78x
 NIn=2 linear adder           2.7568       0.0%        7        -          -
 NIn=2 replicated             6.3292       0.1%        -       12      2.30x
 NIn=3 linear adder           4.3913       0.2%       10        -          -
 NIn=3 replicated            14.0382       0.2%        -       28      3.20x
 NIn=4 linear adder           8.8959       0.2%       13        -          -
 NIn=4 replicated            31.2704       0.3%        -       60      3.52x

 The stage counts are impl::boxSumFullAdders(NIn) = 3*NIn + 1 and
 impl::boxSum4ReplicatedInputs(NIn) = 4*(2^NIn - 1). At NIn = 8 they are 25
 and 1020; the replicated arm refuses to compile above NIn = 5, where its
 input array is already 124 words per destination word.

sink = 31903213662553
### run 2
binCV pyramid downsample --
================================

BIT GROWTH AND PEAK FOOTPRINT -- four levels from 640x480, uint32_t
 the CV_8U denominator is 408000 bytes (one byte per pixel, four levels,
 all resident)

 ladder (NOut caps)     declared  in the frame   reachable      bits needed    bytes   vs 8U
 ---------------------- --------- -------------- -------------- ----------- -------- -------
 1-3-5-7 uncapped       1/3/5/7   2/8/16/31      2/5/26/121     1/3/5/7        84240   4.84x
 1-3-4-5 reference      1/3/4/5   2/8/8/9        2/5/16/32      1/3/4/5        80400   5.07x
 1-3-3-3                1/3/3/3   2/8/4/3        2/5/8/8        1/3/3/3        76560   5.33x
 1-2-2-2                1/2/2/2   2/4/2/2        2/4/4/4        1/2/2/2        63840   6.39x
 1-1-1-1 re-binarized   1/1/1/1   2/2/2/2        2/2/2/2        1/1/1/1        51120   7.98x
 1-8-8-8 CV_8U-like     1/8/8/8   2/233/113/54   2/5/21/95      1/3/5/7       140160   2.91x

 "in the frame" counts DISTINCT VALUES PRESENT in one 640x480-derived
 level; "reachable" is the alphabet the arithmetic can produce at all, and
 "bits needed" follows the reachable column. The two differ, and the
 difference matters: an earlier run reported 2/5/15/26 for the CV_8U
 ladder, which is what a 256x256 frame CONTAINED -- its level 3 is 32x32,
 i.e. 1024 pixels drawn from an alphabet of 65. A frame statistic falls
 with the frame size; the reachable alphabet does not.

THE 2x2 BOX SUM: LINEAR AGAINST EXPONENTIAL -- 640x480 -> 320x240, uint32_t
 NOut = NIn + 1 throughout, so the requantizer is the same shape in every
 row and the difference between the pair is the SUM alone.

 route                     ns/dst px     spread   stages   inputs  vs linear
 ------------------------ ---------- ---------- -------- -------- ----------
 NIn=1 linear adder           1.3765       0.1%        4        -          -
 NIn=1 replicated             2.4505       0.1%        -        4      1.78x
 NIn=2 linear adder           2.7573       0.1%        7        -          -
 NIn=2 replicated             6.3292       0.1%        -       12      2.30x
 NIn=3 linear adder           4.3920       0.2%       10        -          -
 NIn=3 replicated            14.0122       0.3%        -       28      3.19x
 NIn=4 linear adder           8.8402       0.4%       13        -          -
 NIn=4 replicated            31.2272       0.2%        -       60      3.53x

 The stage counts are impl::boxSumFullAdders(NIn) = 3*NIn + 1 and
 impl::boxSum4ReplicatedInputs(NIn) = 4*(2^NIn - 1). At NIn = 8 they are 25
 and 1020; the replicated arm refuses to compile above NIn = 5, where its
 input array is already 124 words per destination word.

sink = 31892147299001
### run 3
binCV pyramid downsample --
================================

BIT GROWTH AND PEAK FOOTPRINT -- four levels from 640x480, uint32_t
 the CV_8U denominator is 408000 bytes (one byte per pixel, four levels,
 all resident)

 ladder (NOut caps)     declared  in the frame   reachable      bits needed    bytes   vs 8U
 ---------------------- --------- -------------- -------------- ----------- -------- -------
 1-3-5-7 uncapped       1/3/5/7   2/8/16/31      2/5/26/121     1/3/5/7        84240   4.84x
 1-3-4-5 reference      1/3/4/5   2/8/8/9        2/5/16/32      1/3/4/5        80400   5.07x
 1-3-3-3                1/3/3/3   2/8/4/3        2/5/8/8        1/3/3/3        76560   5.33x
 1-2-2-2                1/2/2/2   2/4/2/2        2/4/4/4        1/2/2/2        63840   6.39x
 1-1-1-1 re-binarized   1/1/1/1   2/2/2/2        2/2/2/2        1/1/1/1        51120   7.98x
 1-8-8-8 CV_8U-like     1/8/8/8   2/233/113/54   2/5/21/95      1/3/5/7       140160   2.91x

 "in the frame" counts DISTINCT VALUES PRESENT in one 640x480-derived
 level; "reachable" is the alphabet the arithmetic can produce at all, and
 "bits needed" follows the reachable column. The two differ, and the
 difference matters: an earlier run reported 2/5/15/26 for the CV_8U
 ladder, which is what a 256x256 frame CONTAINED -- its level 3 is 32x32,
 i.e. 1024 pixels drawn from an alphabet of 65. A frame statistic falls
 with the frame size; the reachable alphabet does not.

THE 2x2 BOX SUM: LINEAR AGAINST EXPONENTIAL -- 640x480 -> 320x240, uint32_t
 NOut = NIn + 1 throughout, so the requantizer is the same shape in every
 row and the difference between the pair is the SUM alone.

 route                     ns/dst px     spread   stages   inputs  vs linear
 ------------------------ ---------- ---------- -------- -------- ----------
 NIn=1 linear adder           1.3765       0.1%        4        -          -
 NIn=1 replicated             2.4501       0.1%        -        4      1.78x
 NIn=2 linear adder           2.7548       0.1%        7        -          -
 NIn=2 replicated             6.3295       0.1%        -       12      2.30x
 NIn=3 linear adder           4.3973       0.3%       10        -          -
 NIn=3 replicated            14.0092       0.4%        -       28      3.19x
 NIn=4 linear adder           8.8637       0.4%       13        -          -
 NIn=4 replicated            31.2316       0.1%        -       60      3.52x

 The stage counts are impl::boxSumFullAdders(NIn) = 3*NIn + 1 and
 impl::boxSum4ReplicatedInputs(NIn) = 4*(2^NIn - 1). At NIn = 8 they are 25
 and 1020; the replicated arm refuses to compile above NIn = 5, where its
 input array is already 124 words per destination word.

sink = 31868622370030
### run 4
binCV pyramid downsample --
================================

BIT GROWTH AND PEAK FOOTPRINT -- four levels from 640x480, uint32_t
 the CV_8U denominator is 408000 bytes (one byte per pixel, four levels,
 all resident)

 ladder (NOut caps)     declared  in the frame   reachable      bits needed    bytes   vs 8U
 ---------------------- --------- -------------- -------------- ----------- -------- -------
 1-3-5-7 uncapped       1/3/5/7   2/8/16/31      2/5/26/121     1/3/5/7        84240   4.84x
 1-3-4-5 reference      1/3/4/5   2/8/8/9        2/5/16/32      1/3/4/5        80400   5.07x
 1-3-3-3                1/3/3/3   2/8/4/3        2/5/8/8        1/3/3/3        76560   5.33x
 1-2-2-2                1/2/2/2   2/4/2/2        2/4/4/4        1/2/2/2        63840   6.39x
 1-1-1-1 re-binarized   1/1/1/1   2/2/2/2        2/2/2/2        1/1/1/1        51120   7.98x
 1-8-8-8 CV_8U-like     1/8/8/8   2/233/113/54   2/5/21/95      1/3/5/7       140160   2.91x

 "in the frame" counts DISTINCT VALUES PRESENT in one 640x480-derived
 level; "reachable" is the alphabet the arithmetic can produce at all, and
 "bits needed" follows the reachable column. The two differ, and the
 difference matters: an earlier run reported 2/5/15/26 for the CV_8U
 ladder, which is what a 256x256 frame CONTAINED -- its level 3 is 32x32,
 i.e. 1024 pixels drawn from an alphabet of 65. A frame statistic falls
 with the frame size; the reachable alphabet does not.

THE 2x2 BOX SUM: LINEAR AGAINST EXPONENTIAL -- 640x480 -> 320x240, uint32_t
 NOut = NIn + 1 throughout, so the requantizer is the same shape in every
 row and the difference between the pair is the SUM alone.

 route                     ns/dst px     spread   stages   inputs  vs linear
 ------------------------ ---------- ---------- -------- -------- ----------
 NIn=1 linear adder           1.3765       0.1%        4        -          -
 NIn=1 replicated             2.4523       0.5%        -        4      1.78x
 NIn=2 linear adder           2.7735       0.0%        7        -          -
 NIn=2 replicated             6.3311       0.1%        -       12      2.28x
 NIn=3 linear adder           4.3920       0.2%       10        -          -
 NIn=3 replicated            14.0155       0.2%        -       28      3.19x
 NIn=4 linear adder           8.9495       0.2%       13        -          -
 NIn=4 replicated            31.3229       0.2%        -       60      3.50x

 The stage counts are impl::boxSumFullAdders(NIn) = 3*NIn + 1 and
 impl::boxSum4ReplicatedInputs(NIn) = 4*(2^NIn - 1). At NIn = 8 they are 25
 and 1020; the replicated arm refuses to compile above NIn = 5, where its
 input array is already 124 words per destination word.

sink = 31812481154745
### run 5
binCV pyramid downsample --
================================

BIT GROWTH AND PEAK FOOTPRINT -- four levels from 640x480, uint32_t
 the CV_8U denominator is 408000 bytes (one byte per pixel, four levels,
 all resident)

 ladder (NOut caps)     declared  in the frame   reachable      bits needed    bytes   vs 8U
 ---------------------- --------- -------------- -------------- ----------- -------- -------
 1-3-5-7 uncapped       1/3/5/7   2/8/16/31      2/5/26/121     1/3/5/7        84240   4.84x
 1-3-4-5 reference      1/3/4/5   2/8/8/9        2/5/16/32      1/3/4/5        80400   5.07x
 1-3-3-3                1/3/3/3   2/8/4/3        2/5/8/8        1/3/3/3        76560   5.33x
 1-2-2-2                1/2/2/2   2/4/2/2        2/4/4/4        1/2/2/2        63840   6.39x
 1-1-1-1 re-binarized   1/1/1/1   2/2/2/2        2/2/2/2        1/1/1/1        51120   7.98x
 1-8-8-8 CV_8U-like     1/8/8/8   2/233/113/54   2/5/21/95      1/3/5/7       140160   2.91x

 "in the frame" counts DISTINCT VALUES PRESENT in one 640x480-derived
 level; "reachable" is the alphabet the arithmetic can produce at all, and
 "bits needed" follows the reachable column. The two differ, and the
 difference matters: an earlier run reported 2/5/15/26 for the CV_8U
 ladder, which is what a 256x256 frame CONTAINED -- its level 3 is 32x32,
 i.e. 1024 pixels drawn from an alphabet of 65. A frame statistic falls
 with the frame size; the reachable alphabet does not.

THE 2x2 BOX SUM: LINEAR AGAINST EXPONENTIAL -- 640x480 -> 320x240, uint32_t
 NOut = NIn + 1 throughout, so the requantizer is the same shape in every
 row and the difference between the pair is the SUM alone.

 route                     ns/dst px     spread   stages   inputs  vs linear
 ------------------------ ---------- ---------- -------- -------- ----------
 NIn=1 linear adder           1.3766       0.1%        4        -          -
 NIn=1 replicated             2.4515       1.5%        -        4      1.78x
 NIn=2 linear adder           2.7576       0.1%        7        -          -
 NIn=2 replicated             6.3290       0.2%        -       12      2.30x
 NIn=3 linear adder           4.3916       0.1%       10        -          -
 NIn=3 replicated            14.0438       0.2%        -       28      3.20x
 NIn=4 linear adder           8.8925       0.2%       13        -          -
 NIn=4 replicated            31.2518       0.1%        -       60      3.51x

 The stage counts are impl::boxSumFullAdders(NIn) = 3*NIn + 1 and
 impl::boxSum4ReplicatedInputs(NIn) = 4*(2^NIn - 1). At NIn = 8 they are 25
 and 1020; the replicated arm refuses to compile above NIn = 5, where its
 input array is already 124 words per destination word.

sink = 31831526934748
### run 6
binCV pyramid downsample --
================================

BIT GROWTH AND PEAK FOOTPRINT -- four levels from 640x480, uint32_t
 the CV_8U denominator is 408000 bytes (one byte per pixel, four levels,
 all resident)

 ladder (NOut caps)     declared  in the frame   reachable      bits needed    bytes   vs 8U
 ---------------------- --------- -------------- -------------- ----------- -------- -------
 1-3-5-7 uncapped       1/3/5/7   2/8/16/31      2/5/26/121     1/3/5/7        84240   4.84x
 1-3-4-5 reference      1/3/4/5   2/8/8/9        2/5/16/32      1/3/4/5        80400   5.07x
 1-3-3-3                1/3/3/3   2/8/4/3        2/5/8/8        1/3/3/3        76560   5.33x
 1-2-2-2                1/2/2/2   2/4/2/2        2/4/4/4        1/2/2/2        63840   6.39x
 1-1-1-1 re-binarized   1/1/1/1   2/2/2/2        2/2/2/2        1/1/1/1        51120   7.98x
 1-8-8-8 CV_8U-like     1/8/8/8   2/233/113/54   2/5/21/95      1/3/5/7       140160   2.91x

 "in the frame" counts DISTINCT VALUES PRESENT in one 640x480-derived
 level; "reachable" is the alphabet the arithmetic can produce at all, and
 "bits needed" follows the reachable column. The two differ, and the
 difference matters: an earlier run reported 2/5/15/26 for the CV_8U
 ladder, which is what a 256x256 frame CONTAINED -- its level 3 is 32x32,
 i.e. 1024 pixels drawn from an alphabet of 65. A frame statistic falls
 with the frame size; the reachable alphabet does not.

THE 2x2 BOX SUM: LINEAR AGAINST EXPONENTIAL -- 640x480 -> 320x240, uint32_t
 NOut = NIn + 1 throughout, so the requantizer is the same shape in every
 row and the difference between the pair is the SUM alone.

 route                     ns/dst px     spread   stages   inputs  vs linear
 ------------------------ ---------- ---------- -------- -------- ----------
 NIn=1 linear adder           1.3767       0.2%        4        -          -
 NIn=1 replicated             2.4512       1.4%        -        4      1.78x
 NIn=2 linear adder           2.7746       0.1%        7        -          -
 NIn=2 replicated             6.3302       0.1%        -       12      2.28x
 NIn=3 linear adder           4.3917       0.3%       10        -          -
 NIn=3 replicated            14.0177       0.1%        -       28      3.19x
 NIn=4 linear adder           8.8903       0.1%       13        -          -
 NIn=4 replicated            31.3198       0.1%        -       60      3.52x

 The stage counts are impl::boxSumFullAdders(NIn) = 3*NIn + 1 and
 impl::boxSum4ReplicatedInputs(NIn) = 4*(2^NIn - 1). At NIn = 8 they are 25
 and 1020; the replicated arm refuses to compile above NIn = 5, where its
 input array is already 124 words per destination word.

sink = 31862816162883
### run 7
binCV pyramid downsample --
================================

BIT GROWTH AND PEAK FOOTPRINT -- four levels from 640x480, uint32_t
 the CV_8U denominator is 408000 bytes (one byte per pixel, four levels,
 all resident)

 ladder (NOut caps)     declared  in the frame   reachable      bits needed    bytes   vs 8U
 ---------------------- --------- -------------- -------------- ----------- -------- -------
 1-3-5-7 uncapped       1/3/5/7   2/8/16/31      2/5/26/121     1/3/5/7        84240   4.84x
 1-3-4-5 reference      1/3/4/5   2/8/8/9        2/5/16/32      1/3/4/5        80400   5.07x
 1-3-3-3                1/3/3/3   2/8/4/3        2/5/8/8        1/3/3/3        76560   5.33x
 1-2-2-2                1/2/2/2   2/4/2/2        2/4/4/4        1/2/2/2        63840   6.39x
 1-1-1-1 re-binarized   1/1/1/1   2/2/2/2        2/2/2/2        1/1/1/1        51120   7.98x
 1-8-8-8 CV_8U-like     1/8/8/8   2/233/113/54   2/5/21/95      1/3/5/7       140160   2.91x

 "in the frame" counts DISTINCT VALUES PRESENT in one 640x480-derived
 level; "reachable" is the alphabet the arithmetic can produce at all, and
 "bits needed" follows the reachable column. The two differ, and the
 difference matters: an earlier run reported 2/5/15/26 for the CV_8U
 ladder, which is what a 256x256 frame CONTAINED -- its level 3 is 32x32,
 i.e. 1024 pixels drawn from an alphabet of 65. A frame statistic falls
 with the frame size; the reachable alphabet does not.

THE 2x2 BOX SUM: LINEAR AGAINST EXPONENTIAL -- 640x480 -> 320x240, uint32_t
 NOut = NIn + 1 throughout, so the requantizer is the same shape in every
 row and the difference between the pair is the SUM alone.

 route                     ns/dst px     spread   stages   inputs  vs linear
 ------------------------ ---------- ---------- -------- -------- ----------
 NIn=1 linear adder           1.3766       0.1%        4        -          -
 NIn=1 replicated             2.4508       0.1%        -        4      1.78x
 NIn=2 linear adder           2.7739       0.2%        7        -          -
 NIn=2 replicated             6.3343       0.1%        -       12      2.28x
 NIn=3 linear adder           4.3894       0.2%       10        -          -
 NIn=3 replicated            14.0158       0.1%        -       28      3.19x
 NIn=4 linear adder           8.9349       0.1%       13        -          -
 NIn=4 replicated            31.3351       0.1%        -       60      3.51x

 The stage counts are impl::boxSumFullAdders(NIn) = 3*NIn + 1 and
 impl::boxSum4ReplicatedInputs(NIn) = 4*(2^NIn - 1). At NIn = 8 they are 25
 and 1020; the replicated arm refuses to compile above NIn = 5, where its
 input array is already 124 words per destination word.

sink = 31859289555436
### run 8
binCV pyramid downsample --
================================

BIT GROWTH AND PEAK FOOTPRINT -- four levels from 640x480, uint32_t
 the CV_8U denominator is 408000 bytes (one byte per pixel, four levels,
 all resident)

 ladder (NOut caps)     declared  in the frame   reachable      bits needed    bytes   vs 8U
 ---------------------- --------- -------------- -------------- ----------- -------- -------
 1-3-5-7 uncapped       1/3/5/7   2/8/16/31      2/5/26/121     1/3/5/7        84240   4.84x
 1-3-4-5 reference      1/3/4/5   2/8/8/9        2/5/16/32      1/3/4/5        80400   5.07x
 1-3-3-3                1/3/3/3   2/8/4/3        2/5/8/8        1/3/3/3        76560   5.33x
 1-2-2-2                1/2/2/2   2/4/2/2        2/4/4/4        1/2/2/2        63840   6.39x
 1-1-1-1 re-binarized   1/1/1/1   2/2/2/2        2/2/2/2        1/1/1/1        51120   7.98x
 1-8-8-8 CV_8U-like     1/8/8/8   2/233/113/54   2/5/21/95      1/3/5/7       140160   2.91x

 "in the frame" counts DISTINCT VALUES PRESENT in one 640x480-derived
 level; "reachable" is the alphabet the arithmetic can produce at all, and
 "bits needed" follows the reachable column. The two differ, and the
 difference matters: an earlier run reported 2/5/15/26 for the CV_8U
 ladder, which is what a 256x256 frame CONTAINED -- its level 3 is 32x32,
 i.e. 1024 pixels drawn from an alphabet of 65. A frame statistic falls
 with the frame size; the reachable alphabet does not.

THE 2x2 BOX SUM: LINEAR AGAINST EXPONENTIAL -- 640x480 -> 320x240, uint32_t
 NOut = NIn + 1 throughout, so the requantizer is the same shape in every
 row and the difference between the pair is the SUM alone.

 route                     ns/dst px     spread   stages   inputs  vs linear
 ------------------------ ---------- ---------- -------- -------- ----------
 NIn=1 linear adder           1.3762       0.1%        4        -          -
 NIn=1 replicated             2.4520       0.3%        -        4      1.78x
 NIn=2 linear adder           2.7560       0.1%        7        -          -
 NIn=2 replicated             6.3293       0.1%        -       12      2.30x
 NIn=3 linear adder           4.3922       0.5%       10        -          -
 NIn=3 replicated            13.9908       0.1%        -       28      3.19x
 NIn=4 linear adder           8.8845       0.1%       13        -          -
 NIn=4 replicated            31.2289       0.1%        -       60      3.52x

 The stage counts are impl::boxSumFullAdders(NIn) = 3*NIn + 1 and
 impl::boxSum4ReplicatedInputs(NIn) = 4*(2^NIn - 1). At NIn = 8 they are 25
 and 1020; the replicated arm refuses to compile above NIn = 5, where its
 input array is already 124 words per destination word.

sink = 31921069150831
### run 9
binCV pyramid downsample --
================================

BIT GROWTH AND PEAK FOOTPRINT -- four levels from 640x480, uint32_t
 the CV_8U denominator is 408000 bytes (one byte per pixel, four levels,
 all resident)

 ladder (NOut caps)     declared  in the frame   reachable      bits needed    bytes   vs 8U
 ---------------------- --------- -------------- -------------- ----------- -------- -------
 1-3-5-7 uncapped       1/3/5/7   2/8/16/31      2/5/26/121     1/3/5/7        84240   4.84x
 1-3-4-5 reference      1/3/4/5   2/8/8/9        2/5/16/32      1/3/4/5        80400   5.07x
 1-3-3-3                1/3/3/3   2/8/4/3        2/5/8/8        1/3/3/3        76560   5.33x
 1-2-2-2                1/2/2/2   2/4/2/2        2/4/4/4        1/2/2/2        63840   6.39x
 1-1-1-1 re-binarized   1/1/1/1   2/2/2/2        2/2/2/2        1/1/1/1        51120   7.98x
 1-8-8-8 CV_8U-like     1/8/8/8   2/233/113/54   2/5/21/95      1/3/5/7       140160   2.91x

 "in the frame" counts DISTINCT VALUES PRESENT in one 640x480-derived
 level; "reachable" is the alphabet the arithmetic can produce at all, and
 "bits needed" follows the reachable column. The two differ, and the
 difference matters: an earlier run reported 2/5/15/26 for the CV_8U
 ladder, which is what a 256x256 frame CONTAINED -- its level 3 is 32x32,
 i.e. 1024 pixels drawn from an alphabet of 65. A frame statistic falls
 with the frame size; the reachable alphabet does not.

THE 2x2 BOX SUM: LINEAR AGAINST EXPONENTIAL -- 640x480 -> 320x240, uint32_t
 NOut = NIn + 1 throughout, so the requantizer is the same shape in every
 row and the difference between the pair is the SUM alone.

 route                     ns/dst px     spread   stages   inputs  vs linear
 ------------------------ ---------- ---------- -------- -------- ----------
 NIn=1 linear adder           1.3765       0.1%        4        -          -
 NIn=1 replicated             2.4506       0.2%        -        4      1.78x
 NIn=2 linear adder           2.7570       0.2%        7        -          -
 NIn=2 replicated             6.3356       0.3%        -       12      2.30x
 NIn=3 linear adder           4.3948       0.3%       10        -          -
 NIn=3 replicated            14.0711       0.3%        -       28      3.20x
 NIn=4 linear adder           8.8983       0.2%       13        -          -
 NIn=4 replicated            31.2204       0.3%        -       60      3.51x

 The stage counts are impl::boxSumFullAdders(NIn) = 3*NIn + 1 and
 impl::boxSum4ReplicatedInputs(NIn) = 4*(2^NIn - 1). At NIn = 8 they are 25
 and 1020; the replicated arm refuses to compile above NIn = 5, where its
 input array is already 124 words per destination word.

sink = 31882951250861
### run 10
binCV pyramid downsample --
================================

BIT GROWTH AND PEAK FOOTPRINT -- four levels from 640x480, uint32_t
 the CV_8U denominator is 408000 bytes (one byte per pixel, four levels,
 all resident)

 ladder (NOut caps)     declared  in the frame   reachable      bits needed    bytes   vs 8U
 ---------------------- --------- -------------- -------------- ----------- -------- -------
 1-3-5-7 uncapped       1/3/5/7   2/8/16/31      2/5/26/121     1/3/5/7        84240   4.84x
 1-3-4-5 reference      1/3/4/5   2/8/8/9        2/5/16/32      1/3/4/5        80400   5.07x
 1-3-3-3                1/3/3/3   2/8/4/3        2/5/8/8        1/3/3/3        76560   5.33x
 1-2-2-2                1/2/2/2   2/4/2/2        2/4/4/4        1/2/2/2        63840   6.39x
 1-1-1-1 re-binarized   1/1/1/1   2/2/2/2        2/2/2/2        1/1/1/1        51120   7.98x
 1-8-8-8 CV_8U-like     1/8/8/8   2/233/113/54   2/5/21/95      1/3/5/7       140160   2.91x

 "in the frame" counts DISTINCT VALUES PRESENT in one 640x480-derived
 level; "reachable" is the alphabet the arithmetic can produce at all, and
 "bits needed" follows the reachable column. The two differ, and the
 difference matters: an earlier run reported 2/5/15/26 for the CV_8U
 ladder, which is what a 256x256 frame CONTAINED -- its level 3 is 32x32,
 i.e. 1024 pixels drawn from an alphabet of 65. A frame statistic falls
 with the frame size; the reachable alphabet does not.

THE 2x2 BOX SUM: LINEAR AGAINST EXPONENTIAL -- 640x480 -> 320x240, uint32_t
 NOut = NIn + 1 throughout, so the requantizer is the same shape in every
 row and the difference between the pair is the SUM alone.

 route                     ns/dst px     spread   stages   inputs  vs linear
 ------------------------ ---------- ---------- -------- -------- ----------
 NIn=1 linear adder           1.3772       0.2%        4        -          -
 NIn=1 replicated             2.4502       1.4%        -        4      1.78x
 NIn=2 linear adder           2.7725       0.2%        7        -          -
 NIn=2 replicated             6.3301       0.1%        -       12      2.28x
 NIn=3 linear adder           4.3890       0.5%       10        -          -
 NIn=3 replicated            14.0425       0.5%        -       28      3.20x
 NIn=4 linear adder           8.9165       0.2%       13        -          -
 NIn=4 replicated            31.2872       0.3%        -       60      3.51x

 The stage counts are impl::boxSumFullAdders(NIn) = 3*NIn + 1 and
 impl::boxSum4ReplicatedInputs(NIn) = 4*(2^NIn - 1). At NIn = 8 they are 25
 and 1020; the replicated arm refuses to compile above NIn = 5, where its
 input array is already 124 words per destination word.

sink = 31859289555436

# loadavg at end: 1.00 1.02 0.93 1/309 916456
# throttled after: throttled=0x80000
# temp after: temp=62.3'C
# date:     2026-09-21T16:54:31-07:00
# done

# ---- aggregate (scripts/aggregate_launches.py ) ----
# 10 launches parsed from 1 path(s); bootstrap 10000 resamples, seed 12345
# 
# row                       n     median        min        max    r2r  scatter  within     ci95 of the median     +/-   minres
# t1 / NIn=1 linear adder  10     1.3765     1.3762     1.3772  1.001     0.1%   0.10%  [  1.3765,   1.3767]   0.01%   1.000x
# t1 / NIn=1 replicated    10     2.4508     2.4501     2.4523  1.001     0.1%   0.25%  [  2.4504,   2.4516]   0.02%   1.000x
# t1 / NIn=2 linear adder  10     2.7574     2.7548     2.7746  1.007     0.7%   0.10%  [  2.7565,   2.7735]   0.31%   1.006x
# t1 / NIn=2 replicated    10     6.3298     6.3290     6.3356  1.001     0.1%   0.10%  [  6.3292,   6.3323]   0.02%   1.000x
# t1 / NIn=3 linear adder  10     4.3918     4.3890     4.3973  1.002     0.2%   0.25%  [  4.3905,   4.3934]   0.03%   1.000x
# t1 / NIn=3 replicated    10    14.0168    13.9908    14.0711  1.006     0.6%   0.20%  [ 14.0122,  14.0425]   0.11%   1.002x
# t1 / NIn=4 linear adder  10     8.8942     8.8402     8.9495  1.012     1.2%   0.20%  [  8.8770,   8.9166]   0.22%   1.003x
# t1 / NIn=4 replicated    10    31.2611    31.2204    31.3351  1.004     0.4%   0.15%  [ 31.2289,  31.3198]   0.15%   1.002x
# 
#   median   median of the per-launch medians -- the value to quote.
#   r2r      run-to-run scatter as a factor, max/min of those medians.
#   scatter  (max-min)/median ACROSS launches: Timing::spreadPct()'s own
#            arithmetic, so it reads directly against the next column.
#   within   median of the per-launch spread column -- what one launch
#            reports about itself, and all it can report.
#   minres   smallest difference these launches resolve on this row,
#            max(hi/median, median/lo). Derived from the row's scatter;
#            whether it is small ENOUGH is a per-case call, so state the
#            difference with --resolve rather than reading a bar into it.
# 
#   tables in a launch, in order:
#     t1       row and the difference between the pair is the SUM alone. | route  ns/dst px  spread  stages  inputs  vs linear
