# pyrfilter -- aarch64
# host:     
# kernel:   6.18.34+rpt-rpi-v8
# compiler: g++ (Debian 14.2.0-19) 14.2.0
# governor: performance
# throttled:throttled=0x80000
# pinning:  taskset -c 3 (applied by the runner)
# date:     2026-09-01T12:23:09-07:00

=== speed axis: pyrDown filters, 640x480 -> 320x240, NIn=1 ===

 arm                                            us vs shipped
 pyrDown (shipped BOX_2x2 route) N=2          86.5     0.92x
 pyrDown (shipped BOX_2x2 route) N=3          93.8     1.00x
 filtered DIRECT_SUBSAMPLE N=1                21.7     0.23x
 filtered BOX_2x2 N=3                        116.1     1.24x
 filtered BOX_3x3 N=3                        249.6     2.66x
 filtered GAUSSIAN_3x3 N=3                   240.5     2.56x
 filtered GAUSSIAN_5x5 N=3                   599.0     6.39x
 filtered GAUSSIAN_5x5 8 -> 8 (cv::pyrDown shape)     7358.6    78.46x
 filtered BOX_2x2 8 -> 8                    2574.2    27.45x
 GAUSSIAN_5x5 1->3 border=Reflect101         598.9     6.39x
 GAUSSIAN_5x5 1->3 border=Zero               548.4     5.85x
 BOX_3x3 1->3 border=Reflect101              249.5     2.66x
 BOX_2x2 1->3 border=Reflect101              116.0     1.24x
 cv::pyrDown 8U 640x480 (the denominator)      521.4     5.56x

 'vs shipped' is against the hand-written BOX_2x2 route at N=3.
 pyrDown is 25.8% of the frontend, and a level-0 pass is the
 largest of the three the ladder runs.
