# launch sweep -- 5 separate processes of one benchmark
# benchmark: ./build-pi/benchmark/pyrfilter_benchmark 
# launches: 5
# arch:     aarch64
# host:     Raspberry Pi 4 Model B Rev 1.5
# kernel:   6.18.34+rpt-rpi-v8
# compiler: g++ (Debian 14.2.0-19) 14.2.0
# commit:   80ff0a8
# governor: performance
# throttled before: throttled=0x80000
# temp before: temp=51.1'C
# pinning:  taskset -c 3
# sleep between launches: 0s
# date:     2026-09-21T17:09:42-07:00
# loadavg at start: 0.15 0.57 0.79 1/315 922866
# NO launch is discarded -- a cold start is part of what varies between
# launches, and trimming it would trim the tail this sweep measures.

### run 1
=== speed axis: pyrDown filters, 640x480 -> 320x240, NIn=1 ===

 arm                                            us  vs shipped
 pyrDown (shipped BOX_2x2 route) N=2          86.6     0.92x
 pyrDown (shipped BOX_2x2 route) N=3          93.9     1.00x
 filtered DIRECT_SUBSAMPLE N=1                22.1     0.24x
 filtered BOX_2x2 N=3                        116.3     1.24x
 filtered BOX_3x3 N=3                        249.9     2.66x
 filtered GAUSSIAN_3x3 N=3                   240.8     2.56x
 filtered GAUSSIAN_5x5 N=3                   599.1     6.38x
 filtered GAUSSIAN_5x5 8 -> 8 (cv::pyrDown shape)     7378.3    78.57x
 filtered BOX_2x2 8 -> 8                    2574.2    27.41x
 GAUSSIAN_5x5 1->3 border=Reflect101         599.5     6.38x
 GAUSSIAN_5x5 1->3 border=Zero               548.7     5.84x
 BOX_3x3 1->3 border=Reflect101              249.8     2.66x
 BOX_2x2 1->3 border=Reflect101              116.3     1.24x
 cv::pyrDown 8U 640x480 (the denominator)      529.7     5.64x

 'vs shipped' is against the hand-written BOX_2x2 route at N=3.
 pyrDown is 25.8% of the pipeline, and a level-0 pass is the
 largest of the three the ladder runs.
### run 2
=== speed axis: pyrDown filters, 640x480 -> 320x240, NIn=1 ===

 arm                                            us  vs shipped
 pyrDown (shipped BOX_2x2 route) N=2          86.8     0.93x
 pyrDown (shipped BOX_2x2 route) N=3          93.7     1.00x
 filtered DIRECT_SUBSAMPLE N=1                22.1     0.24x
 filtered BOX_2x2 N=3                        116.1     1.24x
 filtered BOX_3x3 N=3                        249.5     2.66x
 filtered GAUSSIAN_3x3 N=3                   240.4     2.57x
 filtered GAUSSIAN_5x5 N=3                   598.9     6.39x
 filtered GAUSSIAN_5x5 8 -> 8 (cv::pyrDown shape)     7392.9    78.88x
 filtered BOX_2x2 8 -> 8                    2572.9    27.45x
 GAUSSIAN_5x5 1->3 border=Reflect101         599.1     6.39x
 GAUSSIAN_5x5 1->3 border=Zero               548.3     5.85x
 BOX_3x3 1->3 border=Reflect101              249.5     2.66x
 BOX_2x2 1->3 border=Reflect101              116.1     1.24x
 cv::pyrDown 8U 640x480 (the denominator)      517.2     5.52x

 'vs shipped' is against the hand-written BOX_2x2 route at N=3.
 pyrDown is 25.8% of the pipeline, and a level-0 pass is the
 largest of the three the ladder runs.
### run 3
=== speed axis: pyrDown filters, 640x480 -> 320x240, NIn=1 ===

 arm                                            us  vs shipped
 pyrDown (shipped BOX_2x2 route) N=2          86.6     0.92x
 pyrDown (shipped BOX_2x2 route) N=3          93.7     1.00x
 filtered DIRECT_SUBSAMPLE N=1                22.1     0.24x
 filtered BOX_2x2 N=3                        116.0     1.24x
 filtered BOX_3x3 N=3                        249.6     2.66x
 filtered GAUSSIAN_3x3 N=3                   240.5     2.57x
 filtered GAUSSIAN_5x5 N=3                   599.3     6.40x
 filtered GAUSSIAN_5x5 8 -> 8 (cv::pyrDown shape)     7373.2    78.71x
 filtered BOX_2x2 8 -> 8                    2569.4    27.43x
 GAUSSIAN_5x5 1->3 border=Reflect101         599.2     6.40x
 GAUSSIAN_5x5 1->3 border=Zero               548.5     5.85x
 BOX_3x3 1->3 border=Reflect101              249.6     2.66x
 BOX_2x2 1->3 border=Reflect101              116.1     1.24x
 cv::pyrDown 8U 640x480 (the denominator)      512.7     5.47x

 'vs shipped' is against the hand-written BOX_2x2 route at N=3.
 pyrDown is 25.8% of the pipeline, and a level-0 pass is the
 largest of the three the ladder runs.
### run 4
=== speed axis: pyrDown filters, 640x480 -> 320x240, NIn=1 ===

 arm                                            us  vs shipped
 pyrDown (shipped BOX_2x2 route) N=2          86.6     0.92x
 pyrDown (shipped BOX_2x2 route) N=3          93.7     1.00x
 filtered DIRECT_SUBSAMPLE N=1                22.1     0.24x
 filtered BOX_2x2 N=3                        116.1     1.24x
 filtered BOX_3x3 N=3                        249.6     2.66x
 filtered GAUSSIAN_3x3 N=3                   240.5     2.57x
 filtered GAUSSIAN_5x5 N=3                   598.9     6.39x
 filtered GAUSSIAN_5x5 8 -> 8 (cv::pyrDown shape)     7352.0    78.46x
 filtered BOX_2x2 8 -> 8                    2576.9    27.50x
 GAUSSIAN_5x5 1->3 border=Reflect101         599.4     6.40x
 GAUSSIAN_5x5 1->3 border=Zero               548.2     5.85x
 BOX_3x3 1->3 border=Reflect101              249.7     2.66x
 BOX_2x2 1->3 border=Reflect101              116.1     1.24x
 cv::pyrDown 8U 640x480 (the denominator)      513.2     5.48x

 'vs shipped' is against the hand-written BOX_2x2 route at N=3.
 pyrDown is 25.8% of the pipeline, and a level-0 pass is the
 largest of the three the ladder runs.
### run 5
=== speed axis: pyrDown filters, 640x480 -> 320x240, NIn=1 ===

 arm                                            us  vs shipped
 pyrDown (shipped BOX_2x2 route) N=2          86.7     0.92x
 pyrDown (shipped BOX_2x2 route) N=3          93.7     1.00x
 filtered DIRECT_SUBSAMPLE N=1                22.1     0.24x
 filtered BOX_2x2 N=3                        116.2     1.24x
 filtered BOX_3x3 N=3                        249.6     2.66x
 filtered GAUSSIAN_3x3 N=3                   240.6     2.57x
 filtered GAUSSIAN_5x5 N=3                   599.2     6.39x
 filtered GAUSSIAN_5x5 8 -> 8 (cv::pyrDown shape)     7384.8    78.78x
 filtered BOX_2x2 8 -> 8                    2572.9    27.45x
 GAUSSIAN_5x5 1->3 border=Reflect101         599.3     6.39x
 GAUSSIAN_5x5 1->3 border=Zero               548.8     5.86x
 BOX_3x3 1->3 border=Reflect101              249.6     2.66x
 BOX_2x2 1->3 border=Reflect101              116.1     1.24x
 cv::pyrDown 8U 640x480 (the denominator)      514.6     5.49x

 'vs shipped' is against the hand-written BOX_2x2 route at N=3.
 pyrDown is 25.8% of the pipeline, and a level-0 pass is the
 largest of the three the ladder runs.

# loadavg at end: 0.63 0.64 0.81 1/316 923481
# throttled after: throttled=0x80000
# temp after: temp=57.4'C
# date:     2026-09-21T17:10:31-07:00
# done

# ---- aggregate (scripts/aggregate_launches.py --ratio cv::pyrDown 8U 640x480 (the denominator)/pyrDown (shipped BOX_2x2 route) N=3) ----
# 5 launches parsed from 1 path(s); bootstrap 10000 resamples, seed 12345
# 
# row                                              n     median        min        max    r2r  scatter  within     ci95 of the median     +/-   minres
# t1 / BOX_2x2 1->3 border=Reflect101              5   116.1000   116.1000   116.3000  1.002     0.2%      --  [116.1000, 116.3000]   0.09%   1.002x
# t1 / BOX_3x3 1->3 border=Reflect101              5   249.6000   249.5000   249.8000  1.001     0.1%      --  [249.5000, 249.8000]   0.06%   1.001x
# t1 / GAUSSIAN_5x5 1->3 border=Reflect101         5   599.3000   599.1000   599.5000  1.001     0.1%      --  [599.1000, 599.5000]   0.03%   1.000x
# t1 / GAUSSIAN_5x5 1->3 border=Zero               5   548.5000   548.2000   548.8000  1.001     0.1%      --  [548.2000, 548.8000]   0.05%   1.001x
# t1 / cv::pyrDown 8U 640x480 (the denominator)    5   514.6000   512.7000   529.7000  1.033     3.3%      --  [512.7000, 529.7000]   1.65%   1.029x
# t1 / filtered BOX_2x2 8 -> 8                     5     2572.9     2569.4     2576.9  1.003     0.3%      --  [  2569.4,   2576.9]   0.15%   1.002x
# t1 / filtered BOX_2x2 N=3                        5   116.1000   116.0000   116.3000  1.003     0.3%      --  [116.0000, 116.3000]   0.13%   1.002x
# t1 / filtered BOX_3x3 N=3                        5   249.6000   249.5000   249.9000  1.002     0.2%      --  [249.5000, 249.9000]   0.08%   1.001x
# t1 / filtered DIRECT_SUBSAMPLE N=1               5    22.1000    22.1000    22.1000  1.000     0.0%      --  [ 22.1000,  22.1000]   0.00%   1.000x
# t1 / filtered GAUSSIAN_3x3 N=3                   5   240.5000   240.4000   240.8000  1.002     0.2%      --  [240.4000, 240.8000]   0.08%   1.001x
# t1 / filtered GAUSSIAN_5x5 8 -> 8 (cv::pyrDown   5     7378.3     7352.0     7392.9  1.006     0.6%      --  [  7352.0,   7392.9]   0.28%   1.004x
# t1 / filtered GAUSSIAN_5x5 N=3                   5   599.1000   598.9000   599.3000  1.001     0.1%      --  [598.9000, 599.3000]   0.03%   1.000x
# t1 / pyrDown (shipped BOX_2x2 route) N=2         5    86.6000    86.6000    86.8000  1.002     0.2%      --  [ 86.6000,  86.8000]   0.12%   1.002x
# t1 / pyrDown (shipped BOX_2x2 route) N=3         5    93.7000    93.7000    93.9000  1.002     0.2%      --  [ 93.7000,  93.9000]   0.11%   1.002x
# 
# RATIO  cv::pyrDown 8U 640x480 (the denominator)  /  pyrDown (shipped BOX_2x2 route) N=3   over 5 launches
#   paired per launch (the published estimator)
#     median 5.4920   min 5.4717   max 5.6411   scatter 3.1%
#     bootstrap 95% CI of the median: [5.4717, 5.6411]   +/- 1.54%
#     launches with the ratio above 1.00: 5 of 5
#     smallest resolvable difference at 5 launches: 1.027x
#   ratio of the two medians, same launches
#     point 5.4920   bootstrap 95% CI: [5.4717, 5.6411]
#     the two intervals differ by 0.00% and 0.00% of the median at the two ends.
#     Say which estimator a quoted interval came from. The paired one is what the
#     committed logs publish.
# 
#   median   median of the per-launch medians -- the value to quote.
#   r2r      run-to-run scatter as a factor, max/min of those medians.
#   scatter  (max-min)/median ACROSS launches: Timing::spreadPct()'s own
#            arithmetic, so it reads directly against the next column.
#   within   median of the per-launch spread column -- what one launch
#            reports about itself, and all it can report.
#   minres   smallest difference these launches resolve on this row,
#            max(hi/median, median/lo). Derived from the row's scatter;
#            whether it is small ENOUGH is a per-case call, so state the
#            difference with --resolve rather than reading a bar into it.
# 
#   tables in a launch, in order:
#     t1       === speed axis: pyrDown filters, 640x480 -> 320x240, NIn=1 | arm  us  vs shipped
