# spacing -- x86-64
# commit:   25065d7
# pinning:  taskset -c 2
# date:     2026-09-01T12:35:51-07:00

=== spacing new detections against live tracks ===
640x480, radius 32, 7 interleaved rounds, minimum reported
distance arm: AVX2, eight live points per register

memory: exhaustive 0 B | mask 38400 B (one 1-bit frame)

  live    new |    exh(vec) exh(scalar)  vec/sca |  mask clear   mask mark  mask TOTAL | exh/mask   kept
--------------------------------------------------------------------------------------------------------
     4     50 |         387         625     1.62 |        1243        1600       19244 |     0.02     39
     4    200 |        1790        5344     2.99 |        1243        1575       38439 |     0.05     90
     4   1000 |       14252       39522     2.77 |        1245        1066       73468 |     0.19    164
     4   5000 |      108024      210426     1.95 |        1246        1646      105520 |     1.02    196
    50     50 |         371        1157     3.12 |        1243       20336       31134 |     0.01     22
    50    200 |        1811        6925     3.82 |        1244       19939       49926 |     0.04     70
    50   1000 |       13558       44346     3.27 |        1246       20439       73592 |     0.18    114
    50   5000 |      101154      225918     2.23 |        1246       20932      108277 |     0.93    147
   100     50 |         473        2036     4.31 |        1243       44711       52757 |     0.01     13
   100    200 |        2000        8616     4.31 |        1244       45534       65769 |     0.03     41
   100   1000 |       13420       48736     3.63 |        1246       44891       87797 |     0.15     85
   100   5000 |      103388      402348     3.89 |        1491       52588      186563 |     0.55    112
   200     50 |         532        2411     4.54 |        1279      124900      108253 |     0.00      2
   200    200 |        2178       10070     4.62 |        1275      107044      146858 |     0.01     14
   200   1000 |       15440       54481     3.53 |        1246      101298      128991 |     0.12     43
   200   5000 |      105740      266902     2.52 |        1250      101381      166213 |     0.64     69

GATE CONTROL live=4, limit=1 (neither scan reaches the vector width)
 vector     1835 ns scalar     1852 ns ratio  1.01x (must be ~1.00)

OPERATING POINT live=120, new=300, limit=80, radius=32
 (a) exhaustive      3240 ns 0 B
 (b) mask     76940 ns 38400 B
 exhaustive is 23.74x FASTER (kept 39 / 39)
