# launch sweep -- 10 separate processes of one benchmark
# benchmark: ./build-pi/benchmark/wordwidth_benchmark 
# launches: 10
# arch:     aarch64
# host:     Raspberry Pi 4 Model B Rev 1.5
# kernel:   6.18.34+rpt-rpi-v8
# compiler: g++ (Debian 14.2.0-19) 14.2.0
# commit:   80ff0a8
# governor: performance
# throttled before: throttled=0x80000
# temp before: temp=62.3'C
# pinning:  taskset -c 3
# sleep between launches: 0s
# date:     2026-09-21T16:54:31-07:00
# loadavg at start: 1.00 1.02 0.93 1/309 916488
# NO launch is discarded -- a cold start is part of what varies between
# launches, and trimming it would trim the tail this sweep measures.

### run 1
=== default word width ===
target: aarch64 -- AUTHORITATIVE for the speed half
sizeof(void*) = 8; a 32-bit host would synthesise every uint64_t operation and answer a different question.
The decision rule is in this file's header, written before measuring.

=== FOOTPRINT LADDER -- exact, architecture-independent ===
 Bytes for one plane at word granularity. The last column is what  warns about:
 uint64_t's penalty against the current default, worst at the upper levels LK touches every frame.

 size                            uint8     uint16     uint32     uint64     u64 vs u32
 640x480 (L0, frame)             38400      38400      38400      38400           0.0%
 320x240 (L1)                     9600       9600       9600       9600           0.0%
 160x120 (L2)                     2400       2400       2400       2880          20.0%
 752x480 (L0, wide frame)        45120      45120      46080      46080           0.0%
 188x120 (L2 of 752)              2880       2880       2880       2880           0.0%
 94x60 (L3 of 752)                 720        720        720        960          33.3%
 47x30 (L4 of 752)                 180        180        240        240           0.0%

=== 640x480 frame, word granularity ( default alignment) ===
 all four widths agree on countNonZero and on every AND pixel (153532 set in image 0)

 FOOTPRINT (allocated bytes per image, padding included)
 word         stride   bytes/img    vs uint32     vs ideal
 uint8_t        80 w       38400         0.0%         0.0%
 uint16_t       40 w       38400         0.0%         0.0%
 uint32_t       20 w       38400         0.0%         0.0%
 uint64_t       10 w       38400         0.0%         0.0%
 (ideal = 38400 B, the information-theoretic minimum at 1 bit per pixel)

 SPEED (ns/pixel, min / median / max over 9 interleaved batches)
 word       bitwiseAnd                 countNonZero              
 uint8_t     0.0217/ 0.0301/ 0.0318  0.2632/ 0.2632/ 0.2634
 uint16_t    0.0304/ 0.0320/ 0.0339  0.1416/ 0.1417/ 0.1418
 uint32_t    0.0288/ 0.0313/ 0.0345  0.0631/ 0.0631/ 0.0632
 uint64_t    0.0267/ 0.0325/ 0.0337  0.0330/ 0.0330/ 0.0332

 SPEEDUP vs uint32_t (>1.00 = faster than the current default; the rule reads uint64_t's row)
 word         bitwiseAnd countNonZero   AND spread   cnz spread
 uint8_t          1.039x       0.240x        33.5%         0.1%
 uint16_t         0.978x       0.446x        10.7%         0.1%
 uint32_t         1.000x       1.000x        18.3%         0.1%
 uint64_t         0.963x       1.912x        21.5%         0.5%

 sanity: bitwiseAnd (uint32_t) moves 115200 B per call in 9614 ns = 11.98 GB/s
 resident during its batch 337.5 KiB (9 images) -- inside its 1 MiB L2, so rates above DRAM's ~4-6 GB/s are expected;
 all four widths interleaved: 1350.0 KiB, beyond the 1 MiB L2

=== 94x60 pyramid L3, word granularity ( default alignment) ===
 all four widths agree on countNonZero and on every AND pixel (2846 set in image 0)

 FOOTPRINT (allocated bytes per image, padding included)
 word         stride   bytes/img    vs uint32     vs ideal
 uint8_t        12 w         720         0.0%         2.1%
 uint16_t        6 w         720         0.0%         2.1%
 uint32_t        3 w         720         0.0%         2.1%
 uint64_t        2 w         960        33.3%        36.2%
 (ideal = 705 B, the information-theoretic minimum at 1 bit per pixel)

 SPEED (ns/pixel, min / median / max over 9 interleaved batches)
 word       bitwiseAnd                 countNonZero              
 uint8_t     0.1349/ 0.1350/ 0.1351  0.2686/ 0.2686/ 0.2688
 uint16_t    0.1413/ 0.1413/ 0.1414  0.1486/ 0.1486/ 0.1487
 uint32_t    0.0819/ 0.0819/ 0.0820  0.0822/ 0.0823/ 0.0823
 uint64_t    0.0660/ 0.0663/ 0.0663  0.0619/ 0.0619/ 0.0620

 SPEEDUP vs uint32_t (>1.00 = faster than the current default; the rule reads uint64_t's row)
 word         bitwiseAnd countNonZero   AND spread   cnz spread
 uint8_t          0.607x       0.306x         0.2%         0.1%
 uint16_t         0.580x       0.554x         0.1%         0.1%
 uint32_t         1.000x       1.000x         0.1%         0.1%
 uint64_t         1.236x       1.328x         0.5%         0.0%

 sanity: bitwiseAnd (uint32_t) moves 2160 B per call in 462 ns = 4.67 GB/s
 resident during its batch 6.3 KiB (9 images) -- inside the reference device's 32 KiB L1D;
 all four widths interleaved: 27.4 KiB, inside the 1 MiB L2

sink: 6589839460727519801 (printed so nothing above can be optimized away)
### run 2
=== default word width ===
target: aarch64 -- AUTHORITATIVE for the speed half
sizeof(void*) = 8; a 32-bit host would synthesise every uint64_t operation and answer a different question.
The decision rule is in this file's header, written before measuring.

=== FOOTPRINT LADDER -- exact, architecture-independent ===
 Bytes for one plane at word granularity. The last column is what  warns about:
 uint64_t's penalty against the current default, worst at the upper levels LK touches every frame.

 size                            uint8     uint16     uint32     uint64     u64 vs u32
 640x480 (L0, frame)             38400      38400      38400      38400           0.0%
 320x240 (L1)                     9600       9600       9600       9600           0.0%
 160x120 (L2)                     2400       2400       2400       2880          20.0%
 752x480 (L0, wide frame)        45120      45120      46080      46080           0.0%
 188x120 (L2 of 752)              2880       2880       2880       2880           0.0%
 94x60 (L3 of 752)                 720        720        720        960          33.3%
 47x30 (L4 of 752)                 180        180        240        240           0.0%

=== 640x480 frame, word granularity ( default alignment) ===
 all four widths agree on countNonZero and on every AND pixel (153532 set in image 0)

 FOOTPRINT (allocated bytes per image, padding included)
 word         stride   bytes/img    vs uint32     vs ideal
 uint8_t        80 w       38400         0.0%         0.0%
 uint16_t       40 w       38400         0.0%         0.0%
 uint32_t       20 w       38400         0.0%         0.0%
 uint64_t       10 w       38400         0.0%         0.0%
 (ideal = 38400 B, the information-theoretic minimum at 1 bit per pixel)

 SPEED (ns/pixel, min / median / max over 9 interleaved batches)
 word       bitwiseAnd                 countNonZero              
 uint8_t     0.0218/ 0.0312/ 0.0323  0.2631/ 0.2632/ 0.2635
 uint16_t    0.0300/ 0.0312/ 0.0340  0.1416/ 0.1417/ 0.1418
 uint32_t    0.0312/ 0.0328/ 0.0337  0.0632/ 0.0632/ 0.0632
 uint64_t    0.0253/ 0.0331/ 0.0343  0.0329/ 0.0329/ 0.0331

 SPEEDUP vs uint32_t (>1.00 = faster than the current default; the rule reads uint64_t's row)
 word         bitwiseAnd countNonZero   AND spread   cnz spread
 uint8_t          1.051x       0.240x        33.8%         0.1%
 uint16_t         1.051x       0.446x        12.7%         0.1%
 uint32_t         1.000x       1.000x         7.6%         0.1%
 uint64_t         0.991x       1.918x        27.1%         0.5%

 sanity: bitwiseAnd (uint32_t) moves 115200 B per call in 10087 ns = 11.42 GB/s
 resident during its batch 337.5 KiB (9 images) -- inside its 1 MiB L2, so rates above DRAM's ~4-6 GB/s are expected;
 all four widths interleaved: 1350.0 KiB, beyond the 1 MiB L2

=== 94x60 pyramid L3, word granularity ( default alignment) ===
 all four widths agree on countNonZero and on every AND pixel (2846 set in image 0)

 FOOTPRINT (allocated bytes per image, padding included)
 word         stride   bytes/img    vs uint32     vs ideal
 uint8_t        12 w         720         0.0%         2.1%
 uint16_t        6 w         720         0.0%         2.1%
 uint32_t        3 w         720         0.0%         2.1%
 uint64_t        2 w         960        33.3%        36.2%
 (ideal = 705 B, the information-theoretic minimum at 1 bit per pixel)

 SPEED (ns/pixel, min / median / max over 9 interleaved batches)
 word       bitwiseAnd                 countNonZero              
 uint8_t     0.1349/ 0.1350/ 0.1351  0.2686/ 0.2686/ 0.2688
 uint16_t    0.1425/ 0.1425/ 0.1426  0.1486/ 0.1487/ 0.1488
 uint32_t    0.0819/ 0.0819/ 0.0820  0.0822/ 0.0822/ 0.0823
 uint64_t    0.0638/ 0.0638/ 0.0639  0.0579/ 0.0580/ 0.0580

 SPEEDUP vs uint32_t (>1.00 = faster than the current default; the rule reads uint64_t's row)
 word         bitwiseAnd countNonZero   AND spread   cnz spread
 uint8_t          0.607x       0.306x         0.1%         0.1%
 uint16_t         0.575x       0.553x         0.1%         0.1%
 uint32_t         1.000x       1.000x         0.0%         0.1%
 uint64_t         1.284x       1.419x         0.1%         0.1%

 sanity: bitwiseAnd (uint32_t) moves 2160 B per call in 462 ns = 4.67 GB/s
 resident during its batch 6.3 KiB (9 images) -- inside the reference device's 32 KiB L1D;
 all four widths interleaved: 27.4 KiB, inside the 1 MiB L2

sink: 3991156271921646577 (printed so nothing above can be optimized away)
### run 3
=== default word width ===
target: aarch64 -- AUTHORITATIVE for the speed half
sizeof(void*) = 8; a 32-bit host would synthesise every uint64_t operation and answer a different question.
The decision rule is in this file's header, written before measuring.

=== FOOTPRINT LADDER -- exact, architecture-independent ===
 Bytes for one plane at word granularity. The last column is what  warns about:
 uint64_t's penalty against the current default, worst at the upper levels LK touches every frame.

 size                            uint8     uint16     uint32     uint64     u64 vs u32
 640x480 (L0, frame)             38400      38400      38400      38400           0.0%
 320x240 (L1)                     9600       9600       9600       9600           0.0%
 160x120 (L2)                     2400       2400       2400       2880          20.0%
 752x480 (L0, wide frame)        45120      45120      46080      46080           0.0%
 188x120 (L2 of 752)              2880       2880       2880       2880           0.0%
 94x60 (L3 of 752)                 720        720        720        960          33.3%
 47x30 (L4 of 752)                 180        180        240        240           0.0%

=== 640x480 frame, word granularity ( default alignment) ===
 all four widths agree on countNonZero and on every AND pixel (153532 set in image 0)

 FOOTPRINT (allocated bytes per image, padding included)
 word         stride   bytes/img    vs uint32     vs ideal
 uint8_t        80 w       38400         0.0%         0.0%
 uint16_t       40 w       38400         0.0%         0.0%
 uint32_t       20 w       38400         0.0%         0.0%
 uint64_t       10 w       38400         0.0%         0.0%
 (ideal = 38400 B, the information-theoretic minimum at 1 bit per pixel)

 SPEED (ns/pixel, min / median / max over 9 interleaved batches)
 word       bitwiseAnd                 countNonZero              
 uint8_t     0.0251/ 0.0317/ 0.0333  0.2632/ 0.2632/ 0.2635
 uint16_t    0.0302/ 0.0320/ 0.0344  0.1416/ 0.1416/ 0.1417
 uint32_t    0.0315/ 0.0327/ 0.0342  0.0631/ 0.0631/ 0.0632
 uint64_t    0.0289/ 0.0310/ 0.0342  0.0330/ 0.0330/ 0.0331

 SPEEDUP vs uint32_t (>1.00 = faster than the current default; the rule reads uint64_t's row)
 word         bitwiseAnd countNonZero   AND spread   cnz spread
 uint8_t          1.029x       0.240x        25.9%         0.1%
 uint16_t         1.019x       0.446x        13.2%         0.1%
 uint32_t         1.000x       1.000x         8.3%         0.1%
 uint64_t         1.052x       1.914x        17.0%         0.5%

 sanity: bitwiseAnd (uint32_t) moves 115200 B per call in 10031 ns = 11.48 GB/s
 resident during its batch 337.5 KiB (9 images) -- inside its 1 MiB L2, so rates above DRAM's ~4-6 GB/s are expected;
 all four widths interleaved: 1350.0 KiB, beyond the 1 MiB L2

=== 94x60 pyramid L3, word granularity ( default alignment) ===
 all four widths agree on countNonZero and on every AND pixel (2846 set in image 0)

 FOOTPRINT (allocated bytes per image, padding included)
 word         stride   bytes/img    vs uint32     vs ideal
 uint8_t        12 w         720         0.0%         2.1%
 uint16_t        6 w         720         0.0%         2.1%
 uint32_t        3 w         720         0.0%         2.1%
 uint64_t        2 w         960        33.3%        36.2%
 (ideal = 705 B, the information-theoretic minimum at 1 bit per pixel)

 SPEED (ns/pixel, min / median / max over 9 interleaved batches)
 word       bitwiseAnd                 countNonZero              
 uint8_t     0.1350/ 0.1350/ 0.1350  0.2686/ 0.2687/ 0.2689
 uint16_t    0.1413/ 0.1413/ 0.1413  0.1486/ 0.1486/ 0.1487
 uint32_t    0.0818/ 0.0819/ 0.0821  0.0822/ 0.0822/ 0.0823
 uint64_t    0.0648/ 0.0648/ 0.0648  0.0579/ 0.0579/ 0.0579

 SPEEDUP vs uint32_t (>1.00 = faster than the current default; the rule reads uint64_t's row)
 word         bitwiseAnd countNonZero   AND spread   cnz spread
 uint8_t          0.607x       0.306x         0.0%         0.1%
 uint16_t         0.580x       0.553x         0.0%         0.0%
 uint32_t         1.000x       1.000x         0.3%         0.1%
 uint64_t         1.265x       1.420x         0.1%         0.1%

 sanity: bitwiseAnd (uint32_t) moves 2160 B per call in 462 ns = 4.67 GB/s
 resident during its batch 6.3 KiB (9 images) -- inside the reference device's 32 KiB L1D;
 all four widths interleaved: 27.4 KiB, inside the 1 MiB L2

sink: 11025377142973851548 (printed so nothing above can be optimized away)
### run 4
=== default word width ===
target: aarch64 -- AUTHORITATIVE for the speed half
sizeof(void*) = 8; a 32-bit host would synthesise every uint64_t operation and answer a different question.
The decision rule is in this file's header, written before measuring.

=== FOOTPRINT LADDER -- exact, architecture-independent ===
 Bytes for one plane at word granularity. The last column is what  warns about:
 uint64_t's penalty against the current default, worst at the upper levels LK touches every frame.

 size                            uint8     uint16     uint32     uint64     u64 vs u32
 640x480 (L0, frame)             38400      38400      38400      38400           0.0%
 320x240 (L1)                     9600       9600       9600       9600           0.0%
 160x120 (L2)                     2400       2400       2400       2880          20.0%
 752x480 (L0, wide frame)        45120      45120      46080      46080           0.0%
 188x120 (L2 of 752)              2880       2880       2880       2880           0.0%
 94x60 (L3 of 752)                 720        720        720        960          33.3%
 47x30 (L4 of 752)                 180        180        240        240           0.0%

=== 640x480 frame, word granularity ( default alignment) ===
 all four widths agree on countNonZero and on every AND pixel (153532 set in image 0)

 FOOTPRINT (allocated bytes per image, padding included)
 word         stride   bytes/img    vs uint32     vs ideal
 uint8_t        80 w       38400         0.0%         0.0%
 uint16_t       40 w       38400         0.0%         0.0%
 uint32_t       20 w       38400         0.0%         0.0%
 uint64_t       10 w       38400         0.0%         0.0%
 (ideal = 38400 B, the information-theoretic minimum at 1 bit per pixel)

 SPEED (ns/pixel, min / median / max over 9 interleaved batches)
 word       bitwiseAnd                 countNonZero              
 uint8_t     0.0217/ 0.0324/ 0.0337  0.2632/ 0.2632/ 0.2636
 uint16_t    0.0294/ 0.0310/ 0.0342  0.1416/ 0.1416/ 0.1417
 uint32_t    0.0307/ 0.0319/ 0.0343  0.0632/ 0.0632/ 0.0632
 uint64_t    0.0295/ 0.0326/ 0.0340  0.0330/ 0.0330/ 0.0330

 SPEEDUP vs uint32_t (>1.00 = faster than the current default; the rule reads uint64_t's row)
 word         bitwiseAnd countNonZero   AND spread   cnz spread
 uint8_t          0.986x       0.240x        37.1%         0.2%
 uint16_t         1.029x       0.446x        15.6%         0.1%
 uint32_t         1.000x       1.000x        11.2%         0.1%
 uint64_t         0.978x       1.915x        13.9%         0.2%

 sanity: bitwiseAnd (uint32_t) moves 115200 B per call in 9799 ns = 11.76 GB/s
 resident during its batch 337.5 KiB (9 images) -- inside its 1 MiB L2, so rates above DRAM's ~4-6 GB/s are expected;
 all four widths interleaved: 1350.0 KiB, beyond the 1 MiB L2

=== 94x60 pyramid L3, word granularity ( default alignment) ===
 all four widths agree on countNonZero and on every AND pixel (2846 set in image 0)

 FOOTPRINT (allocated bytes per image, padding included)
 word         stride   bytes/img    vs uint32     vs ideal
 uint8_t        12 w         720         0.0%         2.1%
 uint16_t        6 w         720         0.0%         2.1%
 uint32_t        3 w         720         0.0%         2.1%
 uint64_t        2 w         960        33.3%        36.2%
 (ideal = 705 B, the information-theoretic minimum at 1 bit per pixel)

 SPEED (ns/pixel, min / median / max over 9 interleaved batches)
 word       bitwiseAnd                 countNonZero              
 uint8_t     0.1349/ 0.1350/ 0.1350  0.2686/ 0.2686/ 0.2688
 uint16_t    0.1413/ 0.1413/ 0.1415  0.1486/ 0.1486/ 0.1487
 uint32_t    0.0845/ 0.0845/ 0.0846  0.0822/ 0.0822/ 0.0823
 uint64_t    0.0638/ 0.0638/ 0.0638  0.0579/ 0.0580/ 0.0581

 SPEEDUP vs uint32_t (>1.00 = faster than the current default; the rule reads uint64_t's row)
 word         bitwiseAnd countNonZero   AND spread   cnz spread
 uint8_t          0.626x       0.306x         0.1%         0.1%
 uint16_t         0.598x       0.553x         0.1%         0.0%
 uint32_t         1.000x       1.000x         0.1%         0.1%
 uint64_t         1.324x       1.418x         0.0%         0.2%

 sanity: bitwiseAnd (uint32_t) moves 2160 B per call in 476 ns = 4.53 GB/s
 resident during its batch 6.3 KiB (9 images) -- inside the reference device's 32 KiB L1D;
 all four widths interleaved: 27.4 KiB, inside the 1 MiB L2

sink: 1261227926134790129 (printed so nothing above can be optimized away)
### run 5
=== default word width ===
target: aarch64 -- AUTHORITATIVE for the speed half
sizeof(void*) = 8; a 32-bit host would synthesise every uint64_t operation and answer a different question.
The decision rule is in this file's header, written before measuring.

=== FOOTPRINT LADDER -- exact, architecture-independent ===
 Bytes for one plane at word granularity. The last column is what  warns about:
 uint64_t's penalty against the current default, worst at the upper levels LK touches every frame.

 size                            uint8     uint16     uint32     uint64     u64 vs u32
 640x480 (L0, frame)             38400      38400      38400      38400           0.0%
 320x240 (L1)                     9600       9600       9600       9600           0.0%
 160x120 (L2)                     2400       2400       2400       2880          20.0%
 752x480 (L0, wide frame)        45120      45120      46080      46080           0.0%
 188x120 (L2 of 752)              2880       2880       2880       2880           0.0%
 94x60 (L3 of 752)                 720        720        720        960          33.3%
 47x30 (L4 of 752)                 180        180        240        240           0.0%

=== 640x480 frame, word granularity ( default alignment) ===
 all four widths agree on countNonZero and on every AND pixel (153532 set in image 0)

 FOOTPRINT (allocated bytes per image, padding included)
 word         stride   bytes/img    vs uint32     vs ideal
 uint8_t        80 w       38400         0.0%         0.0%
 uint16_t       40 w       38400         0.0%         0.0%
 uint32_t       20 w       38400         0.0%         0.0%
 uint64_t       10 w       38400         0.0%         0.0%
 (ideal = 38400 B, the information-theoretic minimum at 1 bit per pixel)

 SPEED (ns/pixel, min / median / max over 9 interleaved batches)
 word       bitwiseAnd                 countNonZero              
 uint8_t     0.0271/ 0.0303/ 0.0322  0.2631/ 0.2632/ 0.2641
 uint16_t    0.0304/ 0.0318/ 0.0338  0.1416/ 0.1417/ 0.1417
 uint32_t    0.0304/ 0.0327/ 0.0333  0.0632/ 0.0632/ 0.0633
 uint64_t    0.0296/ 0.0315/ 0.0331  0.0330/ 0.0330/ 0.0330

 SPEEDUP vs uint32_t (>1.00 = faster than the current default; the rule reads uint64_t's row)
 word         bitwiseAnd countNonZero   AND spread   cnz spread
 uint8_t          1.080x       0.240x        16.6%         0.4%
 uint16_t         1.029x       0.446x        10.6%         0.1%
 uint32_t         1.000x       1.000x         8.9%         0.1%
 uint64_t         1.037x       1.917x        10.8%         0.1%

 sanity: bitwiseAnd (uint32_t) moves 115200 B per call in 10038 ns = 11.48 GB/s
 resident during its batch 337.5 KiB (9 images) -- inside its 1 MiB L2, so rates above DRAM's ~4-6 GB/s are expected;
 all four widths interleaved: 1350.0 KiB, beyond the 1 MiB L2

=== 94x60 pyramid L3, word granularity ( default alignment) ===
 all four widths agree on countNonZero and on every AND pixel (2846 set in image 0)

 FOOTPRINT (allocated bytes per image, padding included)
 word         stride   bytes/img    vs uint32     vs ideal
 uint8_t        12 w         720         0.0%         2.1%
 uint16_t        6 w         720         0.0%         2.1%
 uint32_t        3 w         720         0.0%         2.1%
 uint64_t        2 w         960        33.3%        36.2%
 (ideal = 705 B, the information-theoretic minimum at 1 bit per pixel)

 SPEED (ns/pixel, min / median / max over 9 interleaved batches)
 word       bitwiseAnd                 countNonZero              
 uint8_t     0.1350/ 0.1350/ 0.1352  0.2686/ 0.2686/ 0.2687
 uint16_t    0.1413/ 0.1413/ 0.1414  0.1486/ 0.1486/ 0.1487
 uint32_t    0.0819/ 0.0819/ 0.0821  0.0822/ 0.0822/ 0.0824
 uint64_t    0.0638/ 0.0638/ 0.0638  0.0580/ 0.0580/ 0.0581

 SPEEDUP vs uint32_t (>1.00 = faster than the current default; the rule reads uint64_t's row)
 word         bitwiseAnd countNonZero   AND spread   cnz spread
 uint8_t          0.607x       0.306x         0.1%         0.1%
 uint16_t         0.580x       0.553x         0.1%         0.1%
 uint32_t         1.000x       1.000x         0.2%         0.2%
 uint64_t         1.284x       1.418x         0.1%         0.2%

 sanity: bitwiseAnd (uint32_t) moves 2160 B per call in 462 ns = 4.67 GB/s
 resident during its batch 6.3 KiB (9 images) -- inside the reference device's 32 KiB L1D;
 all four widths interleaved: 27.4 KiB, inside the 1 MiB L2

sink: 5289845283761029832 (printed so nothing above can be optimized away)
### run 6
=== default word width ===
target: aarch64 -- AUTHORITATIVE for the speed half
sizeof(void*) = 8; a 32-bit host would synthesise every uint64_t operation and answer a different question.
The decision rule is in this file's header, written before measuring.

=== FOOTPRINT LADDER -- exact, architecture-independent ===
 Bytes for one plane at word granularity. The last column is what  warns about:
 uint64_t's penalty against the current default, worst at the upper levels LK touches every frame.

 size                            uint8     uint16     uint32     uint64     u64 vs u32
 640x480 (L0, frame)             38400      38400      38400      38400           0.0%
 320x240 (L1)                     9600       9600       9600       9600           0.0%
 160x120 (L2)                     2400       2400       2400       2880          20.0%
 752x480 (L0, wide frame)        45120      45120      46080      46080           0.0%
 188x120 (L2 of 752)              2880       2880       2880       2880           0.0%
 94x60 (L3 of 752)                 720        720        720        960          33.3%
 47x30 (L4 of 752)                 180        180        240        240           0.0%

=== 640x480 frame, word granularity ( default alignment) ===
 all four widths agree on countNonZero and on every AND pixel (153532 set in image 0)

 FOOTPRINT (allocated bytes per image, padding included)
 word         stride   bytes/img    vs uint32     vs ideal
 uint8_t        80 w       38400         0.0%         0.0%
 uint16_t       40 w       38400         0.0%         0.0%
 uint32_t       20 w       38400         0.0%         0.0%
 uint64_t       10 w       38400         0.0%         0.0%
 (ideal = 38400 B, the information-theoretic minimum at 1 bit per pixel)

 SPEED (ns/pixel, min / median / max over 9 interleaved batches)
 word       bitwiseAnd                 countNonZero              
 uint8_t     0.0259/ 0.0330/ 0.0342  0.2632/ 0.2632/ 0.2638
 uint16_t    0.0302/ 0.0318/ 0.0347  0.1416/ 0.1416/ 0.1418
 uint32_t    0.0292/ 0.0311/ 0.0335  0.0631/ 0.0632/ 0.0632
 uint64_t    0.0299/ 0.0322/ 0.0337  0.0330/ 0.0330/ 0.0330

 SPEEDUP vs uint32_t (>1.00 = faster than the current default; the rule reads uint64_t's row)
 word         bitwiseAnd countNonZero   AND spread   cnz spread
 uint8_t          0.943x       0.240x        25.0%         0.3%
 uint16_t         0.977x       0.446x        14.1%         0.2%
 uint32_t         1.000x       1.000x        14.1%         0.2%
 uint64_t         0.965x       1.915x        11.7%         0.1%

 sanity: bitwiseAnd (uint32_t) moves 115200 B per call in 9550 ns = 12.06 GB/s
 resident during its batch 337.5 KiB (9 images) -- inside its 1 MiB L2, so rates above DRAM's ~4-6 GB/s are expected;
 all four widths interleaved: 1350.0 KiB, beyond the 1 MiB L2

=== 94x60 pyramid L3, word granularity ( default alignment) ===
 all four widths agree on countNonZero and on every AND pixel (2846 set in image 0)

 FOOTPRINT (allocated bytes per image, padding included)
 word         stride   bytes/img    vs uint32     vs ideal
 uint8_t        12 w         720         0.0%         2.1%
 uint16_t        6 w         720         0.0%         2.1%
 uint32_t        3 w         720         0.0%         2.1%
 uint64_t        2 w         960        33.3%        36.2%
 (ideal = 705 B, the information-theoretic minimum at 1 bit per pixel)

 SPEED (ns/pixel, min / median / max over 9 interleaved batches)
 word       bitwiseAnd                 countNonZero              
 uint8_t     0.1350/ 0.1350/ 0.1351  0.2686/ 0.2686/ 0.2689
 uint16_t    0.1424/ 0.1424/ 0.1425  0.1486/ 0.1486/ 0.1489
 uint32_t    0.0819/ 0.0819/ 0.0820  0.0822/ 0.0822/ 0.0823
 uint64_t    0.0640/ 0.0641/ 0.0641  0.0588/ 0.0588/ 0.0588

 SPEEDUP vs uint32_t (>1.00 = faster than the current default; the rule reads uint64_t's row)
 word         bitwiseAnd countNonZero   AND spread   cnz spread
 uint8_t          0.607x       0.306x         0.1%         0.1%
 uint16_t         0.575x       0.553x         0.1%         0.2%
 uint32_t         1.000x       1.000x         0.0%         0.1%
 uint64_t         1.279x       1.398x         0.2%         0.1%

 sanity: bitwiseAnd (uint32_t) moves 2160 B per call in 462 ns = 4.67 GB/s
 resident during its batch 6.3 KiB (9 images) -- inside the reference device's 32 KiB L1D;
 all four widths interleaved: 27.4 KiB, inside the 1 MiB L2

sink: 9638660213791595138 (printed so nothing above can be optimized away)
### run 7
=== default word width ===
target: aarch64 -- AUTHORITATIVE for the speed half
sizeof(void*) = 8; a 32-bit host would synthesise every uint64_t operation and answer a different question.
The decision rule is in this file's header, written before measuring.

=== FOOTPRINT LADDER -- exact, architecture-independent ===
 Bytes for one plane at word granularity. The last column is what  warns about:
 uint64_t's penalty against the current default, worst at the upper levels LK touches every frame.

 size                            uint8     uint16     uint32     uint64     u64 vs u32
 640x480 (L0, frame)             38400      38400      38400      38400           0.0%
 320x240 (L1)                     9600       9600       9600       9600           0.0%
 160x120 (L2)                     2400       2400       2400       2880          20.0%
 752x480 (L0, wide frame)        45120      45120      46080      46080           0.0%
 188x120 (L2 of 752)              2880       2880       2880       2880           0.0%
 94x60 (L3 of 752)                 720        720        720        960          33.3%
 47x30 (L4 of 752)                 180        180        240        240           0.0%

=== 640x480 frame, word granularity ( default alignment) ===
 all four widths agree on countNonZero and on every AND pixel (153532 set in image 0)

 FOOTPRINT (allocated bytes per image, padding included)
 word         stride   bytes/img    vs uint32     vs ideal
 uint8_t        80 w       38400         0.0%         0.0%
 uint16_t       40 w       38400         0.0%         0.0%
 uint32_t       20 w       38400         0.0%         0.0%
 uint64_t       10 w       38400         0.0%         0.0%
 (ideal = 38400 B, the information-theoretic minimum at 1 bit per pixel)

 SPEED (ns/pixel, min / median / max over 9 interleaved batches)
 word       bitwiseAnd                 countNonZero              
 uint8_t     0.0271/ 0.0314/ 0.0342  0.2632/ 0.2634/ 0.2639
 uint16_t    0.0232/ 0.0300/ 0.0324  0.1416/ 0.1416/ 0.1417
 uint32_t    0.0316/ 0.0334/ 0.0342  0.0631/ 0.0631/ 0.0632
 uint64_t    0.0305/ 0.0317/ 0.0338  0.0330/ 0.0330/ 0.0330

 SPEEDUP vs uint32_t (>1.00 = faster than the current default; the rule reads uint64_t's row)
 word         bitwiseAnd countNonZero   AND spread   cnz spread
 uint8_t          1.062x       0.240x        22.8%         0.3%
 uint16_t         1.113x       0.446x        30.7%         0.0%
 uint32_t         1.000x       1.000x         7.7%         0.1%
 uint64_t         1.052x       1.913x        10.4%         0.1%

 sanity: bitwiseAnd (uint32_t) moves 115200 B per call in 10256 ns = 11.23 GB/s
 resident during its batch 337.5 KiB (9 images) -- inside its 1 MiB L2, so rates above DRAM's ~4-6 GB/s are expected;
 all four widths interleaved: 1350.0 KiB, beyond the 1 MiB L2

=== 94x60 pyramid L3, word granularity ( default alignment) ===
 all four widths agree on countNonZero and on every AND pixel (2846 set in image 0)

 FOOTPRINT (allocated bytes per image, padding included)
 word         stride   bytes/img    vs uint32     vs ideal
 uint8_t        12 w         720         0.0%         2.1%
 uint16_t        6 w         720         0.0%         2.1%
 uint32_t        3 w         720         0.0%         2.1%
 uint64_t        2 w         960        33.3%        36.2%
 (ideal = 705 B, the information-theoretic minimum at 1 bit per pixel)

 SPEED (ns/pixel, min / median / max over 9 interleaved batches)
 word       bitwiseAnd                 countNonZero              
 uint8_t     0.1350/ 0.1350/ 0.1351  0.2686/ 0.2686/ 0.2687
 uint16_t    0.1424/ 0.1424/ 0.1425  0.1486/ 0.1486/ 0.1488
 uint32_t    0.0819/ 0.0819/ 0.0820  0.0822/ 0.0822/ 0.0823
 uint64_t    0.0638/ 0.0638/ 0.0638  0.0579/ 0.0580/ 0.0580

 SPEEDUP vs uint32_t (>1.00 = faster than the current default; the rule reads uint64_t's row)
 word         bitwiseAnd countNonZero   AND spread   cnz spread
 uint8_t          0.607x       0.306x         0.1%         0.1%
 uint16_t         0.575x       0.553x         0.1%         0.1%
 uint32_t         1.000x       1.000x         0.1%         0.1%
 uint64_t         1.284x       1.418x         0.1%         0.1%

 sanity: bitwiseAnd (uint32_t) moves 2160 B per call in 462 ns = 4.67 GB/s
 resident during its batch 6.3 KiB (9 images) -- inside the reference device's 32 KiB L1D;
 all four widths interleaved: 27.4 KiB, inside the 1 MiB L2

sink: 17732810164388296283 (printed so nothing above can be optimized away)
### run 8
=== default word width ===
target: aarch64 -- AUTHORITATIVE for the speed half
sizeof(void*) = 8; a 32-bit host would synthesise every uint64_t operation and answer a different question.
The decision rule is in this file's header, written before measuring.

=== FOOTPRINT LADDER -- exact, architecture-independent ===
 Bytes for one plane at word granularity. The last column is what  warns about:
 uint64_t's penalty against the current default, worst at the upper levels LK touches every frame.

 size                            uint8     uint16     uint32     uint64     u64 vs u32
 640x480 (L0, frame)             38400      38400      38400      38400           0.0%
 320x240 (L1)                     9600       9600       9600       9600           0.0%
 160x120 (L2)                     2400       2400       2400       2880          20.0%
 752x480 (L0, wide frame)        45120      45120      46080      46080           0.0%
 188x120 (L2 of 752)              2880       2880       2880       2880           0.0%
 94x60 (L3 of 752)                 720        720        720        960          33.3%
 47x30 (L4 of 752)                 180        180        240        240           0.0%

=== 640x480 frame, word granularity ( default alignment) ===
 all four widths agree on countNonZero and on every AND pixel (153532 set in image 0)

 FOOTPRINT (allocated bytes per image, padding included)
 word         stride   bytes/img    vs uint32     vs ideal
 uint8_t        80 w       38400         0.0%         0.0%
 uint16_t       40 w       38400         0.0%         0.0%
 uint32_t       20 w       38400         0.0%         0.0%
 uint64_t       10 w       38400         0.0%         0.0%
 (ideal = 38400 B, the information-theoretic minimum at 1 bit per pixel)

 SPEED (ns/pixel, min / median / max over 9 interleaved batches)
 word       bitwiseAnd                 countNonZero              
 uint8_t     0.0304/ 0.0323/ 0.0335  0.2632/ 0.2633/ 0.2635
 uint16_t    0.0219/ 0.0302/ 0.0327  0.1416/ 0.1417/ 0.1419
 uint32_t    0.0300/ 0.0319/ 0.0325  0.0631/ 0.0631/ 0.0632
 uint64_t    0.0305/ 0.0335/ 0.0339  0.0330/ 0.0330/ 0.0331

 SPEEDUP vs uint32_t (>1.00 = faster than the current default; the rule reads uint64_t's row)
 word         bitwiseAnd countNonZero   AND spread   cnz spread
 uint8_t          0.989x       0.240x         9.6%         0.1%
 uint16_t         1.055x       0.446x        35.7%         0.2%
 uint32_t         1.000x       1.000x         7.7%         0.0%
 uint64_t         0.953x       1.913x        10.0%         0.1%

 sanity: bitwiseAnd (uint32_t) moves 115200 B per call in 9805 ns = 11.75 GB/s
 resident during its batch 337.5 KiB (9 images) -- inside its 1 MiB L2, so rates above DRAM's ~4-6 GB/s are expected;
 all four widths interleaved: 1350.0 KiB, beyond the 1 MiB L2

=== 94x60 pyramid L3, word granularity ( default alignment) ===
 all four widths agree on countNonZero and on every AND pixel (2846 set in image 0)

 FOOTPRINT (allocated bytes per image, padding included)
 word         stride   bytes/img    vs uint32     vs ideal
 uint8_t        12 w         720         0.0%         2.1%
 uint16_t        6 w         720         0.0%         2.1%
 uint32_t        3 w         720         0.0%         2.1%
 uint64_t        2 w         960        33.3%        36.2%
 (ideal = 705 B, the information-theoretic minimum at 1 bit per pixel)

 SPEED (ns/pixel, min / median / max over 9 interleaved batches)
 word       bitwiseAnd                 countNonZero              
 uint8_t     0.1362/ 0.1363/ 0.1363  0.2686/ 0.2687/ 0.2691
 uint16_t    0.1413/ 0.1413/ 0.1413  0.1486/ 0.1486/ 0.1486
 uint32_t    0.0819/ 0.0820/ 0.0820  0.0822/ 0.0822/ 0.0823
 uint64_t    0.0638/ 0.0638/ 0.0638  0.0579/ 0.0579/ 0.0580

 SPEEDUP vs uint32_t (>1.00 = faster than the current default; the rule reads uint64_t's row)
 word         bitwiseAnd countNonZero   AND spread   cnz spread
 uint8_t          0.602x       0.306x         0.1%         0.2%
 uint16_t         0.580x       0.553x         0.0%         0.0%
 uint32_t         1.000x       1.000x         0.1%         0.1%
 uint64_t         1.285x       1.419x         0.1%         0.2%

 sanity: bitwiseAnd (uint32_t) moves 2160 B per call in 462 ns = 4.67 GB/s
 resident during its batch 6.3 KiB (9 images) -- inside the reference device's 32 KiB L1D;
 all four widths interleaved: 27.4 KiB, inside the 1 MiB L2

sink: 14970291438889147125 (printed so nothing above can be optimized away)
### run 9
=== default word width ===
target: aarch64 -- AUTHORITATIVE for the speed half
sizeof(void*) = 8; a 32-bit host would synthesise every uint64_t operation and answer a different question.
The decision rule is in this file's header, written before measuring.

=== FOOTPRINT LADDER -- exact, architecture-independent ===
 Bytes for one plane at word granularity. The last column is what  warns about:
 uint64_t's penalty against the current default, worst at the upper levels LK touches every frame.

 size                            uint8     uint16     uint32     uint64     u64 vs u32
 640x480 (L0, frame)             38400      38400      38400      38400           0.0%
 320x240 (L1)                     9600       9600       9600       9600           0.0%
 160x120 (L2)                     2400       2400       2400       2880          20.0%
 752x480 (L0, wide frame)        45120      45120      46080      46080           0.0%
 188x120 (L2 of 752)              2880       2880       2880       2880           0.0%
 94x60 (L3 of 752)                 720        720        720        960          33.3%
 47x30 (L4 of 752)                 180        180        240        240           0.0%

=== 640x480 frame, word granularity ( default alignment) ===
 all four widths agree on countNonZero and on every AND pixel (153532 set in image 0)

 FOOTPRINT (allocated bytes per image, padding included)
 word         stride   bytes/img    vs uint32     vs ideal
 uint8_t        80 w       38400         0.0%         0.0%
 uint16_t       40 w       38400         0.0%         0.0%
 uint32_t       20 w       38400         0.0%         0.0%
 uint64_t       10 w       38400         0.0%         0.0%
 (ideal = 38400 B, the information-theoretic minimum at 1 bit per pixel)

 SPEED (ns/pixel, min / median / max over 9 interleaved batches)
 word       bitwiseAnd                 countNonZero              
 uint8_t     0.0293/ 0.0321/ 0.0347  0.2632/ 0.2632/ 0.2634
 uint16_t    0.0288/ 0.0314/ 0.0335  0.1416/ 0.1416/ 0.1420
 uint32_t    0.0267/ 0.0312/ 0.0340  0.0631/ 0.0632/ 0.0632
 uint64_t    0.0295/ 0.0322/ 0.0338  0.0330/ 0.0330/ 0.0332

 SPEEDUP vs uint32_t (>1.00 = faster than the current default; the rule reads uint64_t's row)
 word         bitwiseAnd countNonZero   AND spread   cnz spread
 uint8_t          0.972x       0.240x        16.9%         0.1%
 uint16_t         0.995x       0.446x        14.9%         0.3%
 uint32_t         1.000x       1.000x        23.4%         0.1%
 uint64_t         0.968x       1.913x        13.4%         0.7%

 sanity: bitwiseAnd (uint32_t) moves 115200 B per call in 9587 ns = 12.02 GB/s
 resident during its batch 337.5 KiB (9 images) -- inside its 1 MiB L2, so rates above DRAM's ~4-6 GB/s are expected;
 all four widths interleaved: 1350.0 KiB, beyond the 1 MiB L2

=== 94x60 pyramid L3, word granularity ( default alignment) ===
 all four widths agree on countNonZero and on every AND pixel (2846 set in image 0)

 FOOTPRINT (allocated bytes per image, padding included)
 word         stride   bytes/img    vs uint32     vs ideal
 uint8_t        12 w         720         0.0%         2.1%
 uint16_t        6 w         720         0.0%         2.1%
 uint32_t        3 w         720         0.0%         2.1%
 uint64_t        2 w         960        33.3%        36.2%
 (ideal = 705 B, the information-theoretic minimum at 1 bit per pixel)

 SPEED (ns/pixel, min / median / max over 9 interleaved batches)
 word       bitwiseAnd                 countNonZero              
 uint8_t     0.1350/ 0.1350/ 0.1350  0.2686/ 0.2686/ 0.2686
 uint16_t    0.1425/ 0.1425/ 0.1428  0.1486/ 0.1486/ 0.1487
 uint32_t    0.0839/ 0.0841/ 0.0842  0.0822/ 0.0822/ 0.0823
 uint64_t    0.0638/ 0.0638/ 0.0638  0.0579/ 0.0580/ 0.0581

 SPEEDUP vs uint32_t (>1.00 = faster than the current default; the rule reads uint64_t's row)
 word         bitwiseAnd countNonZero   AND spread   cnz spread
 uint8_t          0.623x       0.306x         0.1%         0.0%
 uint16_t         0.590x       0.553x         0.2%         0.1%
 uint32_t         1.000x       1.000x         0.3%         0.1%
 uint64_t         1.318x       1.419x         0.1%         0.3%

 sanity: bitwiseAnd (uint32_t) moves 2160 B per call in 474 ns = 4.56 GB/s
 resident during its batch 6.3 KiB (9 images) -- inside the reference device's 32 KiB L1D;
 all four widths interleaved: 27.4 KiB, inside the 1 MiB L2

sink: 8677059509502332002 (printed so nothing above can be optimized away)
### run 10
=== default word width ===
target: aarch64 -- AUTHORITATIVE for the speed half
sizeof(void*) = 8; a 32-bit host would synthesise every uint64_t operation and answer a different question.
The decision rule is in this file's header, written before measuring.

=== FOOTPRINT LADDER -- exact, architecture-independent ===
 Bytes for one plane at word granularity. The last column is what  warns about:
 uint64_t's penalty against the current default, worst at the upper levels LK touches every frame.

 size                            uint8     uint16     uint32     uint64     u64 vs u32
 640x480 (L0, frame)             38400      38400      38400      38400           0.0%
 320x240 (L1)                     9600       9600       9600       9600           0.0%
 160x120 (L2)                     2400       2400       2400       2880          20.0%
 752x480 (L0, wide frame)        45120      45120      46080      46080           0.0%
 188x120 (L2 of 752)              2880       2880       2880       2880           0.0%
 94x60 (L3 of 752)                 720        720        720        960          33.3%
 47x30 (L4 of 752)                 180        180        240        240           0.0%

=== 640x480 frame, word granularity ( default alignment) ===
 all four widths agree on countNonZero and on every AND pixel (153532 set in image 0)

 FOOTPRINT (allocated bytes per image, padding included)
 word         stride   bytes/img    vs uint32     vs ideal
 uint8_t        80 w       38400         0.0%         0.0%
 uint16_t       40 w       38400         0.0%         0.0%
 uint32_t       20 w       38400         0.0%         0.0%
 uint64_t       10 w       38400         0.0%         0.0%
 (ideal = 38400 B, the information-theoretic minimum at 1 bit per pixel)

 SPEED (ns/pixel, min / median / max over 9 interleaved batches)
 word       bitwiseAnd                 countNonZero              
 uint8_t     0.0311/ 0.0327/ 0.0340  0.2632/ 0.2632/ 0.2634
 uint16_t    0.0258/ 0.0317/ 0.0337  0.1416/ 0.1416/ 0.1419
 uint32_t    0.0287/ 0.0316/ 0.0341  0.0632/ 0.0632/ 0.0633
 uint64_t    0.0311/ 0.0327/ 0.0342  0.0330/ 0.0330/ 0.0330

 SPEEDUP vs uint32_t (>1.00 = faster than the current default; the rule reads uint64_t's row)
 word         bitwiseAnd countNonZero   AND spread   cnz spread
 uint8_t          0.964x       0.240x         8.9%         0.1%
 uint16_t         0.995x       0.446x        25.0%         0.2%
 uint32_t         1.000x       1.000x        16.9%         0.2%
 uint64_t         0.966x       1.917x         9.7%         0.2%

 sanity: bitwiseAnd (uint32_t) moves 115200 B per call in 9694 ns = 11.88 GB/s
 resident during its batch 337.5 KiB (9 images) -- inside its 1 MiB L2, so rates above DRAM's ~4-6 GB/s are expected;
 all four widths interleaved: 1350.0 KiB, beyond the 1 MiB L2

=== 94x60 pyramid L3, word granularity ( default alignment) ===
 all four widths agree on countNonZero and on every AND pixel (2846 set in image 0)

 FOOTPRINT (allocated bytes per image, padding included)
 word         stride   bytes/img    vs uint32     vs ideal
 uint8_t        12 w         720         0.0%         2.1%
 uint16_t        6 w         720         0.0%         2.1%
 uint32_t        3 w         720         0.0%         2.1%
 uint64_t        2 w         960        33.3%        36.2%
 (ideal = 705 B, the information-theoretic minimum at 1 bit per pixel)

 SPEED (ns/pixel, min / median / max over 9 interleaved batches)
 word       bitwiseAnd                 countNonZero              
 uint8_t     0.1350/ 0.1350/ 0.1352  0.2686/ 0.2686/ 0.2690
 uint16_t    0.1416/ 0.1416/ 0.1418  0.1486/ 0.1486/ 0.1487
 uint32_t    0.0819/ 0.0819/ 0.0820  0.0821/ 0.0822/ 0.0823
 uint64_t    0.0638/ 0.0638/ 0.0638  0.0579/ 0.0579/ 0.0580

 SPEEDUP vs uint32_t (>1.00 = faster than the current default; the rule reads uint64_t's row)
 word         bitwiseAnd countNonZero   AND spread   cnz spread
 uint8_t          0.607x       0.306x         0.1%         0.2%
 uint16_t         0.578x       0.553x         0.1%         0.1%
 uint32_t         1.000x       1.000x         0.1%         0.2%
 uint64_t         1.284x       1.420x         0.1%         0.1%

 sanity: bitwiseAnd (uint32_t) moves 2160 B per call in 462 ns = 4.67 GB/s
 resident during its batch 6.3 KiB (9 images) -- inside the reference device's 32 KiB L1D;
 all four widths interleaved: 27.4 KiB, inside the 1 MiB L2

sink: 2508163125831591117 (printed so nothing above can be optimized away)

# loadavg at end: 1.04 1.03 0.95 2/308 916833
# throttled after: throttled=0x80000
# temp after: temp=63.7'C
# date:     2026-09-21T16:56:01-07:00
# done
