# launch sweep -- 10 separate processes of one benchmark
# benchmark: ./build-pi/benchmark/wordtype_narrow 
# launches: 10
# arch:     aarch64
# host:     Raspberry Pi 4 Model B Rev 1.5
# kernel:   6.18.34+rpt-rpi-v8
# compiler: g++ (Debian 14.2.0-19) 14.2.0
# commit:   80ff0a8
# sources:  benchmark/wordtype_narrow.cpp=79badd71bcb9 include/bincv/binMat.hpp=90b29c8f718a include/bincv/core/error.hpp=43506907e810 include/bincv/core/simd.hpp=19736b8d5614 include/bincv/core/storage.hpp=74525f70a0a6 include/bincv/core/types.hpp=97966010c55c include/bincv/core/view.hpp=342aae906df4 include/bincv/impl/binMat_impl.hpp=f25f40f9b1d4 include/bincv/impl/kernel_util.hpp=66921f7f7ffe include/bincv/ops/edge.hpp=9acb1064ba95 include/bincv/quantMat.hpp=9571cce97de6
# governor: performance
# throttled before: throttled=0x80000
# temp before: temp=62.8'C
# pinning:  taskset -c 3
# sleep between launches: 0s
# date:     2026-09-21T16:53:29-07:00
# loadavg at start: 1.00 1.02 0.92 1/308 916181
# NO launch is discarded -- a cold start is part of what varies between
# launches, and trimming it would trim the tail this sweep measures.

### run 1
=== native 64-bit kernels, or narrowing? ===
640x480, 15 interleaved rounds, minimum reported
binCV SIMD: NEON=yes AVX2=n/a popcount=hardware (fast paths active)

edgeThreshold, 8-bit in, 1-bit out
 (A) native uint32 buffer    257314 ns 1.00x
 (B) uint64 buffer, scalar fallback   2164487 ns  0.12x
 (C) uint64 buffer, narrowed view    257443 ns  1.00x

 (A) vs (C), pixel by pixel: 0 of 307200 differ

 memory (row-stride rounding, the reason chose 32):
 level 0       640x480  uint32   38400 B uint64   38400 B +0.0%
 level 1       320x240  uint32    9600 B uint64    9600 B +0.0%
 level 2       160x120  uint32    2400 B uint64    2880 B +20.0%
 level 3        80x60   uint32     720 B uint64     960 B +33.3%
 the case       94x60   uint32     720 B uint64     960 B +33.3%

If (C) reaches (A), a native 64-bit kernel can at best MATCH it --
same kernel, same bytes -- so there is nothing left for it to win, and
the answer is guidance rather than a second implementation of every
gated kernel.
### run 2
=== native 64-bit kernels, or narrowing? ===
640x480, 15 interleaved rounds, minimum reported
binCV SIMD: NEON=yes AVX2=n/a popcount=hardware (fast paths active)

edgeThreshold, 8-bit in, 1-bit out
 (A) native uint32 buffer    257424 ns 1.00x
 (B) uint64 buffer, scalar fallback   2162617 ns  0.12x
 (C) uint64 buffer, narrowed view    257535 ns  1.00x

 (A) vs (C), pixel by pixel: 0 of 307200 differ

 memory (row-stride rounding, the reason chose 32):
 level 0       640x480  uint32   38400 B uint64   38400 B +0.0%
 level 1       320x240  uint32    9600 B uint64    9600 B +0.0%
 level 2       160x120  uint32    2400 B uint64    2880 B +20.0%
 level 3        80x60   uint32     720 B uint64     960 B +33.3%
 the case       94x60   uint32     720 B uint64     960 B +33.3%

If (C) reaches (A), a native 64-bit kernel can at best MATCH it --
same kernel, same bytes -- so there is nothing left for it to win, and
the answer is guidance rather than a second implementation of every
gated kernel.
### run 3
=== native 64-bit kernels, or narrowing? ===
640x480, 15 interleaved rounds, minimum reported
binCV SIMD: NEON=yes AVX2=n/a popcount=hardware (fast paths active)

edgeThreshold, 8-bit in, 1-bit out
 (A) native uint32 buffer    257498 ns 1.00x
 (B) uint64 buffer, scalar fallback   2163488 ns  0.12x
 (C) uint64 buffer, narrowed view    257498 ns  1.00x

 (A) vs (C), pixel by pixel: 0 of 307200 differ

 memory (row-stride rounding, the reason chose 32):
 level 0       640x480  uint32   38400 B uint64   38400 B +0.0%
 level 1       320x240  uint32    9600 B uint64    9600 B +0.0%
 level 2       160x120  uint32    2400 B uint64    2880 B +20.0%
 level 3        80x60   uint32     720 B uint64     960 B +33.3%
 the case       94x60   uint32     720 B uint64     960 B +33.3%

If (C) reaches (A), a native 64-bit kernel can at best MATCH it --
same kernel, same bytes -- so there is nothing left for it to win, and
the answer is guidance rather than a second implementation of every
gated kernel.
### run 4
=== native 64-bit kernels, or narrowing? ===
640x480, 15 interleaved rounds, minimum reported
binCV SIMD: NEON=yes AVX2=n/a popcount=hardware (fast paths active)

edgeThreshold, 8-bit in, 1-bit out
 (A) native uint32 buffer    257332 ns 1.00x
 (B) uint64 buffer, scalar fallback   2163394 ns  0.12x
 (C) uint64 buffer, narrowed view    257462 ns  1.00x

 (A) vs (C), pixel by pixel: 0 of 307200 differ

 memory (row-stride rounding, the reason chose 32):
 level 0       640x480  uint32   38400 B uint64   38400 B +0.0%
 level 1       320x240  uint32    9600 B uint64    9600 B +0.0%
 level 2       160x120  uint32    2400 B uint64    2880 B +20.0%
 level 3        80x60   uint32     720 B uint64     960 B +33.3%
 the case       94x60   uint32     720 B uint64     960 B +33.3%

If (C) reaches (A), a native 64-bit kernel can at best MATCH it --
same kernel, same bytes -- so there is nothing left for it to win, and
the answer is guidance rather than a second implementation of every
gated kernel.
### run 5
=== native 64-bit kernels, or narrowing? ===
640x480, 15 interleaved rounds, minimum reported
binCV SIMD: NEON=yes AVX2=n/a popcount=hardware (fast paths active)

edgeThreshold, 8-bit in, 1-bit out
 (A) native uint32 buffer    257294 ns 1.00x
 (B) uint64 buffer, scalar fallback   2163858 ns  0.12x
 (C) uint64 buffer, narrowed view    257461 ns  1.00x

 (A) vs (C), pixel by pixel: 0 of 307200 differ

 memory (row-stride rounding, the reason chose 32):
 level 0       640x480  uint32   38400 B uint64   38400 B +0.0%
 level 1       320x240  uint32    9600 B uint64    9600 B +0.0%
 level 2       160x120  uint32    2400 B uint64    2880 B +20.0%
 level 3        80x60   uint32     720 B uint64     960 B +33.3%
 the case       94x60   uint32     720 B uint64     960 B +33.3%

If (C) reaches (A), a native 64-bit kernel can at best MATCH it --
same kernel, same bytes -- so there is nothing left for it to win, and
the answer is guidance rather than a second implementation of every
gated kernel.
### run 6
=== native 64-bit kernels, or narrowing? ===
640x480, 15 interleaved rounds, minimum reported
binCV SIMD: NEON=yes AVX2=n/a popcount=hardware (fast paths active)

edgeThreshold, 8-bit in, 1-bit out
 (A) native uint32 buffer    257332 ns 1.00x
 (B) uint64 buffer, scalar fallback   2162210 ns  0.12x
 (C) uint64 buffer, narrowed view    257480 ns  1.00x

 (A) vs (C), pixel by pixel: 0 of 307200 differ

 memory (row-stride rounding, the reason chose 32):
 level 0       640x480  uint32   38400 B uint64   38400 B +0.0%
 level 1       320x240  uint32    9600 B uint64    9600 B +0.0%
 level 2       160x120  uint32    2400 B uint64    2880 B +20.0%
 level 3        80x60   uint32     720 B uint64     960 B +33.3%
 the case       94x60   uint32     720 B uint64     960 B +33.3%

If (C) reaches (A), a native 64-bit kernel can at best MATCH it --
same kernel, same bytes -- so there is nothing left for it to win, and
the answer is guidance rather than a second implementation of every
gated kernel.
### run 7
=== native 64-bit kernels, or narrowing? ===
640x480, 15 interleaved rounds, minimum reported
binCV SIMD: NEON=yes AVX2=n/a popcount=hardware (fast paths active)

edgeThreshold, 8-bit in, 1-bit out
 (A) native uint32 buffer    257388 ns 1.00x
 (B) uint64 buffer, scalar fallback   2162969 ns  0.12x
 (C) uint64 buffer, narrowed view    257517 ns  1.00x

 (A) vs (C), pixel by pixel: 0 of 307200 differ

 memory (row-stride rounding, the reason chose 32):
 level 0       640x480  uint32   38400 B uint64   38400 B +0.0%
 level 1       320x240  uint32    9600 B uint64    9600 B +0.0%
 level 2       160x120  uint32    2400 B uint64    2880 B +20.0%
 level 3        80x60   uint32     720 B uint64     960 B +33.3%
 the case       94x60   uint32     720 B uint64     960 B +33.3%

If (C) reaches (A), a native 64-bit kernel can at best MATCH it --
same kernel, same bytes -- so there is nothing left for it to win, and
the answer is guidance rather than a second implementation of every
gated kernel.
### run 8
=== native 64-bit kernels, or narrowing? ===
640x480, 15 interleaved rounds, minimum reported
binCV SIMD: NEON=yes AVX2=n/a popcount=hardware (fast paths active)

edgeThreshold, 8-bit in, 1-bit out
 (A) native uint32 buffer    257387 ns 1.00x
 (B) uint64 buffer, scalar fallback   2163858 ns  0.12x
 (C) uint64 buffer, narrowed view    257517 ns  1.00x

 (A) vs (C), pixel by pixel: 0 of 307200 differ

 memory (row-stride rounding, the reason chose 32):
 level 0       640x480  uint32   38400 B uint64   38400 B +0.0%
 level 1       320x240  uint32    9600 B uint64    9600 B +0.0%
 level 2       160x120  uint32    2400 B uint64    2880 B +20.0%
 level 3        80x60   uint32     720 B uint64     960 B +33.3%
 the case       94x60   uint32     720 B uint64     960 B +33.3%

If (C) reaches (A), a native 64-bit kernel can at best MATCH it --
same kernel, same bytes -- so there is nothing left for it to win, and
the answer is guidance rather than a second implementation of every
gated kernel.
### run 9
=== native 64-bit kernels, or narrowing? ===
640x480, 15 interleaved rounds, minimum reported
binCV SIMD: NEON=yes AVX2=n/a popcount=hardware (fast paths active)

edgeThreshold, 8-bit in, 1-bit out
 (A) native uint32 buffer    257368 ns 1.00x
 (B) uint64 buffer, scalar fallback   2164062 ns  0.12x
 (C) uint64 buffer, narrowed view    257480 ns  1.00x

 (A) vs (C), pixel by pixel: 0 of 307200 differ

 memory (row-stride rounding, the reason chose 32):
 level 0       640x480  uint32   38400 B uint64   38400 B +0.0%
 level 1       320x240  uint32    9600 B uint64    9600 B +0.0%
 level 2       160x120  uint32    2400 B uint64    2880 B +20.0%
 level 3        80x60   uint32     720 B uint64     960 B +33.3%
 the case       94x60   uint32     720 B uint64     960 B +33.3%

If (C) reaches (A), a native 64-bit kernel can at best MATCH it --
same kernel, same bytes -- so there is nothing left for it to win, and
the answer is guidance rather than a second implementation of every
gated kernel.
### run 10
=== native 64-bit kernels, or narrowing? ===
640x480, 15 interleaved rounds, minimum reported
binCV SIMD: NEON=yes AVX2=n/a popcount=hardware (fast paths active)

edgeThreshold, 8-bit in, 1-bit out
 (A) native uint32 buffer    257313 ns 1.00x
 (B) uint64 buffer, scalar fallback   2163673 ns  0.12x
 (C) uint64 buffer, narrowed view    257517 ns  1.00x

 (A) vs (C), pixel by pixel: 0 of 307200 differ

 memory (row-stride rounding, the reason chose 32):
 level 0       640x480  uint32   38400 B uint64   38400 B +0.0%
 level 1       320x240  uint32    9600 B uint64    9600 B +0.0%
 level 2       160x120  uint32    2400 B uint64    2880 B +20.0%
 level 3        80x60   uint32     720 B uint64     960 B +33.3%
 the case       94x60   uint32     720 B uint64     960 B +33.3%

If (C) reaches (A), a native 64-bit kernel can at best MATCH it --
same kernel, same bytes -- so there is nothing left for it to win, and
the answer is guidance rather than a second implementation of every
gated kernel.

# loadavg at end: 1.00 1.02 0.92 1/308 916193
# throttled after: throttled=0x80000
# temp after: temp=62.3'C
# date:     2026-09-21T16:53:30-07:00
# done

# ---- aggregate (scripts/aggregate_launches.py ) ----
# 10 launches parsed from 1 path(s); bootstrap 10000 resamples, seed 12345
# 
# row                                       n     median        min        max    r2r  scatter  within     ci95 of the median     +/-   minres
# i1 / (A) native uint32 buffer            10   257350.0   257294.0   257498.0  1.001     0.1%      --  [257314.0, 257405.5]   0.02%   1.000x
# i1 / (B) uint64 buffer, scalar fallback  10  2163580.5  2162210.0  2164487.0  1.001     0.1%      --  [2162969.0, 2163960.0]   0.02%   1.000x
# i1 / (C) uint64 buffer, narrowed view    10   257489.0   257443.0   257535.0  1.000     0.0%      --  [257462.0, 257517.0]   0.01%   1.000x
# 
#   median   median of the per-launch medians -- the value to quote.
#   r2r      run-to-run scatter as a factor, max/min of those medians.
#   scatter  (max-min)/median ACROSS launches: Timing::spreadPct()'s own
#            arithmetic, so it reads directly against the next column.
#   within   median of the per-launch spread column -- what one launch
#            reports about itself, and all it can report.
#   minres   smallest difference these launches resolve on this row,
#            max(hi/median, median/lo). Derived from the row's scatter;
#            whether it is small ENOUGH is a per-case call, so state the
#            difference with --resolve rather than reading a bar into it.
# 
#   tables in a launch, in order:
#     i1       edgeThreshold, 8-bit in, 1-bit out
