-- The CXX compiler identification is GNU 11.4.0
-- Detecting CXX compiler ABI info
-- Detecting CXX compiler ABI info - done
-- Check for working CXX compiler: /usr/bin/c++ - skipped
-- Detecting CXX compile features
-- Detecting CXX compile features - done
-- Performing Test HAVE_MPOPCNT
-- Performing Test HAVE_MPOPCNT - Success
-- Performing Test HAVE_AVX512
-- Performing Test HAVE_AVX512 - Success
-- Performing Test HAVE_AVX2
-- Performing Test HAVE_AVX2 - Success
-- Performing Test BINCV_EXCEPTIONS_AVAILABLE
-- Performing Test BINCV_EXCEPTIONS_AVAILABLE - Success
-- Found Threads: TRUE
-- Benchmarks: skipping 22 OpenCV-comparison benchmark(s); the binCV-versus-binCV experiment benchmarks still build
-- Examples: skipping; they need OpenCV for the sensor stage
-- 
-- ========== binCV Configuration ==========
-- Platform:   x86_64
-- Build type: Debug
-- SIMD:       AVX-512 (compiler-capable)
-- Warnings:   -Wall -Wextra -Wpedantic -Wshadow -Wconversion -Wsign-conversion
--             -Werror ON (gate build)
--             wired into 53 first-party target(s), all verified
-- Tests:      Google Test
-- OpenCV:     NO - core-only mode (embedded)
--             OpenCV-comparison benchmarks skipped; the E-1/E-2/E-3
--             experiment benchmarks build (binCV vs binCV, no OpenCV)
-- x86 POPCNT: ON (-mpopcnt)
-- =========================================
-- 
-- Configuring done (1.1s)
-- Generating done (0.1s)
-- Build files have been written to: /home/ryanhou28/bincv/bincv-cpp/build-debug
