[  1%] Building CXX object tests/CMakeFiles/test_storage.dir/test_storage.cpp.o
[  3%] Building CXX object tests/CMakeFiles/test_error.dir/test_error.cpp.o
[  3%] Building CXX object tests/CMakeFiles/test_parallel.dir/test_parallel.cpp.o
[  4%] Building CXX object tests/CMakeFiles/test_error_checked.dir/test_error_checked.cpp.o
[  5%] Building CXX object tests/CMakeFiles/test_quantMat.dir/test_quantMat.cpp.o
[  7%] Building CXX object tests/CMakeFiles/test_binMat.dir/test_binMat.cpp.o
[  7%] Building CXX object tests/CMakeFiles/test_logic.dir/test_logic.cpp.o
[  8%] Building CXX object tests/CMakeFiles/test_reduce.dir/test_reduce.cpp.o
[  9%] Building CXX object tests/CMakeFiles/test_shift.dir/test_shift.cpp.o
[ 10%] Building CXX object tests/CMakeFiles/test_bitslice.dir/test_bitslice.cpp.o
[ 11%] Building CXX object tests/CMakeFiles/test_denoise.dir/test_denoise.cpp.o
[ 12%] Building CXX object tests/CMakeFiles/test_threshold.dir/test_threshold.cpp.o
[ 13%] Linking CXX executable test_error_checked
[ 13%] Linking CXX executable test_error
[ 13%] Built target test_error
[ 13%] Built target test_error_checked
[ 14%] Building CXX object tests/CMakeFiles/test_morphology.dir/test_morphology.cpp.o
[ 15%] Building CXX object tests/CMakeFiles/test_resample.dir/test_resample.cpp.o
[ 16%] Linking CXX executable test_storage
[ 16%] Built target test_storage
[ 17%] Building CXX object tests/CMakeFiles/test_pyramid.dir/test_pyramid.cpp.o
[ 18%] Linking CXX executable test_bitslice
[ 19%] Linking CXX executable test_logic
[ 19%] Built target test_bitslice
[ 20%] Building CXX object tests/CMakeFiles/test_derivative.dir/test_derivative.cpp.o
[ 20%] Built target test_logic
[ 21%] Building CXX object tests/CMakeFiles/test_covariance.dir/test_covariance.cpp.o
[ 22%] Linking CXX executable test_parallel
[ 23%] Linking CXX executable test_quantMat
[ 23%] Linking CXX executable test_binMat
[ 24%] Linking CXX executable test_threshold
[ 25%] Linking CXX executable test_denoise
[ 26%] Linking CXX executable test_shift
[ 26%] Built target test_quantMat
[ 26%] Built target test_parallel
[ 27%] Building CXX object tests/CMakeFiles/test_corner.dir/test_corner.cpp.o
[ 28%] Building CXX object tests/CMakeFiles/test_opticalflow.dir/test_opticalflow.cpp.o
[ 29%] Linking CXX executable test_reduce
[ 29%] Built target test_denoise
[ 30%] Building CXX object tests/CMakeFiles/test_pack.dir/test_pack.cpp.o
[ 30%] Built target test_binMat
[ 31%] Building CXX object tests/CMakeFiles/test_edge.dir/test_edge.cpp.o
[ 31%] Built target test_threshold
[ 32%] Building CXX object tests/CMakeFiles/test_median_wide.dir/test_median_wide.cpp.o
[ 32%] Built target test_shift
[ 33%] Building CXX object tests/CMakeFiles/test_descriptor.dir/test_descriptor.cpp.o
[ 33%] Built target test_reduce
[ 34%] Building CXX object tests/CMakeFiles/test_fast.dir/test_fast.cpp.o
[ 35%] Linking CXX executable test_resample
[ 35%] Built target test_resample
[ 36%] Building CXX object tests/CMakeFiles/test_subpix.dir/test_subpix.cpp.o
[ 37%] Linking CXX executable test_morphology
[ 38%] Linking CXX executable test_median_wide
[ 39%] Linking CXX executable test_edge
[ 39%] Built target test_morphology
[ 40%] Building CXX object tests/CMakeFiles/test_view_narrow.dir/test_view_narrow.cpp.o
[ 40%] Built target test_median_wide
[ 40%] Building CXX object tests/CMakeFiles/test_occupancy.dir/test_occupancy.cpp.o
[ 40%] Built target test_edge
[ 40%] Building CXX object tests/CMakeFiles/test_simd.dir/test_simd.cpp.o
[ 41%] Linking CXX executable test_descriptor
[ 42%] Linking CXX executable test_fast
[ 42%] Built target test_descriptor
[ 43%] Building CXX object tests/CMakeFiles/test_harness.dir/test_harness.cpp.o
[ 43%] Built target test_fast
[ 44%] Building CXX object tests/CMakeFiles/test_harness_failing.dir/test_harness.cpp.o
[ 45%] Linking CXX executable test_pack
[ 46%] Linking CXX executable test_derivative
[ 46%] Built target test_pack
[ 47%] Building CXX object tests/CMakeFiles/test_error_abort.dir/test_error_abort.cpp.o
[ 47%] Built target test_derivative
[ 48%] Building CXX object tests/CMakeFiles/test_assert_abort.dir/test_assert_abort.cpp.o
[ 50%] Linking CXX executable test_simd
[ 50%] Built target test_simd
[ 50%] Building CXX object benchmark/CMakeFiles/alignment_benchmark.dir/alignment_benchmark.cpp.o
[ 51%] Linking CXX executable test_subpix
[ 52%] Linking CXX executable test_error_abort
[ 53%] Linking CXX executable test_occupancy
[ 53%] Built target test_subpix
[ 54%] Building CXX object benchmark/CMakeFiles/blockmatch_benchmark.dir/blockmatch_benchmark.cpp.o
[ 54%] Built target test_error_abort
[ 55%] Building CXX object benchmark/CMakeFiles/corner_benchmark.dir/corner_benchmark.cpp.o
[ 56%] Linking CXX executable test_view_narrow
[ 57%] Linking CXX executable test_corner
[ 58%] Linking CXX executable test_harness
[ 58%] Built target test_occupancy
[ 59%] Building CXX object benchmark/CMakeFiles/covariance_benchmark.dir/covariance_benchmark.cpp.o
[ 60%] Linking CXX executable test_assert_abort
[ 61%] Linking CXX executable test_harness_failing
[ 61%] Built target test_view_narrow
[ 62%] Building CXX object benchmark/CMakeFiles/covariance_nbit_benchmark.dir/covariance_nbit_benchmark.cpp.o
[ 62%] Built target test_corner
[ 62%] Built target test_harness
[ 63%] Building CXX object benchmark/CMakeFiles/decimate_benchmark.dir/decimate_benchmark.cpp.o
[ 64%] Building CXX object benchmark/CMakeFiles/frontend_profile.dir/frontend_profile.cpp.o
[ 64%] Built target test_assert_abort
[ 65%] Building CXX object benchmark/CMakeFiles/lk_initial_flow.dir/lk_initial_flow.cpp.o
[ 65%] Built target test_harness_failing
[ 66%] Building CXX object benchmark/CMakeFiles/lk_memorybound.dir/lk_memorybound.cpp.o
[ 67%] Linking CXX executable alignment_benchmark
[ 67%] Built target alignment_benchmark
[ 68%] Building CXX object benchmark/CMakeFiles/morphology_path_benchmark.dir/morphology_path_benchmark.cpp.o
[ 69%] Linking CXX executable test_pyramid
[ 70%] Linking CXX executable corner_benchmark
[ 70%] Built target test_pyramid
[ 71%] Building CXX object benchmark/CMakeFiles/pack_quant_benchmark.dir/pack_quant_benchmark.cpp.o
[ 72%] Linking CXX executable covariance_benchmark
[ 72%] Built target corner_benchmark
[ 73%] Building CXX object benchmark/CMakeFiles/pyramid_benchmark.dir/pyramid_benchmark.cpp.o
[ 74%] Linking CXX executable blockmatch_benchmark
[ 74%] Linking CXX executable lk_memorybound
[ 74%] Built target lk_memorybound
[ 74%] Built target covariance_benchmark
[ 75%] Building CXX object benchmark/CMakeFiles/pyramid_depth_benchmark.dir/pyramid_depth_benchmark.cpp.o
[ 76%] Building CXX object benchmark/CMakeFiles/reduce_target_benchmark.dir/reduce_target_benchmark.cpp.o
[ 76%] Built target blockmatch_benchmark
[ 77%] Linking CXX executable lk_initial_flow
[ 78%] Linking CXX executable test_covariance
[ 79%] Building CXX object benchmark/CMakeFiles/residual_n1.dir/residual_n1.cpp.o
[ 80%] Linking CXX executable decimate_benchmark
[ 80%] Built target lk_initial_flow
[ 81%] Building CXX object benchmark/CMakeFiles/spacing_benchmark.dir/spacing_benchmark.cpp.o
[ 81%] Built target decimate_benchmark
[ 82%] Building CXX object benchmark/CMakeFiles/untimed_ops_benchmark.dir/untimed_ops_benchmark.cpp.o
[ 82%] Built target test_covariance
[ 83%] Building CXX object benchmark/CMakeFiles/window_benchmark.dir/window_benchmark.cpp.o
[ 84%] Linking CXX executable frontend_profile
[ 85%] Linking CXX executable morphology_path_benchmark
[ 86%] Linking CXX executable pack_quant_benchmark
[ 86%] Built target frontend_profile
[ 87%] Building CXX object benchmark/CMakeFiles/wordtype_narrow.dir/wordtype_narrow.cpp.o
[ 87%] Built target morphology_path_benchmark
[ 87%] Built target pack_quant_benchmark
[ 88%] Building CXX object benchmark/CMakeFiles/wordwidth_benchmark.dir/wordwidth_benchmark.cpp.o
[ 89%] Linking CXX executable test_opticalflow
[ 90%] Linking CXX executable reduce_target_benchmark
[ 91%] Linking CXX executable covariance_nbit_benchmark
[ 91%] Built target reduce_target_benchmark
[ 92%] Linking CXX executable spacing_benchmark
[ 92%] Built target test_opticalflow
[ 92%] Built target covariance_nbit_benchmark
[ 92%] Built target spacing_benchmark
[ 93%] Linking CXX executable untimed_ops_benchmark
[ 94%] Linking CXX executable residual_n1
[ 94%] Built target untimed_ops_benchmark
[ 94%] Built target residual_n1
[ 95%] Linking CXX executable wordtype_narrow
[ 95%] Built target wordtype_narrow
[ 96%] Linking CXX executable window_benchmark
[ 96%] Built target window_benchmark
[ 97%] Linking CXX executable pyramid_benchmark
[ 98%] Linking CXX executable wordwidth_benchmark
[ 98%] Built target pyramid_benchmark
[ 98%] Built target wordwidth_benchmark
[100%] Linking CXX executable pyramid_depth_benchmark
[100%] Built target pyramid_depth_benchmark
