-- The CXX compiler identification is GNU 11.4.0
-- Detecting CXX compiler ABI info
-- Detecting CXX compiler ABI info - done
-- Check for working CXX compiler: /usr/bin/c++ - skipped
-- Detecting CXX compile features
-- Detecting CXX compile features - done
-- Performing Test HAVE_MPOPCNT
-- Performing Test HAVE_MPOPCNT - Success
-- Performing Test HAVE_AVX512
-- Performing Test HAVE_AVX512 - Success
-- Performing Test HAVE_AVX2
-- Performing Test HAVE_AVX2 - Success
-- Performing Test BINCV_EXCEPTIONS_AVAILABLE
-- Performing Test BINCV_EXCEPTIONS_AVAILABLE - Success
-- Found Threads: TRUE
-- 
-- ========== binCV Configuration ==========
-- Platform:   x86_64
-- Build type: Release
-- SIMD:       AVX-512 (compiler-capable)
-- Warnings:   -Wall -Wextra -Wpedantic -Wshadow -Wconversion -Wsign-conversion
--             -Werror ON (gate build)
--             wired into 86 first-party target(s), all verified
-- Tests:      Google Test
-- OpenCV:     YES (4.8.0) - interop enabled
-- x86 POPCNT: ON (-mpopcnt)
-- =========================================
-- 
-- Configuring done (1.0s)
-- Generating done (0.1s)
-- Build files have been written to: /home/ryanhou28/bincv/bincv-cpp/build
