-- The CXX compiler identification is GNU 11.4.0
-- Detecting CXX compiler ABI info
-- Detecting CXX compiler ABI info - done
-- Check for working CXX compiler: /usr/bin/c++ - skipped
-- Detecting CXX compile features
-- Detecting CXX compile features - done
-- Performing Test HAVE_MPOPCNT
-- Performing Test HAVE_MPOPCNT - Success
-- Performing Test HAVE_AVX512
-- Performing Test HAVE_AVX512 - Success
-- Performing Test HAVE_AVX2
-- Performing Test HAVE_AVX2 - Success
-- Examples: skipping; they need OpenCV for the sensor stage
-- 
-- ========== binCV Configuration ==========
-- Platform:   x86_64
-- Build type: Release
-- SIMD:       AVX-512 (compiler-capable)
-- Warnings:   -Wall -Wextra -Wpedantic -Wshadow -Wconversion -Wsign-conversion
--             -Werror ON (gate build)
--             wired into 1 first-party target(s), all verified
-- OpenCV:     NO - core-only mode (embedded)
-- x86 POPCNT: ON (-mpopcnt)
-- =========================================
-- 
-- Configuring done (0.7s)
-- Generating done (0.0s)
-- Build files have been written to: /home/ryanhou28/bincv/bincv-cpp/build-logs/selfcheck-werror
[ 50%] Building CXX object CMakeFiles/bincv_selftest_warning.dir/tests/selftest_warning.cpp.o
/home/ryanhou28/bincv/bincv-cpp/tests/selftest_warning.cpp: In function ‘uint8_t bincvSelftestNarrow(uint32_t)’:
/home/ryanhou28/bincv/bincv-cpp/tests/selftest_warning.cpp:27:67: error: conversion from ‘uint32_t’ {aka ‘unsigned int’} to ‘uint8_t’ {aka ‘unsigned char’} may change value [-Werror=conversion]
   27 | static std::uint8_t bincvSelftestNarrow(std::uint32_t v) { return v; }
      |                                                                   ^
/home/ryanhou28/bincv/bincv-cpp/tests/selftest_warning.cpp: In function ‘int main()’:
/home/ryanhou28/bincv/bincv-cpp/tests/selftest_warning.cpp:33:11: error: comparison of integer expressions of different signedness: ‘int’ and ‘std::size_t’ {aka ‘long unsigned int’} [-Werror=sign-compare]
   33 |     if (i < n) {                      // -Wsign-compare (-Wall/-Wextra)
      |         ~~^~~
/home/ryanhou28/bincv/bincv-cpp/tests/selftest_warning.cpp:30:9: error: unused variable ‘unusedLocal’ [-Werror=unused-variable]
   30 |     int unusedLocal = 0;              // -Wunused-variable (-Wall)
      |         ^~~~~~~~~~~
cc1plus: all warnings being treated as errors
gmake[2]: *** [CMakeFiles/bincv_selftest_warning.dir/build.make:76: CMakeFiles/bincv_selftest_warning.dir/tests/selftest_warning.cpp.o] Error 1
gmake[1]: *** [CMakeFiles/Makefile2:100: CMakeFiles/bincv_selftest_warning.dir/all] Error 2
gmake: *** [Makefile:91: all] Error 2
-- The CXX compiler identification is GNU 11.4.0
-- Detecting CXX compiler ABI info
-- Detecting CXX compiler ABI info - done
-- Check for working CXX compiler: /usr/bin/c++ - skipped
-- Detecting CXX compile features
-- Detecting CXX compile features - done
-- Performing Test HAVE_MPOPCNT
-- Performing Test HAVE_MPOPCNT - Success
-- Performing Test HAVE_AVX512
-- Performing Test HAVE_AVX512 - Success
-- Performing Test HAVE_AVX2
-- Performing Test HAVE_AVX2 - Success
-- Examples: skipping; they need OpenCV for the sensor stage
CMake Error at cmake/BincvWarnings.cmake:154 (message):
  binCV warning policy: these first-party targets do not link bincv_warnings,
  so they compile with no warning flags and neither -Werror nor a build-log
  scan can see anything they emit:

      bincv_selftest_unwired

  Add `target_link_libraries(<target> PRIVATE bincv_warnings)`, or build them
  through bincv_add_test_target() which does it for you.
Call Stack (most recent call first):
  CMakeLists.txt:164 (bincv_assert_warning_policy)


-- Configuring incomplete, errors occurred!
